Archive member included to satisfy reference by file (symbol)

/Applications/Eclipse.app/Contents/Eclipse/plugins/fr.ac6.mcu.externaltools.arm-none.macos64_1.17.0.201812190825/tools/compiler/bin/../lib/gcc/arm-none-eabi/7.3.1/../../../../arm-none-eabi/lib/thumb/v7e-m/fpv5/hard/libm.a(lib_a-s_cos.o)
                              leaf/leaf/Src/leaf-effects.o (cos)
/Applications/Eclipse.app/Contents/Eclipse/plugins/fr.ac6.mcu.externaltools.arm-none.macos64_1.17.0.201812190825/tools/compiler/bin/../lib/gcc/arm-none-eabi/7.3.1/../../../../arm-none-eabi/lib/thumb/v7e-m/fpv5/hard/libm.a(lib_a-s_tan.o)
                              leaf/leaf/Src/leaf-filters.o (tan)
/Applications/Eclipse.app/Contents/Eclipse/plugins/fr.ac6.mcu.externaltools.arm-none.macos64_1.17.0.201812190825/tools/compiler/bin/../lib/gcc/arm-none-eabi/7.3.1/../../../../arm-none-eabi/lib/thumb/v7e-m/fpv5/hard/libm.a(lib_a-sf_atan.o)
                              leaf/leaf/Src/leaf-effects.o (atanf)
/Applications/Eclipse.app/Contents/Eclipse/plugins/fr.ac6.mcu.externaltools.arm-none.macos64_1.17.0.201812190825/tools/compiler/bin/../lib/gcc/arm-none-eabi/7.3.1/../../../../arm-none-eabi/lib/thumb/v7e-m/fpv5/hard/libm.a(lib_a-sf_cos.o)
                              leaf/leaf/Src/leaf-analysis.o (cosf)
/Applications/Eclipse.app/Contents/Eclipse/plugins/fr.ac6.mcu.externaltools.arm-none.macos64_1.17.0.201812190825/tools/compiler/bin/../lib/gcc/arm-none-eabi/7.3.1/../../../../arm-none-eabi/lib/thumb/v7e-m/fpv5/hard/libm.a(lib_a-sf_exp.o)
                              leaf/leaf/Src/leaf-analysis.o (expf)
/Applications/Eclipse.app/Contents/Eclipse/plugins/fr.ac6.mcu.externaltools.arm-none.macos64_1.17.0.201812190825/tools/compiler/bin/../lib/gcc/arm-none-eabi/7.3.1/../../../../arm-none-eabi/lib/thumb/v7e-m/fpv5/hard/libm.a(lib_a-sf_exp2_data.o)
                              /Applications/Eclipse.app/Contents/Eclipse/plugins/fr.ac6.mcu.externaltools.arm-none.macos64_1.17.0.201812190825/tools/compiler/bin/../lib/gcc/arm-none-eabi/7.3.1/../../../../arm-none-eabi/lib/thumb/v7e-m/fpv5/hard/libm.a(lib_a-sf_exp.o) (__exp2f_data)
/Applications/Eclipse.app/Contents/Eclipse/plugins/fr.ac6.mcu.externaltools.arm-none.macos64_1.17.0.201812190825/tools/compiler/bin/../lib/gcc/arm-none-eabi/7.3.1/../../../../arm-none-eabi/lib/thumb/v7e-m/fpv5/hard/libm.a(lib_a-sf_fabs.o)
                              /Applications/Eclipse.app/Contents/Eclipse/plugins/fr.ac6.mcu.externaltools.arm-none.macos64_1.17.0.201812190825/tools/compiler/bin/../lib/gcc/arm-none-eabi/7.3.1/../../../../arm-none-eabi/lib/thumb/v7e-m/fpv5/hard/libm.a(lib_a-sf_atan.o) (fabsf)
/Applications/Eclipse.app/Contents/Eclipse/plugins/fr.ac6.mcu.externaltools.arm-none.macos64_1.17.0.201812190825/tools/compiler/bin/../lib/gcc/arm-none-eabi/7.3.1/../../../../arm-none-eabi/lib/thumb/v7e-m/fpv5/hard/libm.a(lib_a-sf_frexp.o)
                              leaf/leaf/Src/leaf-math.o (frexpf)
/Applications/Eclipse.app/Contents/Eclipse/plugins/fr.ac6.mcu.externaltools.arm-none.macos64_1.17.0.201812190825/tools/compiler/bin/../lib/gcc/arm-none-eabi/7.3.1/../../../../arm-none-eabi/lib/thumb/v7e-m/fpv5/hard/libm.a(lib_a-sf_log.o)
                              leaf/leaf/Src/leaf-analysis.o (logf)
/Applications/Eclipse.app/Contents/Eclipse/plugins/fr.ac6.mcu.externaltools.arm-none.macos64_1.17.0.201812190825/tools/compiler/bin/../lib/gcc/arm-none-eabi/7.3.1/../../../../arm-none-eabi/lib/thumb/v7e-m/fpv5/hard/libm.a(lib_a-sf_log2.o)
                              leaf/leaf/Src/leaf-distortion.o (log2f)
/Applications/Eclipse.app/Contents/Eclipse/plugins/fr.ac6.mcu.externaltools.arm-none.macos64_1.17.0.201812190825/tools/compiler/bin/../lib/gcc/arm-none-eabi/7.3.1/../../../../arm-none-eabi/lib/thumb/v7e-m/fpv5/hard/libm.a(lib_a-sf_log2_data.o)
                              /Applications/Eclipse.app/Contents/Eclipse/plugins/fr.ac6.mcu.externaltools.arm-none.macos64_1.17.0.201812190825/tools/compiler/bin/../lib/gcc/arm-none-eabi/7.3.1/../../../../arm-none-eabi/lib/thumb/v7e-m/fpv5/hard/libm.a(lib_a-sf_log2.o) (__log2f_data)
/Applications/Eclipse.app/Contents/Eclipse/plugins/fr.ac6.mcu.externaltools.arm-none.macos64_1.17.0.201812190825/tools/compiler/bin/../lib/gcc/arm-none-eabi/7.3.1/../../../../arm-none-eabi/lib/thumb/v7e-m/fpv5/hard/libm.a(lib_a-sf_log_data.o)
                              /Applications/Eclipse.app/Contents/Eclipse/plugins/fr.ac6.mcu.externaltools.arm-none.macos64_1.17.0.201812190825/tools/compiler/bin/../lib/gcc/arm-none-eabi/7.3.1/../../../../arm-none-eabi/lib/thumb/v7e-m/fpv5/hard/libm.a(lib_a-sf_log.o) (__logf_data)
/Applications/Eclipse.app/Contents/Eclipse/plugins/fr.ac6.mcu.externaltools.arm-none.macos64_1.17.0.201812190825/tools/compiler/bin/../lib/gcc/arm-none-eabi/7.3.1/../../../../arm-none-eabi/lib/thumb/v7e-m/fpv5/hard/libm.a(lib_a-sf_modf.o)
                              leaf/leaf/Src/leaf-oscillators.o (modff)
[...]
Memory Configuration

Name             Origin             Length             Attributes
DTCMRAM          0x0000000020000000 0x0000000000020000 xrw
RAM_D1           0x0000000024000000 0x0000000000080000 xrw
RAM_D2           0x0000000030000000 0x0000000000048000 xrw
RAM_D3           0x0000000038000000 0x0000000000010000 xrw
ITCMRAM          0x0000000000000400 0x000000000000fc00 xrw
FLASH            0x0000000008000000 0x00000000001c0000 xr
FIXED_DATA       0x00000000081e0000 0x0000000000040000 rw
SDRAM            0x0000000060000000 0x0000000002000000 xr
*default*        0x0000000000000000 0xffffffffffffffff

Linker script and memory map

LOAD /Applications/Eclipse.app/Contents/Eclipse/plugins/fr.ac6.mcu.externaltools.arm-none.macos64_1.17.0.201812190825/tools/compiler/bin/../lib/gcc/arm-none-eabi/7.3.1/thumb/v7e-m/fpv5/hard/crti.o
LOAD /Applications/Eclipse.app/Contents/Eclipse/plugins/fr.ac6.mcu.externaltools.arm-none.macos64_1.17.0.201812190825/tools/compiler/bin/../lib/gcc/arm-none-eabi/7.3.1/thumb/v7e-m/fpv5/hard/crtbegin.o
LOAD /Applications/Eclipse.app/Contents/Eclipse/plugins/fr.ac6.mcu.externaltools.arm-none.macos64_1.17.0.201812190825/tools/compiler/bin/../lib/gcc/arm-none-eabi/7.3.1/../../../../arm-none-eabi/lib/thumb/v7e-m/fpv5/hard/crt0.o
LOAD Drivers/STM32H7xx_HAL_Driver/Src/stm32h7xx_hal.o
LOAD Drivers/STM32H7xx_HAL_Driver/Src/stm32h7xx_hal_adc.o
LOAD Drivers/STM32H7xx_HAL_Driver/Src/stm32h7xx_hal_adc_ex.o
LOAD Drivers/STM32H7xx_HAL_Driver/Src/stm32h7xx_hal_cortex.o
LOAD Drivers/STM32H7xx_HAL_Driver/Src/stm32h7xx_hal_dma.o
LOAD Drivers/STM32H7xx_HAL_Driver/Src/stm32h7xx_hal_dma_ex.o
LOAD Drivers/STM32H7xx_HAL_Driver/Src/stm32h7xx_hal_exti.o
LOAD Drivers/STM32H7xx_HAL_Driver/Src/stm32h7xx_hal_flash.o
LOAD Drivers/STM32H7xx_HAL_Driver/Src/stm32h7xx_hal_flash_ex.o
LOAD Drivers/STM32H7xx_HAL_Driver/Src/stm32h7xx_hal_gpio.o
LOAD Drivers/STM32H7xx_HAL_Driver/Src/stm32h7xx_hal_hcd.o
LOAD Drivers/STM32H7xx_HAL_Driver/Src/stm32h7xx_hal_hsem.o
LOAD Drivers/STM32H7xx_HAL_Driver/Src/stm32h7xx_hal_i2c.o
LOAD Drivers/STM32H7xx_HAL_Driver/Src/stm32h7xx_hal_i2c_ex.o
LOAD Drivers/STM32H7xx_HAL_Driver/Src/stm32h7xx_hal_mdma.o
LOAD Drivers/STM32H7xx_HAL_Driver/Src/stm32h7xx_hal_pwr.o
LOAD Drivers/STM32H7xx_HAL_Driver/Src/stm32h7xx_hal_pwr_ex.o
LOAD Drivers/STM32H7xx_HAL_Driver/Src/stm32h7xx_hal_rcc.o
LOAD Drivers/STM32H7xx_HAL_Driver/Src/stm32h7xx_hal_rcc_ex.o
LOAD Drivers/STM32H7xx_HAL_Driver/Src/stm32h7xx_hal_rng.o
LOAD Drivers/STM32H7xx_HAL_Driver/Src/stm32h7xx_hal_rng_ex.o
LOAD Drivers/STM32H7xx_HAL_Driver/Src/stm32h7xx_hal_sai.o
LOAD Drivers/STM32H7xx_HAL_Driver/Src/stm32h7xx_hal_sai_ex.o
LOAD Drivers/STM32H7xx_HAL_Driver/Src/stm32h7xx_hal_sd.o
LOAD Drivers/STM32H7xx_HAL_Driver/Src/stm32h7xx_hal_sd_ex.o
LOAD Drivers/STM32H7xx_HAL_Driver/Src/stm32h7xx_hal_sdram.o
LOAD Drivers/STM32H7xx_HAL_Driver/Src/stm32h7xx_hal_tim.o
LOAD Drivers/STM32H7xx_HAL_Driver/Src/stm32h7xx_hal_tim_ex.o
LOAD Drivers/STM32H7xx_HAL_Driver/Src/stm32h7xx_ll_delayblock.o
LOAD Drivers/STM32H7xx_HAL_Driver/Src/stm32h7xx_ll_fmc.o
LOAD Drivers/STM32H7xx_HAL_Driver/Src/stm32h7xx_ll_sdmmc.o
LOAD Drivers/STM32H7xx_HAL_Driver/Src/stm32h7xx_ll_usb.o
LOAD Middlewares/ST/STM32_USB_Host_Library/Class/AUDIO/Src/usbh_audio.o
LOAD Middlewares/ST/STM32_USB_Host_Library/Core/Src/usbh_core.o
LOAD Middlewares/ST/STM32_USB_Host_Library/Core/Src/usbh_ctlreq.o
LOAD Middlewares/ST/STM32_USB_Host_Library/Core/Src/usbh_ioreq.o
LOAD Middlewares/ST/STM32_USB_Host_Library/Core/Src/usbh_pipes.o
LOAD Middlewares/Third_Party/FatFs/src/diskio.o
LOAD Middlewares/Third_Party/FatFs/src/ff.o
LOAD Middlewares/Third_Party/FatFs/src/ff_gen_drv.o
LOAD Middlewares/Third_Party/FatFs/src/option/syscall.o
LOAD Src/MIDI_application.o
LOAD Src/adc.o
LOAD Src/audiostream.o
LOAD Src/bdma.o
LOAD Src/bsp_driver_sd.o
LOAD Src/codec.o
LOAD Src/debug.o
LOAD Src/dma.o
LOAD Src/eeprom.o
LOAD Src/fatfs.o
LOAD Src/fatfs_platform.o
LOAD Src/fmc.o
LOAD Src/gfx.o
LOAD Src/gfx_font.o
LOAD Src/gpio.o
LOAD Src/i2c.o
LOAD Src/main.o
LOAD Src/oled.o
LOAD Src/rng.o
LOAD Src/sai.o
LOAD Src/sd_diskio.o
LOAD Src/sdmmc.o
LOAD Src/sfx.o
LOAD Src/ssd1306.o
LOAD Src/stm32h7xx_hal_msp.o
LOAD Src/stm32h7xx_it.o
LOAD Src/syscalls.o
LOAD Src/system_stm32h7xx.o
LOAD Src/tim.o
LOAD Src/tunings.o
LOAD Src/ui.o
LOAD Src/usb_host.o
LOAD Src/usbh_MIDI.o
LOAD Src/usbh_conf.o
LOAD Src/usbh_platform.o
LOAD leaf/Examples/basic-oscillators.o
LOAD leaf/leaf/Externals/d_fft_mayer.o
LOAD leaf/leaf/Src/leaf-analysis.o
LOAD leaf/leaf/Src/leaf-delay.o
LOAD leaf/leaf/Src/leaf-distortion.o
LOAD leaf/leaf/Src/leaf-dynamics.o
LOAD leaf/leaf/Src/leaf-effects.o
LOAD leaf/leaf/Src/leaf-electrical.o
LOAD leaf/leaf/Src/leaf-envelopes.o
LOAD leaf/leaf/Src/leaf-filters.o
LOAD leaf/leaf/Src/leaf-instruments.o
LOAD leaf/leaf/Src/leaf-math.o
LOAD leaf/leaf/Src/leaf-mempool.o
LOAD leaf/leaf/Src/leaf-midi.o
LOAD leaf/leaf/Src/leaf-oscillators.o
LOAD leaf/leaf/Src/leaf-physical.o
LOAD leaf/leaf/Src/leaf-reverb.o
LOAD leaf/leaf/Src/leaf-sampling.o
LOAD leaf/leaf/Src/leaf-tables.o
LOAD leaf/leaf/Src/leaf.o
LOAD startup/startup_stm32h743xx.o
LOAD /Applications/Eclipse.app/Contents/Eclipse/plugins/fr.ac6.mcu.externaltools.arm-none.macos64_1.17.0.201812190825/tools/compiler/bin/../lib/gcc/arm-none-eabi/7.3.1/../../../../arm-none-eabi/lib/thumb/v7e-m/fpv5/hard/libm.a
START GROUP
LOAD /Applications/Eclipse.app/Contents/Eclipse/plugins/fr.ac6.mcu.externaltools.arm-none.macos64_1.17.0.201812190825/tools/compiler/bin/../lib/gcc/arm-none-eabi/7.3.1/thumb/v7e-m/fpv5/hard/libgcc.a
LOAD /Applications/Eclipse.app/Contents/Eclipse/plugins/fr.ac6.mcu.externaltools.arm-none.macos64_1.17.0.201812190825/tools/compiler/bin/../lib/gcc/arm-none-eabi/7.3.1/../../../../arm-none-eabi/lib/thumb/v7e-m/fpv5/hard/libc_nano.a
END GROUP
START GROUP
LOAD /Applications/Eclipse.app/Contents/Eclipse/plugins/fr.ac6.mcu.externaltools.arm-none.macos64_1.17.0.201812190825/tools/compiler/bin/../lib/gcc/arm-none-eabi/7.3.1/thumb/v7e-m/fpv5/hard/libgcc.a
LOAD /Applications/Eclipse.app/Contents/Eclipse/plugins/fr.ac6.mcu.externaltools.arm-none.macos64_1.17.0.201812190825/tools/compiler/bin/../lib/gcc/arm-none-eabi/7.3.1/../../../../arm-none-eabi/lib/thumb/v7e-m/fpv5/hard/libc_nano.a
LOAD /Applications/Eclipse.app/Contents/Eclipse/plugins/fr.ac6.mcu.externaltools.arm-none.macos64_1.17.0.201812190825/tools/compiler/bin/../lib/gcc/arm-none-eabi/7.3.1/../../../../arm-none-eabi/lib/thumb/v7e-m/fpv5/hard/libnosys.a
END GROUP
START GROUP
LOAD /Applications/Eclipse.app/Contents/Eclipse/plugins/fr.ac6.mcu.externaltools.arm-none.macos64_1.17.0.201812190825/tools/compiler/bin/../lib/gcc/arm-none-eabi/7.3.1/thumb/v7e-m/fpv5/hard/libgcc.a
LOAD /Applications/Eclipse.app/Contents/Eclipse/plugins/fr.ac6.mcu.externaltools.arm-none.macos64_1.17.0.201812190825/tools/compiler/bin/../lib/gcc/arm-none-eabi/7.3.1/../../../../arm-none-eabi/lib/thumb/v7e-m/fpv5/hard/libc_nano.a
LOAD /Applications/Eclipse.app/Contents/Eclipse/plugins/fr.ac6.mcu.externaltools.arm-none.macos64_1.17.0.201812190825/tools/compiler/bin/../lib/gcc/arm-none-eabi/7.3.1/../../../../arm-none-eabi/lib/thumb/v7e-m/fpv5/hard/libnosys.a
END GROUP
LOAD /Applications/Eclipse.app/Contents/Eclipse/plugins/fr.ac6.mcu.externaltools.arm-none.macos64_1.17.0.201812190825/tools/compiler/bin/../lib/gcc/arm-none-eabi/7.3.1/thumb/v7e-m/fpv5/hard/crtend.o
LOAD /Applications/Eclipse.app/Contents/Eclipse/plugins/fr.ac6.mcu.externaltools.arm-none.macos64_1.17.0.201812190825/tools/compiler/bin/../lib/gcc/arm-none-eabi/7.3.1/thumb/v7e-m/fpv5/hard/crtn.o
                0x0000000020020000                _estack = 0x20020000
                0x0000000000002000                _Min_Heap_Size = 0x2000
                0x0000000000002000                _Min_Stack_Size = 0x2000

.isr_vector     0x0000000008000000      0x298
                0x0000000008000000                . = ALIGN (0x4)
 *(.isr_vector)
 .isr_vector    0x0000000008000000      0x298 startup/startup_stm32h743xx.o
                0x0000000008000000                g_pfnVectors
                0x0000000008000298                . = ALIGN (0x4)

.text           0x00000000080002a0    0x2a08c
                0x00000000080002a0                . = ALIGN (0x4)
 *(.text)
 .text          0x00000000080002a0       0x40 /Applications/Eclipse.app/Contents/Eclipse/plugins/fr.ac6.mcu.externaltools.arm-none.macos64_1.17.0.201812190825/tools/compiler/bin/../lib/gcc/arm-none-eabi/7.3.1/thumb/v7e-m/fpv5/hard/crtbegin.o
 .text          0x00000000080002e0      0x378 /Applications/Eclipse.app/Contents/Eclipse/plugins/fr.ac6.mcu.externaltools.arm-none.macos64_1.17.0.201812190825/tools/compiler/bin/../lib/gcc/arm-none-eabi/7.3.1/thumb/v7e-m/fpv5/hard/libgcc.a(_arm_addsubdf3.o)
                0x00000000080002e0                __aeabi_drsub
                0x00000000080002e8                __subdf3
                0x00000000080002e8                __aeabi_dsub
                0x00000000080002ec                __aeabi_dadd
                0x00000000080002ec                __adddf3
                0x0000000008000564                __aeabi_ui2d
                0x0000000008000564                __floatunsidf
                0x0000000008000584                __floatsidf
                0x0000000008000584                __aeabi_i2d
                0x00000000080005a8                __extendsfdf2
                0x00000000080005a8                __aeabi_f2d
                0x00000000080005ec                __aeabi_ul2d
                0x00000000080005ec                __floatundidf
                0x00000000080005fc                __aeabi_l2d
                0x00000000080005fc                __floatdidf
 .text          0x0000000008000658      0x21c /Applications/Eclipse.app/Contents/Eclipse/plugins/fr.ac6.mcu.externaltools.arm-none.macos64_1.17.0.201812190825/tools/compiler/bin/../lib/gcc/arm-none-eabi/7.3.1/thumb/v7e-m/fpv5/hard/libgcc.a(_arm_addsubsf3.o)
                0x0000000008000658                __aeabi_frsub
                0x0000000008000660                __aeabi_fsub
                0x0000000008000660                __subsf3
                0x0000000008000664                __aeabi_fadd
                0x0000000008000664                __addsf3
                0x00000000080007c4                __aeabi_ui2f
                0x00000000080007c4                __floatunsisf
                0x00000000080007cc                __floatsisf
                0x00000000080007cc                __aeabi_i2f
                0x00000000080007e8                __aeabi_ul2f
                0x00000000080007e8                __floatundisf
                0x00000000080007f8                __aeabi_l2f
                0x00000000080007f8                __floatdisf
 .text          0x0000000008000874       0x30 /Applications/Eclipse.app/Contents/Eclipse/plugins/fr.ac6.mcu.externaltools.arm-none.macos64_1.17.0.201812190825/tools/compiler/bin/../lib/gcc/arm-none-eabi/7.3.1/thumb/v7e-m/fpv5/hard/libgcc.a(_aeabi_uldivmod.o)
                0x0000000008000874                __aeabi_uldivmod
 .text          0x00000000080008a4      0x2cc /Applications/Eclipse.app/Contents/Eclipse/plugins/fr.ac6.mcu.externaltools.arm-none.macos64_1.17.0.201812190825/tools/compiler/bin/../lib/gcc/arm-none-eabi/7.3.1/thumb/v7e-m/fpv5/hard/libgcc.a(_udivmoddi4.o)
                0x00000000080008a4                __udivmoddi4
 .text          0x0000000008000b70        0x4 /Applications/Eclipse.app/Contents/Eclipse/plugins/fr.ac6.mcu.externaltools.arm-none.macos64_1.17.0.201812190825/tools/compiler/bin/../lib/gcc/arm-none-eabi/7.3.1/thumb/v7e-m/fpv5/hard/libgcc.a(_dvmd_tls.o)
                0x0000000008000b70                __aeabi_ldiv0
                0x0000000008000b70                __aeabi_idiv0
 .text          0x0000000008000b74       0x10 /Applications/Eclipse.app/Contents/Eclipse/plugins/fr.ac6.mcu.externaltools.arm-none.macos64_1.17.0.201812190825/tools/compiler/bin/../lib/gcc/arm-none-eabi/7.3.1/../../../../arm-none-eabi/lib/thumb/v7e-m/fpv5/hard/libc_nano.a(lib_a-strlen.o)
                0x0000000008000b74                strlen
 *(.text*)
 .text.HAL_InitTick
                0x0000000008000b84       0x44 Drivers/STM32H7xx_HAL_Driver/Src/stm32h7xx_hal.o
                0x0000000008000b84                HAL_InitTick
 .text.HAL_Init
                0x0000000008000bc8       0x64 Drivers/STM32H7xx_HAL_Driver/Src/stm32h7xx_hal.o
                0x0000000008000bc8                HAL_Init
 .text.HAL_IncTick
                0x0000000008000c2c       0x18 Drivers/STM32H7xx_HAL_Driver/Src/stm32h7xx_hal.o
                0x0000000008000c2c                HAL_IncTick
 .text.HAL_GetTick
                0x0000000008000c44        0xc Drivers/STM32H7xx_HAL_Driver/Src/stm32h7xx_hal.o
                0x0000000008000c44                HAL_GetTick
 .text.HAL_Delay
                0x0000000008000c50       0x24 Drivers/STM32H7xx_HAL_Driver/Src/stm32h7xx_hal.o
                0x0000000008000c50                HAL_Delay
 .text.HAL_GetREVID
                0x0000000008000c74        0xc Drivers/STM32H7xx_HAL_Driver/Src/stm32h7xx_hal.o
                0x0000000008000c74                HAL_GetREVID
 .text.HAL_SetFMCMemorySwappingConfig
                0x0000000008000c80       0x34 Drivers/STM32H7xx_HAL_Driver/Src/stm32h7xx_hal.o
                0x0000000008000c80                HAL_SetFMCMemorySwappingConfig
 .text.HAL_ADC_Start_DMA
                0x0000000008000cb4      0x1e0 Drivers/STM32H7xx_HAL_Driver/Src/stm32h7xx_hal_adc.o
                0x0000000008000cb4                HAL_ADC_Start_DMA
 .text.ADC_DMAHalfConvCplt
                0x0000000008000e94        0xc Drivers/STM32H7xx_HAL_Driver/Src/stm32h7xx_hal_adc.o
                0x0000000008000e94                ADC_DMAHalfConvCplt
 .text.HAL_ADC_LevelOutOfWindowCallback
                0x0000000008000ea0        0x4 Drivers/STM32H7xx_HAL_Driver/Src/stm32h7xx_hal_adc.o
                0x0000000008000ea0                HAL_ADC_LevelOutOfWindowCallback
 .text.HAL_ADC_ErrorCallback
                0x0000000008000ea4        0x4 Drivers/STM32H7xx_HAL_Driver/Src/stm32h7xx_hal_adc.o
                0x0000000008000ea4                HAL_ADC_ErrorCallback
 .text.HAL_ADC_IRQHandler
                0x0000000008000ea8      0x2d8 Drivers/STM32H7xx_HAL_Driver/Src/stm32h7xx_hal_adc.o
                0x0000000008000ea8                HAL_ADC_IRQHandler
 .text.ADC_DMAConvCplt
                0x0000000008001180       0x68 Drivers/STM32H7xx_HAL_Driver/Src/stm32h7xx_hal_adc.o
                0x0000000008001180                ADC_DMAConvCplt
 .text.ADC_DMAError
                0x00000000080011e8       0x1c Drivers/STM32H7xx_HAL_Driver/Src/stm32h7xx_hal_adc.o
                0x00000000080011e8                ADC_DMAError
 .text.HAL_ADC_ConfigChannel
                0x0000000008001204      0x958 Drivers/STM32H7xx_HAL_Driver/Src/stm32h7xx_hal_adc.o
                0x0000000008001204                HAL_ADC_ConfigChannel
 .text.ADC_Disable
                0x0000000008001b5c       0x68 Drivers/STM32H7xx_HAL_Driver/Src/stm32h7xx_hal_adc.o
                0x0000000008001b5c                ADC_Disable
 .text.ADC_ConfigureBoostMode
                0x0000000008001bc4      0x168 Drivers/STM32H7xx_HAL_Driver/Src/stm32h7xx_hal_adc.o
                0x0000000008001bc4                ADC_ConfigureBoostMode
 .text.HAL_ADC_Init
                0x0000000008001d2c      0x524 Drivers/STM32H7xx_HAL_Driver/Src/stm32h7xx_hal_adc.o
                0x0000000008001d2c                HAL_ADC_Init
 .text.HAL_ADCEx_Calibration_Start
                0x0000000008002250       0xfc Drivers/STM32H7xx_HAL_Driver/Src/stm32h7xx_hal_adc_ex.o
                0x0000000008002250                HAL_ADCEx_Calibration_Start
 .text.HAL_ADCEx_InjectedConvCpltCallback
                0x000000000800234c        0x4 Drivers/STM32H7xx_HAL_Driver/Src/stm32h7xx_hal_adc_ex.o
                0x000000000800234c                HAL_ADCEx_InjectedConvCpltCallback
 .text.HAL_ADCEx_InjectedQueueOverflowCallback
                0x0000000008002350        0x4 Drivers/STM32H7xx_HAL_Driver/Src/stm32h7xx_hal_adc_ex.o
                0x0000000008002350                HAL_ADCEx_InjectedQueueOverflowCallback
 .text.HAL_ADCEx_LevelOutOfWindow2Callback
                0x0000000008002354        0x4 Drivers/STM32H7xx_HAL_Driver/Src/stm32h7xx_hal_adc_ex.o
                0x0000000008002354                HAL_ADCEx_LevelOutOfWindow2Callback
 .text.HAL_ADCEx_LevelOutOfWindow3Callback
                0x0000000008002358        0x4 Drivers/STM32H7xx_HAL_Driver/Src/stm32h7xx_hal_adc_ex.o
                0x0000000008002358                HAL_ADCEx_LevelOutOfWindow3Callback
 .text.HAL_ADCEx_EndOfSamplingCallback
                0x000000000800235c        0x4 Drivers/STM32H7xx_HAL_Driver/Src/stm32h7xx_hal_adc_ex.o
                0x000000000800235c                HAL_ADCEx_EndOfSamplingCallback
 .text.HAL_ADCEx_MultiModeConfigChannel
                0x0000000008002360      0x17c Drivers/STM32H7xx_HAL_Driver/Src/stm32h7xx_hal_adc_ex.o
                0x0000000008002360                HAL_ADCEx_MultiModeConfigChannel
 .text.HAL_NVIC_SetPriorityGrouping
                0x00000000080024dc       0x38 Drivers/STM32H7xx_HAL_Driver/Src/stm32h7xx_hal_cortex.o
                0x00000000080024dc                HAL_NVIC_SetPriorityGrouping
 .text.HAL_NVIC_SetPriority
                0x0000000008002514       0x8c Drivers/STM32H7xx_HAL_Driver/Src/stm32h7xx_hal_cortex.o
                0x0000000008002514                HAL_NVIC_SetPriority
 .text.HAL_NVIC_EnableIRQ
                0x00000000080025a0       0x28 Drivers/STM32H7xx_HAL_Driver/Src/stm32h7xx_hal_cortex.o
                0x00000000080025a0                HAL_NVIC_EnableIRQ
 .text.HAL_NVIC_DisableIRQ
                0x00000000080025c8       0x34 Drivers/STM32H7xx_HAL_Driver/Src/stm32h7xx_hal_cortex.o
                0x00000000080025c8                HAL_NVIC_DisableIRQ
 .text.HAL_SYSTICK_Config
                0x00000000080025fc       0x30 Drivers/STM32H7xx_HAL_Driver/Src/stm32h7xx_hal_cortex.o
                0x00000000080025fc                HAL_SYSTICK_Config
 .text.HAL_MPU_Disable
                0x000000000800262c       0x20 Drivers/STM32H7xx_HAL_Driver/Src/stm32h7xx_hal_cortex.o
                0x000000000800262c                HAL_MPU_Disable
 .text.HAL_MPU_Enable
                0x000000000800264c       0x24 Drivers/STM32H7xx_HAL_Driver/Src/stm32h7xx_hal_cortex.o
                0x000000000800264c                HAL_MPU_Enable
 .text.HAL_MPU_ConfigRegion
                0x0000000008002670      0x144 Drivers/STM32H7xx_HAL_Driver/Src/stm32h7xx_hal_cortex.o
                0x0000000008002670                HAL_MPU_ConfigRegion
 .text.DMA_CalcBaseAndBitshift
                0x00000000080027b4       0xf8 Drivers/STM32H7xx_HAL_Driver/Src/stm32h7xx_hal_dma.o
 .text.HAL_DMA_Init
                0x00000000080028ac      0x860 Drivers/STM32H7xx_HAL_Driver/Src/stm32h7xx_hal_dma.o
                0x00000000080028ac                HAL_DMA_Init
 .text.HAL_DMA_DeInit
                0x000000000800310c      0x510 Drivers/STM32H7xx_HAL_Driver/Src/stm32h7xx_hal_dma.o
                0x000000000800310c                HAL_DMA_DeInit
 .text.HAL_DMA_Start_IT
                0x000000000800361c      0x5b4 Drivers/STM32H7xx_HAL_Driver/Src/stm32h7xx_hal_dma.o
                0x000000000800361c                HAL_DMA_Start_IT
 .text.HAL_DMA_Abort
                0x0000000008003bd0      0x440 Drivers/STM32H7xx_HAL_Driver/Src/stm32h7xx_hal_dma.o
                0x0000000008003bd0                HAL_DMA_Abort
 .text.HAL_DMA_Abort_IT
                0x0000000008004010      0x274 Drivers/STM32H7xx_HAL_Driver/Src/stm32h7xx_hal_dma.o
                0x0000000008004010                HAL_DMA_Abort_IT
 .text.HAL_DMA_IRQHandler
                0x0000000008004284      0x83c Drivers/STM32H7xx_HAL_Driver/Src/stm32h7xx_hal_dma.o
                0x0000000008004284                HAL_DMA_IRQHandler
 .text.HAL_DMA_GetState
                0x0000000008004ac0        0x8 Drivers/STM32H7xx_HAL_Driver/Src/stm32h7xx_hal_dma.o
                0x0000000008004ac0                HAL_DMA_GetState
 .text.HAL_DMA_GetError
                0x0000000008004ac8        0x4 Drivers/STM32H7xx_HAL_Driver/Src/stm32h7xx_hal_dma.o
                0x0000000008004ac8                HAL_DMA_GetError
 .text.HAL_DMAEx_ConfigMuxSync
                0x0000000008004acc      0x2d0 Drivers/STM32H7xx_HAL_Driver/Src/stm32h7xx_hal_dma_ex.o
                0x0000000008004acc                HAL_DMAEx_ConfigMuxSync
 .text.HAL_DMAEx_MUX_IRQHandler
                0x0000000008004d9c       0x60 Drivers/STM32H7xx_HAL_Driver/Src/stm32h7xx_hal_dma_ex.o
                0x0000000008004d9c                HAL_DMAEx_MUX_IRQHandler
 .text.FLASH_WaitForLastOperation.constprop.3
                0x0000000008004dfc       0xd8 Drivers/STM32H7xx_HAL_Driver/Src/stm32h7xx_hal_flash.o
 .text.HAL_FLASH_Program
                0x0000000008004ed4       0xec Drivers/STM32H7xx_HAL_Driver/Src/stm32h7xx_hal_flash.o
                0x0000000008004ed4                HAL_FLASH_Program
 .text.HAL_FLASH_Unlock
                0x0000000008004fc0       0x4c Drivers/STM32H7xx_HAL_Driver/Src/stm32h7xx_hal_flash.o
                0x0000000008004fc0                HAL_FLASH_Unlock
 .text.FLASH_WaitForLastOperation
                0x000000000800500c      0x108 Drivers/STM32H7xx_HAL_Driver/Src/stm32h7xx_hal_flash.o
                0x000000000800500c                FLASH_WaitForLastOperation
 .text.FLASH_MassErase
                0x0000000008005114       0xb4 Drivers/STM32H7xx_HAL_Driver/Src/stm32h7xx_hal_flash_ex.o
 .text.HAL_FLASHEx_Erase
                0x00000000080051c8      0x214 Drivers/STM32H7xx_HAL_Driver/Src/stm32h7xx_hal_flash_ex.o
                0x00000000080051c8                HAL_FLASHEx_Erase
 .text.HAL_GPIO_Init
                0x00000000080053dc      0x414 Drivers/STM32H7xx_HAL_Driver/Src/stm32h7xx_hal_gpio.o
                0x00000000080053dc                HAL_GPIO_Init
 .text.HAL_GPIO_DeInit
                0x00000000080057f0      0x23c Drivers/STM32H7xx_HAL_Driver/Src/stm32h7xx_hal_gpio.o
                0x00000000080057f0                HAL_GPIO_DeInit
 .text.HAL_GPIO_ReadPin
                0x0000000008005a2c       0x24 Drivers/STM32H7xx_HAL_Driver/Src/stm32h7xx_hal_gpio.o
                0x0000000008005a2c                HAL_GPIO_ReadPin
 .text.HAL_GPIO_WritePin
                0x0000000008005a50       0x34 Drivers/STM32H7xx_HAL_Driver/Src/stm32h7xx_hal_gpio.o
                0x0000000008005a50                HAL_GPIO_WritePin
 .text.HAL_HCD_HC_Init
                0x0000000008005a84       0x78 Drivers/STM32H7xx_HAL_Driver/Src/stm32h7xx_hal_hcd.o
                0x0000000008005a84                HAL_HCD_HC_Init
 .text.HAL_HCD_HC_Halt
                0x0000000008005afc       0x24 Drivers/STM32H7xx_HAL_Driver/Src/stm32h7xx_hal_hcd.o
                0x0000000008005afc                HAL_HCD_HC_Halt
 .text.HAL_HCD_Init
                0x0000000008005b20       0xc0 Drivers/STM32H7xx_HAL_Driver/Src/stm32h7xx_hal_hcd.o
                0x0000000008005b20                HAL_HCD_Init
 .text.HAL_HCD_HC_SubmitRequest
                0x0000000008005be0       0xe0 Drivers/STM32H7xx_HAL_Driver/Src/stm32h7xx_hal_hcd.o
                0x0000000008005be0                HAL_HCD_HC_SubmitRequest
 .text.HAL_HCD_IRQHandler
                0x0000000008005cc0      0x734 Drivers/STM32H7xx_HAL_Driver/Src/stm32h7xx_hal_hcd.o
                0x0000000008005cc0                HAL_HCD_IRQHandler
 .text.HAL_HCD_Start
                0x00000000080063f4       0x2c Drivers/STM32H7xx_HAL_Driver/Src/stm32h7xx_hal_hcd.o
                0x00000000080063f4                HAL_HCD_Start
 .text.HAL_HCD_Stop
                0x0000000008006420       0x24 Drivers/STM32H7xx_HAL_Driver/Src/stm32h7xx_hal_hcd.o
                0x0000000008006420                HAL_HCD_Stop
 .text.HAL_HCD_ResetPort
                0x0000000008006444        0x8 Drivers/STM32H7xx_HAL_Driver/Src/stm32h7xx_hal_hcd.o
                0x0000000008006444                HAL_HCD_ResetPort
 .text.HAL_HCD_HC_GetURBState
                0x000000000800644c       0x10 Drivers/STM32H7xx_HAL_Driver/Src/stm32h7xx_hal_hcd.o
                0x000000000800644c                HAL_HCD_HC_GetURBState
 .text.HAL_HCD_HC_GetXferCount
                0x000000000800645c        0xc Drivers/STM32H7xx_HAL_Driver/Src/stm32h7xx_hal_hcd.o
                0x000000000800645c                HAL_HCD_HC_GetXferCount
 .text.HAL_HCD_GetCurrentFrame
                0x0000000008006468        0x8 Drivers/STM32H7xx_HAL_Driver/Src/stm32h7xx_hal_hcd.o
                0x0000000008006468                HAL_HCD_GetCurrentFrame
 .text.HAL_HCD_GetCurrentSpeed
                0x0000000008006470        0x8 Drivers/STM32H7xx_HAL_Driver/Src/stm32h7xx_hal_hcd.o
                0x0000000008006470                HAL_HCD_GetCurrentSpeed
 .text.I2C_WaitOnTXISFlagUntilTimeout
                0x0000000008006478       0xc0 Drivers/STM32H7xx_HAL_Driver/Src/stm32h7xx_hal_i2c.o
 .text.I2C_WaitOnSTOPFlagUntilTimeout
                0x0000000008006538       0xb4 Drivers/STM32H7xx_HAL_Driver/Src/stm32h7xx_hal_i2c.o
 .text.HAL_I2C_Init
                0x00000000080065ec      0x1dc Drivers/STM32H7xx_HAL_Driver/Src/stm32h7xx_hal_i2c.o
                0x00000000080065ec                HAL_I2C_Init
 .text.HAL_I2C_Master_Transmit
                0x00000000080067c8      0x254 Drivers/STM32H7xx_HAL_Driver/Src/stm32h7xx_hal_i2c.o
                0x00000000080067c8                HAL_I2C_Master_Transmit
 .text.HAL_I2C_Master_Transmit_DMA
                0x0000000008006a1c      0x204 Drivers/STM32H7xx_HAL_Driver/Src/stm32h7xx_hal_i2c.o
                0x0000000008006a1c                HAL_I2C_Master_Transmit_DMA
 .text.HAL_I2C_EV_IRQHandler
                0x0000000008006c20       0x1c Drivers/STM32H7xx_HAL_Driver/Src/stm32h7xx_hal_i2c.o
                0x0000000008006c20                HAL_I2C_EV_IRQHandler
 .text.HAL_I2C_MasterTxCpltCallback
                0x0000000008006c3c        0x4 Drivers/STM32H7xx_HAL_Driver/Src/stm32h7xx_hal_i2c.o
                0x0000000008006c3c                HAL_I2C_MasterTxCpltCallback
 .text.HAL_I2C_MasterRxCpltCallback
                0x0000000008006c40        0x4 Drivers/STM32H7xx_HAL_Driver/Src/stm32h7xx_hal_i2c.o
                0x0000000008006c40                HAL_I2C_MasterRxCpltCallback
 .text.HAL_I2C_SlaveTxCpltCallback
                0x0000000008006c44        0x4 Drivers/STM32H7xx_HAL_Driver/Src/stm32h7xx_hal_i2c.o
                0x0000000008006c44                HAL_I2C_SlaveTxCpltCallback
 .text.HAL_I2C_SlaveRxCpltCallback
                0x0000000008006c48        0x4 Drivers/STM32H7xx_HAL_Driver/Src/stm32h7xx_hal_i2c.o
                0x0000000008006c48                HAL_I2C_SlaveRxCpltCallback
 .text.I2C_ITSlaveSeqCplt
                0x0000000008006c4c       0xa8 Drivers/STM32H7xx_HAL_Driver/Src/stm32h7xx_hal_i2c.o
 .text.HAL_I2C_AddrCallback
                0x0000000008006cf4        0x4 Drivers/STM32H7xx_HAL_Driver/Src/stm32h7xx_hal_i2c.o
                0x0000000008006cf4                HAL_I2C_AddrCallback
 .text.I2C_ITAddrCplt.isra.9.part.10
                0x0000000008006cf8       0x78 Drivers/STM32H7xx_HAL_Driver/Src/stm32h7xx_hal_i2c.o
 .text.HAL_I2C_ListenCpltCallback
                0x0000000008006d70        0x4 Drivers/STM32H7xx_HAL_Driver/Src/stm32h7xx_hal_i2c.o
                0x0000000008006d70                HAL_I2C_ListenCpltCallback
 .text.HAL_I2C_MemTxCpltCallback
                0x0000000008006d74        0x4 Drivers/STM32H7xx_HAL_Driver/Src/stm32h7xx_hal_i2c.o
                0x0000000008006d74                HAL_I2C_MemTxCpltCallback
 .text.HAL_I2C_MemRxCpltCallback
                0x0000000008006d78        0x4 Drivers/STM32H7xx_HAL_Driver/Src/stm32h7xx_hal_i2c.o
                0x0000000008006d78                HAL_I2C_MemRxCpltCallback
 .text.HAL_I2C_ErrorCallback
                0x0000000008006d7c        0x4 Drivers/STM32H7xx_HAL_Driver/Src/stm32h7xx_hal_i2c.o
                0x0000000008006d7c                HAL_I2C_ErrorCallback
 .text.HAL_I2C_AbortCpltCallback
                0x0000000008006d80        0x4 Drivers/STM32H7xx_HAL_Driver/Src/stm32h7xx_hal_i2c.o
                0x0000000008006d80                HAL_I2C_AbortCpltCallback
 .text.I2C_DMAAbort
                0x0000000008006d84       0x44 Drivers/STM32H7xx_HAL_Driver/Src/stm32h7xx_hal_i2c.o
 .text.I2C_ITError
                0x0000000008006dc8      0x144 Drivers/STM32H7xx_HAL_Driver/Src/stm32h7xx_hal_i2c.o
 .text.I2C_ITSlaveCplt
                0x0000000008006f0c      0x1ac Drivers/STM32H7xx_HAL_Driver/Src/stm32h7xx_hal_i2c.o
 .text.I2C_Slave_ISR_IT
                0x00000000080070b8      0x1a8 Drivers/STM32H7xx_HAL_Driver/Src/stm32h7xx_hal_i2c.o
 .text.I2C_Slave_ISR_DMA
                0x0000000008007260      0x1cc Drivers/STM32H7xx_HAL_Driver/Src/stm32h7xx_hal_i2c.o
 .text.I2C_DMAMasterTransmitCplt
                0x000000000800742c       0x98 Drivers/STM32H7xx_HAL_Driver/Src/stm32h7xx_hal_i2c.o
 .text.I2C_ITMasterCplt
                0x00000000080074c4      0x274 Drivers/STM32H7xx_HAL_Driver/Src/stm32h7xx_hal_i2c.o
 .text.I2C_Master_ISR_IT
                0x0000000008007738      0x2d4 Drivers/STM32H7xx_HAL_Driver/Src/stm32h7xx_hal_i2c.o
 .text.I2C_Master_ISR_DMA
                0x0000000008007a0c      0x2a4 Drivers/STM32H7xx_HAL_Driver/Src/stm32h7xx_hal_i2c.o
 .text.HAL_I2C_ER_IRQHandler
                0x0000000008007cb0      0x1cc Drivers/STM32H7xx_HAL_Driver/Src/stm32h7xx_hal_i2c.o
                0x0000000008007cb0                HAL_I2C_ER_IRQHandler
 .text.I2C_DMAError
                0x0000000008007e7c      0x188 Drivers/STM32H7xx_HAL_Driver/Src/stm32h7xx_hal_i2c.o
 .text.HAL_I2CEx_ConfigAnalogFilter
                0x0000000008008004       0xb0 Drivers/STM32H7xx_HAL_Driver/Src/stm32h7xx_hal_i2c_ex.o
                0x0000000008008004                HAL_I2CEx_ConfigAnalogFilter
 .text.HAL_I2CEx_ConfigDigitalFilter
                0x00000000080080b4       0xac Drivers/STM32H7xx_HAL_Driver/Src/stm32h7xx_hal_i2c_ex.o
                0x00000000080080b4                HAL_I2CEx_ConfigDigitalFilter
 .text.HAL_PWREx_ConfigSupply
                0x0000000008008160       0x60 Drivers/STM32H7xx_HAL_Driver/Src/stm32h7xx_hal_pwr_ex.o
                0x0000000008008160                HAL_PWREx_ConfigSupply
 .text.HAL_PWREx_EnableUSBVoltageDetector
                0x00000000080081c0       0x10 Drivers/STM32H7xx_HAL_Driver/Src/stm32h7xx_hal_pwr_ex.o
                0x00000000080081c0                HAL_PWREx_EnableUSBVoltageDetector
 .text.HAL_PWREx_DisableUSBVoltageDetector
                0x00000000080081d0       0x10 Drivers/STM32H7xx_HAL_Driver/Src/stm32h7xx_hal_pwr_ex.o
                0x00000000080081d0                HAL_PWREx_DisableUSBVoltageDetector
 .text.HAL_RCC_OscConfig
                0x00000000080081e0      0x734 Drivers/STM32H7xx_HAL_Driver/Src/stm32h7xx_hal_rcc.o
                0x00000000080081e0                HAL_RCC_OscConfig
 .text.HAL_RCC_GetSysClockFreq
                0x0000000008008914      0x118 Drivers/STM32H7xx_HAL_Driver/Src/stm32h7xx_hal_rcc.o
                0x0000000008008914                HAL_RCC_GetSysClockFreq
 .text.HAL_RCC_ClockConfig
                0x0000000008008a2c      0x420 Drivers/STM32H7xx_HAL_Driver/Src/stm32h7xx_hal_rcc.o
                0x0000000008008a2c                HAL_RCC_ClockConfig
 .text.HAL_RCC_GetHCLKFreq
                0x0000000008008e4c      0x150 Drivers/STM32H7xx_HAL_Driver/Src/stm32h7xx_hal_rcc.o
                0x0000000008008e4c                HAL_RCC_GetHCLKFreq
 .text.RCCEx_PLL2_Config
                0x0000000008008f9c      0x1e0 Drivers/STM32H7xx_HAL_Driver/Src/stm32h7xx_hal_rcc_ex.o
 .text.RCCEx_PLL3_Config
                0x000000000800917c      0x1e0 Drivers/STM32H7xx_HAL_Driver/Src/stm32h7xx_hal_rcc_ex.o
 .text.HAL_RCCEx_PeriphCLKConfig
                0x000000000800935c      0xcd0 Drivers/STM32H7xx_HAL_Driver/Src/stm32h7xx_hal_rcc_ex.o
                0x000000000800935c                HAL_RCCEx_PeriphCLKConfig
 .text.HAL_RCCEx_GetPLL2ClockFreq
                0x000000000800a02c      0x130 Drivers/STM32H7xx_HAL_Driver/Src/stm32h7xx_hal_rcc_ex.o
                0x000000000800a02c                HAL_RCCEx_GetPLL2ClockFreq
 .text.HAL_RCCEx_GetPLL3ClockFreq
                0x000000000800a15c      0x130 Drivers/STM32H7xx_HAL_Driver/Src/stm32h7xx_hal_rcc_ex.o
                0x000000000800a15c                HAL_RCCEx_GetPLL3ClockFreq
 .text.HAL_RCCEx_GetPLL1ClockFreq
                0x000000000800a28c      0x130 Drivers/STM32H7xx_HAL_Driver/Src/stm32h7xx_hal_rcc_ex.o
                0x000000000800a28c                HAL_RCCEx_GetPLL1ClockFreq
 .text.HAL_RCCEx_GetPeriphCLKFreq
                0x000000000800a3bc      0x21c Drivers/STM32H7xx_HAL_Driver/Src/stm32h7xx_hal_rcc_ex.o
                0x000000000800a3bc                HAL_RCCEx_GetPeriphCLKFreq
 .text.HAL_RNG_Init
                0x000000000800a5d8       0xb0 Drivers/STM32H7xx_HAL_Driver/Src/stm32h7xx_hal_rng.o
                0x000000000800a5d8                HAL_RNG_Init
 .text.HAL_RNG_GenerateRandomNumber
                0x000000000800a688       0x60 Drivers/STM32H7xx_HAL_Driver/Src/stm32h7xx_hal_rng.o
                0x000000000800a688                HAL_RNG_GenerateRandomNumber
 .text.HAL_SAI_InitProtocol
                0x000000000800a6e8      0x8a0 Drivers/STM32H7xx_HAL_Driver/Src/stm32h7xx_hal_sai.o
                0x000000000800a6e8                HAL_SAI_InitProtocol
 .text.HAL_SAI_Abort
                0x000000000800af88      0x100 Drivers/STM32H7xx_HAL_Driver/Src/stm32h7xx_hal_sai.o
                0x000000000800af88                HAL_SAI_Abort
 .text.HAL_SAI_Transmit_DMA
                0x000000000800b088      0x120 Drivers/STM32H7xx_HAL_Driver/Src/stm32h7xx_hal_sai.o
                0x000000000800b088                HAL_SAI_Transmit_DMA
 .text.HAL_SAI_Receive_DMA
                0x000000000800b1a8       0xe0 Drivers/STM32H7xx_HAL_Driver/Src/stm32h7xx_hal_sai.o
                0x000000000800b1a8                HAL_SAI_Receive_DMA
 .text.SAI_DMATxCplt
                0x000000000800b288       0x64 Drivers/STM32H7xx_HAL_Driver/Src/stm32h7xx_hal_sai.o
 .text.SAI_DMATxHalfCplt
                0x000000000800b2ec        0xc Drivers/STM32H7xx_HAL_Driver/Src/stm32h7xx_hal_sai.o
 .text.SAI_DMARxCplt
                0x000000000800b2f8       0x64 Drivers/STM32H7xx_HAL_Driver/Src/stm32h7xx_hal_sai.o
 .text.SAI_DMARxHalfCplt
                0x000000000800b35c        0xc Drivers/STM32H7xx_HAL_Driver/Src/stm32h7xx_hal_sai.o
 .text.SAI_DMAError
                0x000000000800b368       0x7c Drivers/STM32H7xx_HAL_Driver/Src/stm32h7xx_hal_sai.o
 .text.HAL_SAI_IRQHandler
                0x000000000800b3e4      0x168 Drivers/STM32H7xx_HAL_Driver/Src/stm32h7xx_hal_sai.o
                0x000000000800b3e4                HAL_SAI_IRQHandler
 .text.SAI_DMAAbort
                0x000000000800b54c       0x84 Drivers/STM32H7xx_HAL_Driver/Src/stm32h7xx_hal_sai.o
 .text.SD_FindSCR
                0x000000000800b5d0       0xe0 Drivers/STM32H7xx_HAL_Driver/Src/stm32h7xx_hal_sd.o
 .text.HAL_SD_ReadBlocks
                0x000000000800b6b0      0x204 Drivers/STM32H7xx_HAL_Driver/Src/stm32h7xx_hal_sd.o
                0x000000000800b6b0                HAL_SD_ReadBlocks
 .text.HAL_SD_WriteBlocks
                0x000000000800b8b4      0x1dc Drivers/STM32H7xx_HAL_Driver/Src/stm32h7xx_hal_sd.o
                0x000000000800b8b4                HAL_SD_WriteBlocks
 .text.HAL_SD_DriveTransceiver_1_8V_Callback
                0x000000000800ba90        0x4 Drivers/STM32H7xx_HAL_Driver/Src/stm32h7xx_hal_sd.o
                0x000000000800ba90                HAL_SD_DriveTransceiver_1_8V_Callback
 .text.HAL_SD_GetCardCSD
                0x000000000800ba94      0x1bc Drivers/STM32H7xx_HAL_Driver/Src/stm32h7xx_hal_sd.o
                0x000000000800ba94                HAL_SD_GetCardCSD
 .text.HAL_SD_InitCard
                0x000000000800bc50      0x2e8 Drivers/STM32H7xx_HAL_Driver/Src/stm32h7xx_hal_sd.o
                0x000000000800bc50                HAL_SD_InitCard
 .text.HAL_SD_GetCardStatus
                0x000000000800bf38      0x1a4 Drivers/STM32H7xx_HAL_Driver/Src/stm32h7xx_hal_sd.o
                0x000000000800bf38                HAL_SD_GetCardStatus
 .text.HAL_SD_GetCardInfo
                0x000000000800c0dc       0x28 Drivers/STM32H7xx_HAL_Driver/Src/stm32h7xx_hal_sd.o
                0x000000000800c0dc                HAL_SD_GetCardInfo
 .text.HAL_SD_ConfigWideBusOperation
                0x000000000800c104      0x160 Drivers/STM32H7xx_HAL_Driver/Src/stm32h7xx_hal_sd.o
                0x000000000800c104                HAL_SD_ConfigWideBusOperation
 .text.HAL_SD_Init
                0x000000000800c264      0x18c Drivers/STM32H7xx_HAL_Driver/Src/stm32h7xx_hal_sd.o
                0x000000000800c264                HAL_SD_Init
 .text.HAL_SD_GetCardState
                0x000000000800c3f0       0x28 Drivers/STM32H7xx_HAL_Driver/Src/stm32h7xx_hal_sd.o
                0x000000000800c3f0                HAL_SD_GetCardState
 .text.HAL_SDRAM_Init
                0x000000000800c418       0x50 Drivers/STM32H7xx_HAL_Driver/Src/stm32h7xx_hal_sdram.o
                0x000000000800c418                HAL_SDRAM_Init
 .text.HAL_SDRAM_SendCommand
                0x000000000800c468       0x44 Drivers/STM32H7xx_HAL_Driver/Src/stm32h7xx_hal_sdram.o
                0x000000000800c468                HAL_SDRAM_SendCommand
 .text.HAL_SDRAM_ProgramRefreshRate
                0x000000000800c4ac       0x34 Drivers/STM32H7xx_HAL_Driver/Src/stm32h7xx_hal_sdram.o
                0x000000000800c4ac                HAL_SDRAM_ProgramRefreshRate
 .text.TIM_OC1_SetConfig
                0x000000000800c4e0      0x110 Drivers/STM32H7xx_HAL_Driver/Src/stm32h7xx_hal_tim.o
 .text.TIM_OC3_SetConfig
                0x000000000800c5f0       0xe4 Drivers/STM32H7xx_HAL_Driver/Src/stm32h7xx_hal_tim.o
 .text.HAL_TIM_Base_Init
                0x000000000800c6d4      0x22c Drivers/STM32H7xx_HAL_Driver/Src/stm32h7xx_hal_tim.o
                0x000000000800c6d4                HAL_TIM_Base_Init
 .text.HAL_TIM_PWM_Init
                0x000000000800c900      0x22c Drivers/STM32H7xx_HAL_Driver/Src/stm32h7xx_hal_tim.o
                0x000000000800c900                HAL_TIM_PWM_Init
 .text.HAL_TIM_PWM_Start
                0x000000000800cb2c      0x1d4 Drivers/STM32H7xx_HAL_Driver/Src/stm32h7xx_hal_tim.o
                0x000000000800cb2c                HAL_TIM_PWM_Start
 .text.HAL_TIM_ConfigClockSource
                0x000000000800cd00      0x608 Drivers/STM32H7xx_HAL_Driver/Src/stm32h7xx_hal_tim.o
                0x000000000800cd00                HAL_TIM_ConfigClockSource
 .text.TIM_OC2_SetConfig
                0x000000000800d308       0xe8 Drivers/STM32H7xx_HAL_Driver/Src/stm32h7xx_hal_tim.o
                0x000000000800d308                TIM_OC2_SetConfig
 .text.HAL_TIM_PWM_ConfigChannel
                0x000000000800d3f0      0x51c Drivers/STM32H7xx_HAL_Driver/Src/stm32h7xx_hal_tim.o
                0x000000000800d3f0                HAL_TIM_PWM_ConfigChannel
 .text.HAL_TIMEx_MasterConfigSynchronization
                0x000000000800d90c      0x1a0 Drivers/STM32H7xx_HAL_Driver/Src/stm32h7xx_hal_tim_ex.o
                0x000000000800d90c                HAL_TIMEx_MasterConfigSynchronization
 .text.FMC_SDRAM_Init
                0x000000000800daac      0x188 Drivers/STM32H7xx_HAL_Driver/Src/stm32h7xx_ll_fmc.o
                0x000000000800daac                FMC_SDRAM_Init
 .text.FMC_SDRAM_Timing_Init
                0x000000000800dc34      0x150 Drivers/STM32H7xx_HAL_Driver/Src/stm32h7xx_ll_fmc.o
                0x000000000800dc34                FMC_SDRAM_Timing_Init
 .text.FMC_SDRAM_SendCommand
                0x000000000800dd84       0x94 Drivers/STM32H7xx_HAL_Driver/Src/stm32h7xx_ll_fmc.o
                0x000000000800dd84                FMC_SDRAM_SendCommand
 .text.FMC_SDRAM_ProgramRefreshRate
                0x000000000800de18       0x44 Drivers/STM32H7xx_HAL_Driver/Src/stm32h7xx_ll_fmc.o
                0x000000000800de18                FMC_SDRAM_ProgramRefreshRate
 .text.SDMMC_GetCmdResp1.part.2
                0x000000000800de5c       0xc8 Drivers/STM32H7xx_HAL_Driver/Src/stm32h7xx_ll_sdmmc.o
 .text.SDMMC_Init
                0x000000000800df24       0xc0 Drivers/STM32H7xx_HAL_Driver/Src/stm32h7xx_ll_sdmmc.o
                0x000000000800df24                SDMMC_Init
 .text.SDMMC_ReadFIFO
                0x000000000800dfe4        0x8 Drivers/STM32H7xx_HAL_Driver/Src/stm32h7xx_ll_sdmmc.o
                0x000000000800dfe4                SDMMC_ReadFIFO
 .text.SDMMC_WriteFIFO
                0x000000000800dfec        0xc Drivers/STM32H7xx_HAL_Driver/Src/stm32h7xx_ll_sdmmc.o
                0x000000000800dfec                SDMMC_WriteFIFO
 .text.SDMMC_PowerState_ON
                0x000000000800dff8       0x10 Drivers/STM32H7xx_HAL_Driver/Src/stm32h7xx_ll_sdmmc.o
                0x000000000800dff8                SDMMC_PowerState_ON
 .text.SDMMC_GetPowerState
                0x000000000800e008        0x8 Drivers/STM32H7xx_HAL_Driver/Src/stm32h7xx_ll_sdmmc.o
                0x000000000800e008                SDMMC_GetPowerState
 .text.SDMMC_GetResponse
                0x000000000800e010       0x20 Drivers/STM32H7xx_HAL_Driver/Src/stm32h7xx_ll_sdmmc.o
                0x000000000800e010                SDMMC_GetResponse
 .text.SDMMC_ConfigData
                0x000000000800e030       0xbc Drivers/STM32H7xx_HAL_Driver/Src/stm32h7xx_ll_sdmmc.o
                0x000000000800e030                SDMMC_ConfigData
 .text.SDMMC_CmdBlockLength
                0x000000000800e0ec       0x88 Drivers/STM32H7xx_HAL_Driver/Src/stm32h7xx_ll_sdmmc.o
                0x000000000800e0ec                SDMMC_CmdBlockLength
 .text.SDMMC_CmdReadSingleBlock
                0x000000000800e174       0x88 Drivers/STM32H7xx_HAL_Driver/Src/stm32h7xx_ll_sdmmc.o
                0x000000000800e174                SDMMC_CmdReadSingleBlock
 .text.SDMMC_CmdReadMultiBlock
                0x000000000800e1fc       0x88 Drivers/STM32H7xx_HAL_Driver/Src/stm32h7xx_ll_sdmmc.o
                0x000000000800e1fc                SDMMC_CmdReadMultiBlock
 .text.SDMMC_CmdWriteSingleBlock
                0x000000000800e284       0x88 Drivers/STM32H7xx_HAL_Driver/Src/stm32h7xx_ll_sdmmc.o
                0x000000000800e284                SDMMC_CmdWriteSingleBlock
 .text.SDMMC_CmdWriteMultiBlock
                0x000000000800e30c       0x88 Drivers/STM32H7xx_HAL_Driver/Src/stm32h7xx_ll_sdmmc.o
                0x000000000800e30c                SDMMC_CmdWriteMultiBlock
 .text.SDMMC_CmdStopTransfer
                0x000000000800e394       0xc8 Drivers/STM32H7xx_HAL_Driver/Src/stm32h7xx_ll_sdmmc.o
                0x000000000800e394                SDMMC_CmdStopTransfer
 .text.SDMMC_CmdSelDesel
                0x000000000800e45c       0x88 Drivers/STM32H7xx_HAL_Driver/Src/stm32h7xx_ll_sdmmc.o
                0x000000000800e45c                SDMMC_CmdSelDesel
 .text.SDMMC_CmdGoIdleState
                0x000000000800e4e4       0x5c Drivers/STM32H7xx_HAL_Driver/Src/stm32h7xx_ll_sdmmc.o
                0x000000000800e4e4                SDMMC_CmdGoIdleState
 .text.SDMMC_CmdOperCond
                0x000000000800e540       0x80 Drivers/STM32H7xx_HAL_Driver/Src/stm32h7xx_ll_sdmmc.o
                0x000000000800e540                SDMMC_CmdOperCond
 .text.SDMMC_CmdAppCommand
                0x000000000800e5c0       0x88 Drivers/STM32H7xx_HAL_Driver/Src/stm32h7xx_ll_sdmmc.o
                0x000000000800e5c0                SDMMC_CmdAppCommand
 .text.SDMMC_CmdAppOperCommand
                0x000000000800e648       0x68 Drivers/STM32H7xx_HAL_Driver/Src/stm32h7xx_ll_sdmmc.o
                0x000000000800e648                SDMMC_CmdAppOperCommand
 .text.SDMMC_CmdBusWidth
                0x000000000800e6b0       0x88 Drivers/STM32H7xx_HAL_Driver/Src/stm32h7xx_ll_sdmmc.o
                0x000000000800e6b0                SDMMC_CmdBusWidth
 .text.SDMMC_CmdSendSCR
                0x000000000800e738       0x88 Drivers/STM32H7xx_HAL_Driver/Src/stm32h7xx_ll_sdmmc.o
                0x000000000800e738                SDMMC_CmdSendSCR
 .text.SDMMC_CmdSendCID
                0x000000000800e7c0       0x74 Drivers/STM32H7xx_HAL_Driver/Src/stm32h7xx_ll_sdmmc.o
                0x000000000800e7c0                SDMMC_CmdSendCID
 .text.SDMMC_CmdSendCSD
                0x000000000800e834       0x74 Drivers/STM32H7xx_HAL_Driver/Src/stm32h7xx_ll_sdmmc.o
                0x000000000800e834                SDMMC_CmdSendCSD
 .text.SDMMC_CmdSetRelAdd
                0x000000000800e8a8       0xa8 Drivers/STM32H7xx_HAL_Driver/Src/stm32h7xx_ll_sdmmc.o
                0x000000000800e8a8                SDMMC_CmdSetRelAdd
 .text.SDMMC_CmdSendStatus
                0x000000000800e950       0x88 Drivers/STM32H7xx_HAL_Driver/Src/stm32h7xx_ll_sdmmc.o
                0x000000000800e950                SDMMC_CmdSendStatus
 .text.SDMMC_CmdStatusRegister
                0x000000000800e9d8       0x88 Drivers/STM32H7xx_HAL_Driver/Src/stm32h7xx_ll_sdmmc.o
                0x000000000800e9d8                SDMMC_CmdStatusRegister
 .text.SDMMC_CmdVoltageSwitch
                0x000000000800ea60       0x88 Drivers/STM32H7xx_HAL_Driver/Src/stm32h7xx_ll_sdmmc.o
                0x000000000800ea60                SDMMC_CmdVoltageSwitch
 .text.USB_CoreInit
                0x000000000800eae8       0xd4 Drivers/STM32H7xx_HAL_Driver/Src/stm32h7xx_ll_usb.o
                0x000000000800eae8                USB_CoreInit
 .text.USB_EnableGlobalInt
                0x000000000800ebbc       0x10 Drivers/STM32H7xx_HAL_Driver/Src/stm32h7xx_ll_usb.o
                0x000000000800ebbc                USB_EnableGlobalInt
 .text.USB_DisableGlobalInt
                0x000000000800ebcc       0x10 Drivers/STM32H7xx_HAL_Driver/Src/stm32h7xx_ll_usb.o
                0x000000000800ebcc                USB_DisableGlobalInt
 .text.USB_SetCurrentMode
                0x000000000800ebdc       0x30 Drivers/STM32H7xx_HAL_Driver/Src/stm32h7xx_ll_usb.o
                0x000000000800ebdc                USB_SetCurrentMode
 .text.USB_ReadPacket
                0x000000000800ec0c       0x28 Drivers/STM32H7xx_HAL_Driver/Src/stm32h7xx_ll_usb.o
                0x000000000800ec0c                USB_ReadPacket
 .text.USB_ReadInterrupts
                0x000000000800ec34        0x8 Drivers/STM32H7xx_HAL_Driver/Src/stm32h7xx_ll_usb.o
                0x000000000800ec34                USB_ReadInterrupts
 .text.USB_GetMode
                0x000000000800ec3c        0x8 Drivers/STM32H7xx_HAL_Driver/Src/stm32h7xx_ll_usb.o
                0x000000000800ec3c                USB_GetMode
 .text.USB_HostInit
                0x000000000800ec44      0x120 Drivers/STM32H7xx_HAL_Driver/Src/stm32h7xx_ll_usb.o
                0x000000000800ec44                USB_HostInit
 .text.USB_InitFSLSPClkSel
                0x000000000800ed64       0x50 Drivers/STM32H7xx_HAL_Driver/Src/stm32h7xx_ll_usb.o
                0x000000000800ed64                USB_InitFSLSPClkSel
 .text.USB_ResetPort
                0x000000000800edb4       0x40 Drivers/STM32H7xx_HAL_Driver/Src/stm32h7xx_ll_usb.o
                0x000000000800edb4                USB_ResetPort
 .text.USB_DriveVbus
                0x000000000800edf4       0x48 Drivers/STM32H7xx_HAL_Driver/Src/stm32h7xx_ll_usb.o
                0x000000000800edf4                USB_DriveVbus
 .text.USB_GetHostSpeed
                0x000000000800ee3c       0x18 Drivers/STM32H7xx_HAL_Driver/Src/stm32h7xx_ll_usb.o
                0x000000000800ee3c                USB_GetHostSpeed
 .text.USB_GetCurrentFrame
                0x000000000800ee54        0xc Drivers/STM32H7xx_HAL_Driver/Src/stm32h7xx_ll_usb.o
                0x000000000800ee54                USB_GetCurrentFrame
 .text.USB_HC_Init
                0x000000000800ee60      0x138 Drivers/STM32H7xx_HAL_Driver/Src/stm32h7xx_ll_usb.o
                0x000000000800ee60                USB_HC_Init
 .text.USB_HC_StartXfer
                0x000000000800ef98      0x174 Drivers/STM32H7xx_HAL_Driver/Src/stm32h7xx_ll_usb.o
                0x000000000800ef98                USB_HC_StartXfer
 .text.USB_HC_ReadInterrupt
                0x000000000800f10c        0xc Drivers/STM32H7xx_HAL_Driver/Src/stm32h7xx_ll_usb.o
                0x000000000800f10c                USB_HC_ReadInterrupt
 .text.USB_HC_Halt
                0x000000000800f118       0xb0 Drivers/STM32H7xx_HAL_Driver/Src/stm32h7xx_ll_usb.o
                0x000000000800f118                USB_HC_Halt
 .text.USB_StopHost
                0x000000000800f1c8      0x17c Drivers/STM32H7xx_HAL_Driver/Src/stm32h7xx_ll_usb.o
                0x000000000800f1c8                USB_StopHost
 .text.USBH_Init
                0x000000000800f344       0x70 Middlewares/ST/STM32_USB_Host_Library/Core/Src/usbh_core.o
                0x000000000800f344                USBH_Init
 .text.USBH_DeInit
                0x000000000800f3b4       0x5c Middlewares/ST/STM32_USB_Host_Library/Core/Src/usbh_core.o
                0x000000000800f3b4                USBH_DeInit
 .text.USBH_RegisterClass
                0x000000000800f410       0x1c Middlewares/ST/STM32_USB_Host_Library/Core/Src/usbh_core.o
                0x000000000800f410                USBH_RegisterClass
 .text.USBH_SelectInterface
                0x000000000800f42c       0x14 Middlewares/ST/STM32_USB_Host_Library/Core/Src/usbh_core.o
                0x000000000800f42c                USBH_SelectInterface
 .text.USBH_FindInterface
                0x000000000800f440      0x1b0 Middlewares/ST/STM32_USB_Host_Library/Core/Src/usbh_core.o
                0x000000000800f440                USBH_FindInterface
 .text.USBH_Start
                0x000000000800f5f0       0x14 Middlewares/ST/STM32_USB_Host_Library/Core/Src/usbh_core.o
                0x000000000800f5f0                USBH_Start
 .text.USBH_Stop
                0x000000000800f604       0x24 Middlewares/ST/STM32_USB_Host_Library/Core/Src/usbh_core.o
                0x000000000800f604                USBH_Stop
 .text.USBH_Process
                0x000000000800f628      0x4c8 Middlewares/ST/STM32_USB_Host_Library/Core/Src/usbh_core.o
                0x000000000800f628                USBH_Process
 .text.USBH_LL_SetTimer
                0x000000000800faf0        0x8 Middlewares/ST/STM32_USB_Host_Library/Core/Src/usbh_core.o
                0x000000000800faf0                USBH_LL_SetTimer
 .text.USBH_LL_IncTimer
                0x000000000800faf8       0x20 Middlewares/ST/STM32_USB_Host_Library/Core/Src/usbh_core.o
                0x000000000800faf8                USBH_LL_IncTimer
 .text.USBH_LL_PortEnabled
                0x000000000800fb18        0x8 Middlewares/ST/STM32_USB_Host_Library/Core/Src/usbh_core.o
                0x000000000800fb18                USBH_LL_PortEnabled
 .text.USBH_LL_PortDisabled
                0x000000000800fb20        0x8 Middlewares/ST/STM32_USB_Host_Library/Core/Src/usbh_core.o
                0x000000000800fb20                USBH_LL_PortDisabled
 .text.USBH_LL_Connect
                0x000000000800fb28       0x18 Middlewares/ST/STM32_USB_Host_Library/Core/Src/usbh_core.o
                0x000000000800fb28                USBH_LL_Connect
 .text.USBH_LL_Disconnect
                0x000000000800fb40       0x2c Middlewares/ST/STM32_USB_Host_Library/Core/Src/usbh_core.o
                0x000000000800fb40                USBH_LL_Disconnect
 .text.USBH_Get_DevDesc
                0x000000000800fb6c      0x21c Middlewares/ST/STM32_USB_Host_Library/Core/Src/usbh_ctlreq.o
                0x000000000800fb6c                USBH_Get_DevDesc
 .text.USBH_Get_CfgDesc
                0x000000000800fd88      0x2ac Middlewares/ST/STM32_USB_Host_Library/Core/Src/usbh_ctlreq.o
                0x000000000800fd88                USBH_Get_CfgDesc
 .text.USBH_Get_StringDesc
                0x0000000008010034      0x21c Middlewares/ST/STM32_USB_Host_Library/Core/Src/usbh_ctlreq.o
                0x0000000008010034                USBH_Get_StringDesc
 .text.USBH_SetAddress
                0x0000000008010250      0x1cc Middlewares/ST/STM32_USB_Host_Library/Core/Src/usbh_ctlreq.o
                0x0000000008010250                USBH_SetAddress
 .text.USBH_SetCfg
                0x000000000801041c      0x1cc Middlewares/ST/STM32_USB_Host_Library/Core/Src/usbh_ctlreq.o
                0x000000000801041c                USBH_SetCfg
 .text.USBH_SetFeature
                0x00000000080105e8      0x1cc Middlewares/ST/STM32_USB_Host_Library/Core/Src/usbh_ctlreq.o
                0x00000000080105e8                USBH_SetFeature
 .text.USBH_ClrFeature
                0x00000000080107b4      0x1cc Middlewares/ST/STM32_USB_Host_Library/Core/Src/usbh_ctlreq.o
                0x00000000080107b4                USBH_ClrFeature
 .text.USBH_CtlSendSetup
                0x0000000008010980       0x20 Middlewares/ST/STM32_USB_Host_Library/Core/Src/usbh_ioreq.o
                0x0000000008010980                USBH_CtlSendSetup
 .text.USBH_CtlSendData
                0x00000000080109a0       0x30 Middlewares/ST/STM32_USB_Host_Library/Core/Src/usbh_ioreq.o
                0x00000000080109a0                USBH_CtlSendData
 .text.USBH_CtlReceiveData
                0x00000000080109d0       0x24 Middlewares/ST/STM32_USB_Host_Library/Core/Src/usbh_ioreq.o
                0x00000000080109d0                USBH_CtlReceiveData
 .text.USBH_BulkReceiveData
                0x00000000080109f4       0x24 Middlewares/ST/STM32_USB_Host_Library/Core/Src/usbh_ioreq.o
                0x00000000080109f4                USBH_BulkReceiveData
 .text.USBH_OpenPipe
                0x0000000008010a18       0x20 Middlewares/ST/STM32_USB_Host_Library/Core/Src/usbh_pipes.o
                0x0000000008010a18                USBH_OpenPipe
 .text.USBH_ClosePipe
                0x0000000008010a38        0xc Middlewares/ST/STM32_USB_Host_Library/Core/Src/usbh_pipes.o
                0x0000000008010a38                USBH_ClosePipe
 .text.USBH_AllocPipe
                0x0000000008010a44       0x94 Middlewares/ST/STM32_USB_Host_Library/Core/Src/usbh_pipes.o
                0x0000000008010a44                USBH_AllocPipe
 .text.USBH_FreePipe
                0x0000000008010ad8       0x18 Middlewares/ST/STM32_USB_Host_Library/Core/Src/usbh_pipes.o
                0x0000000008010ad8                USBH_FreePipe
 .text.FATFS_LinkDriver
                0x0000000008010af0       0x4c Middlewares/Third_Party/FatFs/src/ff_gen_drv.o
                0x0000000008010af0                FATFS_LinkDriver
 .text.MIDI_Application
                0x0000000008010b3c       0x68 Src/MIDI_application.o
                0x0000000008010b3c                MIDI_Application
 .text.ProcessReceivedMidiDatas
                0x0000000008010ba4      0x118 Src/MIDI_application.o
                0x0000000008010ba4                ProcessReceivedMidiDatas
 .text.MX_ADC1_Init
                0x0000000008010cbc      0x148 Src/adc.o
                0x0000000008010cbc                MX_ADC1_Init
 .text.HAL_ADC_MspInit
                0x0000000008010e04      0x138 Src/adc.o
                0x0000000008010e04                HAL_ADC_MspInit
 .text.audioFrame
                0x0000000008010f3c      0x4c4 Src/audiostream.o
                0x0000000008010f3c                audioFrame
 .text.initFunctionPointers
                0x0000000008011400      0x260 Src/audiostream.o
                0x0000000008011400                initFunctionPointers
 .text.audioInit
                0x0000000008011660      0x194 Src/audiostream.o
                0x0000000008011660                audioInit
 .text.HAL_SAI_ErrorCallback
                0x00000000080117f4        0x8 Src/audiostream.o
                0x00000000080117f4                HAL_SAI_ErrorCallback
 .text.HAL_SAI_TxCpltCallback
                0x00000000080117fc        0x4 Src/audiostream.o
                0x00000000080117fc                HAL_SAI_TxCpltCallback
 .text.HAL_SAI_TxHalfCpltCallback
                0x0000000008011800        0x4 Src/audiostream.o
                0x0000000008011800                HAL_SAI_TxHalfCpltCallback
 .text.HAL_SAI_RxCpltCallback
                0x0000000008011804        0x8 Src/audiostream.o
                0x0000000008011804                HAL_SAI_RxCpltCallback
 .text.HAL_SAI_RxHalfCpltCallback
                0x000000000801180c        0x8 Src/audiostream.o
                0x000000000801180c                HAL_SAI_RxHalfCpltCallback
 .text.MX_BDMA_Init
                0x0000000008011814       0x48 Src/bdma.o
                0x0000000008011814                MX_BDMA_Init
 .text.BSP_SD_ReadBlocks
                0x000000000801185c       0x24 Src/bsp_driver_sd.o
                0x000000000801185c                BSP_SD_ReadBlocks
 .text.BSP_SD_WriteBlocks
                0x0000000008011880       0x24 Src/bsp_driver_sd.o
                0x0000000008011880                BSP_SD_WriteBlocks
 .text.BSP_SD_GetCardState
                0x00000000080118a4       0x14 Src/bsp_driver_sd.o
                0x00000000080118a4                BSP_SD_GetCardState
 .text.BSP_SD_GetCardInfo
                0x00000000080118b8        0xc Src/bsp_driver_sd.o
                0x00000000080118b8                BSP_SD_GetCardInfo
 .text.BSP_SD_IsDetected
                0x00000000080118c4       0x20 Src/bsp_driver_sd.o
                0x00000000080118c4                BSP_SD_IsDetected
 .text.BSP_SD_Init
                0x00000000080118e4       0x30 Src/bsp_driver_sd.o
                0x00000000080118e4                BSP_SD_Init
 .text.AudioCodec_init
                0x0000000008011914      0x108 Src/codec.o
                0x0000000008011914                AudioCodec_init
 .text.MX_DMA_Init
                0x0000000008011a1c       0x80 Src/dma.o
                0x0000000008011a1c                MX_DMA_Init
 .text.EE_VerifyPageFullWriteVariable
                0x0000000008011a9c       0xa8 Src/eeprom.o
 .text.EE_Init  0x0000000008011b44      0x3b0 Src/eeprom.o
                0x0000000008011b44                EE_Init
 .text.EE_ReadVariable
                0x0000000008011ef4       0x78 Src/eeprom.o
                0x0000000008011ef4                EE_ReadVariable
 .text.EE_WriteVariable
                0x0000000008011f6c      0x200 Src/eeprom.o
                0x0000000008011f6c                EE_WriteVariable
 .text.MX_FATFS_Init
                0x000000000801216c       0x1c Src/fatfs.o
                0x000000000801216c                MX_FATFS_Init
 .text.BSP_PlatformIsDetected
                0x0000000008012188       0x18 Src/fatfs_platform.o
                0x0000000008012188                BSP_PlatformIsDetected
 .text.MX_FMC_Init
                0x00000000080121a0       0x6c Src/fmc.o
                0x00000000080121a0                MX_FMC_Init
 .text.HAL_SDRAM_MspInit
                0x000000000801220c       0xc8 Src/fmc.o
                0x000000000801220c                HAL_SDRAM_MspInit
 .text.GFXdrawPixel.part.0
                0x00000000080122d4       0xc4 Src/gfx.o
 .text.GFXinit  0x0000000008012398       0x30 Src/gfx.o
                0x0000000008012398                GFXinit
 .text.GFXwriteLine
                0x00000000080123c8      0x110 Src/gfx.o
                0x00000000080123c8                GFXwriteLine
 .text.GFXdrawPixel
                0x00000000080124d8       0xd0 Src/gfx.o
                0x00000000080124d8                GFXdrawPixel
 .text.GFXfillRect
                0x00000000080125a8      0x260 Src/gfx.o
                0x00000000080125a8                GFXfillRect
 .text.GFXdrawChar
                0x0000000008012808      0x42c Src/gfx.o
                0x0000000008012808                GFXdrawChar
 .text.GFXwrite
                0x0000000008012c34      0x168 Src/gfx.o
                0x0000000008012c34                GFXwrite
 .text.GFXsetCursor
                0x0000000008012d9c        0x8 Src/gfx.o
                0x0000000008012d9c                GFXsetCursor
 .text.GFXgetCursorX
                0x0000000008012da4        0x8 Src/gfx.o
                0x0000000008012da4                GFXgetCursorX
 .text.GFXsetTextSize
                0x0000000008012dac        0xc Src/gfx.o
                0x0000000008012dac                GFXsetTextSize
 .text.GFXsetTextColor
                0x0000000008012db8        0x8 Src/gfx.o
                0x0000000008012db8                GFXsetTextColor
 .text.GFXsetFont
                0x0000000008012dc0       0x24 Src/gfx.o
                0x0000000008012dc0                GFXsetFont
 .text.OLEDparseInt
                0x0000000008012de4       0x40 Src/gfx.o
                0x0000000008012de4                OLEDparseInt
 .text.OLEDparsePitch
                0x0000000008012e24       0xc4 Src/gfx.o
                0x0000000008012e24                OLEDparsePitch
 .text.OLEDparsePitchClass
                0x0000000008012ee8       0x5c Src/gfx.o
                0x0000000008012ee8                OLEDparsePitchClass
 .text.OLEDparseFixedFloat
                0x0000000008012f44      0x168 Src/gfx.o
                0x0000000008012f44                OLEDparseFixedFloat
 .text.MX_GPIO_Init
                0x00000000080130ac      0x258 Src/gpio.o
                0x00000000080130ac                MX_GPIO_Init
 .text.MX_I2C2_Init
                0x0000000008013304       0x5c Src/i2c.o
                0x0000000008013304                MX_I2C2_Init
 .text.MX_I2C4_Init
                0x0000000008013360       0x5c Src/i2c.o
                0x0000000008013360                MX_I2C4_Init
 .text.HAL_I2C_MspInit
                0x00000000080133bc      0x168 Src/i2c.o
                0x00000000080133bc                HAL_I2C_MspInit
 .text.HAL_I2C_MspDeInit
                0x0000000008013524       0x78 Src/i2c.o
                0x0000000008013524                HAL_I2C_MspDeInit
 .text.SCB_EnableDCache
                0x000000000801359c       0x60 Src/main.o
 .text.SystemClock_Config
                0x00000000080135fc      0x138 Src/main.o
                0x00000000080135fc                SystemClock_Config
 .text.HAL_ADC_ConvCpltCallback
                0x0000000008013734        0x4 Src/main.o
                0x0000000008013734                HAL_ADC_ConvCpltCallback
 .text.HAL_ADC_ConvHalfCpltCallback
                0x0000000008013738        0x4 Src/main.o
                0x0000000008013738                HAL_ADC_ConvHalfCpltCallback
 .text.SDRAM_Initialization_sequence
                0x000000000801373c       0xb8 Src/main.o
                0x000000000801373c                SDRAM_Initialization_sequence
 .text.randomNumber
                0x00000000080137f4       0x2c Src/main.o
                0x00000000080137f4                randomNumber
 .text.MPU_Conf
                0x0000000008013820       0x50 Src/main.o
                0x0000000008013820                MPU_Conf
 .text.startup.main
                0x0000000008013870      0x258 Src/main.o
                0x0000000008013870                main
 .text.prvGetRegistersFromStack
                0x0000000008013ac8       0x54 Src/main.o
                0x0000000008013ac8                prvGetRegistersFromStack
 .text.LEAF_error
                0x0000000008013b1c        0xc Src/main.o
                0x0000000008013b1c                LEAF_error
 .text.CycleCounterTrackMinAndMax
                0x0000000008013b28       0xac Src/main.o
                0x0000000008013b28                CycleCounterTrackMinAndMax
 .text.Error_Handler
                0x0000000008013bd4        0x4 Src/main.o
                0x0000000008013bd4                Error_Handler
 .text.assert_failed
                0x0000000008013bd8        0x4 Src/main.o
                0x0000000008013bd8                assert_failed
 .text.setLED_Edit
                0x0000000008013bdc       0x1c Src/oled.o
                0x0000000008013bdc                setLED_Edit
 .text.setLED_USB
                0x0000000008013bf8       0x1c Src/oled.o
                0x0000000008013bf8                setLED_USB
 .text.setLED_1
                0x0000000008013c14       0x20 Src/oled.o
                0x0000000008013c14                setLED_1
 .text.setLED_2
                0x0000000008013c34       0x20 Src/oled.o
                0x0000000008013c34                setLED_2
 .text.setLED_A
                0x0000000008013c54       0x1c Src/oled.o
                0x0000000008013c54                setLED_A
 .text.setLED_B
                0x0000000008013c70       0x1c Src/oled.o
                0x0000000008013c70                setLED_B
 .text.setLED_C
                0x0000000008013c8c       0x20 Src/oled.o
                0x0000000008013c8c                setLED_C
 .text.setLED_leftout_clip
                0x0000000008013cac       0x1c Src/oled.o
                0x0000000008013cac                setLED_leftout_clip
 .text.setLED_rightout_clip
                0x0000000008013cc8       0x1c Src/oled.o
                0x0000000008013cc8                setLED_rightout_clip
 .text.setLED_leftin_clip
                0x0000000008013ce4       0x1c Src/oled.o
                0x0000000008013ce4                setLED_leftin_clip
 .text.setLED_rightin_clip
                0x0000000008013d00       0x1c Src/oled.o
                0x0000000008013d00                setLED_rightin_clip
 .text.OLED_writePreset
                0x0000000008013d1c       0xf4 Src/oled.o
                0x0000000008013d1c                OLED_writePreset
 .text.OLED_init
                0x0000000008013e10      0x104 Src/oled.o
                0x0000000008013e10                OLED_init
 .text.OLED_writeEditScreen
                0x0000000008013f14       0x98 Src/oled.o
                0x0000000008013f14                OLED_writeEditScreen
 .text.OLED_writeTuning
                0x0000000008013fac       0xf4 Src/oled.o
                0x0000000008013fac                OLED_writeTuning
 .text.OLED_draw
                0x00000000080140a0        0x4 Src/oled.o
                0x00000000080140a0                OLED_draw
 .text.OLEDclearLine
                0x00000000080140a4       0x28 Src/oled.o
                0x00000000080140a4                OLEDclearLine
 .text.OLEDwriteString
                0x00000000080140cc       0x54 Src/oled.o
                0x00000000080140cc                OLEDwriteString
 .text.OLEDwriteInt
                0x0000000008014120       0x64 Src/oled.o
                0x0000000008014120                OLEDwriteInt
 .text.OLEDwritePitch
                0x0000000008014184       0x64 Src/oled.o
                0x0000000008014184                OLEDwritePitch
 .text.OLEDwritePitchClass
                0x00000000080141e8       0x60 Src/oled.o
                0x00000000080141e8                OLEDwritePitchClass
 .text.OLEDwriteFloat
                0x0000000008014248      0x164 Src/oled.o
                0x0000000008014248                OLEDwriteFloat
 .text.OLED_writeKnobParameter.part.0
                0x00000000080143ac      0x140 Src/oled.o
 .text.OLED_process
                0x00000000080144ec       0xd8 Src/oled.o
                0x00000000080144ec                OLED_process
 .text.OLEDgetCursor
                0x00000000080145c4        0xc Src/oled.o
                0x00000000080145c4                OLEDgetCursor
 .text.MX_RNG_Init
                0x00000000080145d0       0x28 Src/rng.o
                0x00000000080145d0                MX_RNG_Init
 .text.HAL_RNG_MspInit
                0x00000000080145f8       0x34 Src/rng.o
                0x00000000080145f8                HAL_RNG_MspInit
 .text.MX_SAI1_Init
                0x000000000801462c       0x7c Src/sai.o
                0x000000000801462c                MX_SAI1_Init
 .text.HAL_SAI_MspInit
                0x00000000080146a8      0x1a4 Src/sai.o
                0x00000000080146a8                HAL_SAI_MspInit
 .text.SD_initialize
                0x000000000801484c       0x30 Src/sd_diskio.o
                0x000000000801484c                SD_initialize
 .text.SD_status
                0x000000000801487c       0x20 Src/sd_diskio.o
                0x000000000801487c                SD_status
 .text.SD_read  0x000000000801489c       0x20 Src/sd_diskio.o
                0x000000000801489c                SD_read
 .text.SD_ioctl
                0x00000000080148bc       0x60 Src/sd_diskio.o
                0x00000000080148bc                SD_ioctl
 .text.SD_write
                0x000000000801491c       0x20 Src/sd_diskio.o
                0x000000000801491c                SD_write
 .text.MX_SDMMC1_SD_Init
                0x000000000801493c       0x2c Src/sdmmc.o
                0x000000000801493c                MX_SDMMC1_SD_Init
 .text.HAL_SD_MspInit
                0x0000000008014968       0xd0 Src/sdmmc.o
                0x0000000008014968                HAL_SD_MspInit
 .text.initGlobalSFXObjects
                0x0000000008014a38      0x56c Src/sfx.o
                0x0000000008014a38                initGlobalSFXObjects
 .text.SFXVocoderAlloc
                0x0000000008014fa4      0x144 Src/sfx.o
                0x0000000008014fa4                SFXVocoderAlloc
 .text.SFXVocoderFrame
                0x00000000080150e8      0x26c Src/sfx.o
                0x00000000080150e8                SFXVocoderFrame
 .text.SFXVocoderTick
                0x0000000008015354      0x1d0 Src/sfx.o
                0x0000000008015354                SFXVocoderTick
 .text.SFXVocoderFree
                0x0000000008015524       0x90 Src/sfx.o
                0x0000000008015524                SFXVocoderFree
 .text.SFXVocoderChAlloc
                0x00000000080155b4      0x40c Src/sfx.o
                0x00000000080155b4                SFXVocoderChAlloc
 .text.SFXVocoderChFrame
                0x00000000080159c0      0x5dc Src/sfx.o
                0x00000000080159c0                SFXVocoderChFrame
 .text.SFXVocoderChTick
                0x0000000008015f9c      0x2dc Src/sfx.o
                0x0000000008015f9c                SFXVocoderChTick
 .text.SFXVocoderChFree
                0x0000000008016278       0xdc Src/sfx.o
                0x0000000008016278                SFXVocoderChFree
 .text.SFXPitchShiftAlloc
                0x0000000008016354       0xbc Src/sfx.o
                0x0000000008016354                SFXPitchShiftAlloc
 .text.SFXPitchShiftFrame
                0x0000000008016410        0x4 Src/sfx.o
                0x0000000008016410                SFXPitchShiftFrame
 .text.SFXPitchShiftTick
                0x0000000008016414      0x1c8 Src/sfx.o
                0x0000000008016414                SFXPitchShiftTick
 .text.SFXPitchShiftFree
                0x00000000080165dc       0x54 Src/sfx.o
                0x00000000080165dc                SFXPitchShiftFree
 .text.SFXNeartuneAlloc
                0x0000000008016630       0xd8 Src/sfx.o
                0x0000000008016630                SFXNeartuneAlloc
 .text.SFXNeartuneFrame
                0x0000000008016708       0xb4 Src/sfx.o
                0x0000000008016708                SFXNeartuneFrame
 .text.SFXNeartuneFree
                0x00000000080167bc       0x24 Src/sfx.o
                0x00000000080167bc                SFXNeartuneFree
 .text.SFXAutotuneAlloc
                0x00000000080167e0       0x28 Src/sfx.o
                0x00000000080167e0                SFXAutotuneAlloc
 .text.SFXAutotuneFrame
                0x0000000008016808      0x100 Src/sfx.o
                0x0000000008016808                SFXAutotuneFrame
 .text.SFXAutotuneTick
                0x0000000008016908       0xc4 Src/sfx.o
                0x0000000008016908                SFXAutotuneTick
 .text.SFXAutotuneFree
                0x00000000080169cc        0xc Src/sfx.o
                0x00000000080169cc                SFXAutotuneFree
 .text.SFXSamplerBPAlloc
                0x00000000080169d8       0xa8 Src/sfx.o
                0x00000000080169d8                SFXSamplerBPAlloc
 .text.SFXSamplerBPFrame
                0x0000000008016a80        0x4 Src/sfx.o
                0x0000000008016a80                SFXSamplerBPFrame
 .text.SFXSamplerBPTick
                0x0000000008016a84      0x270 Src/sfx.o
                0x0000000008016a84                SFXSamplerBPTick
 .text.SFXSamplerBPFree
                0x0000000008016cf4       0x40 Src/sfx.o
                0x0000000008016cf4                SFXSamplerBPFree
 .text.SFXSamplerKAlloc
                0x0000000008016d34      0x168 Src/sfx.o
                0x0000000008016d34                SFXSamplerKAlloc
 .text.SFXSamplerKFrame
                0x0000000008016e9c      0x2dc Src/sfx.o
                0x0000000008016e9c                SFXSamplerKFrame
 .text.SFXSamplerKTick
                0x0000000008017178      0x678 Src/sfx.o
                0x0000000008017178                SFXSamplerKTick
 .text.SFXSamplerKFree
                0x00000000080177f0       0x50 Src/sfx.o
                0x00000000080177f0                SFXSamplerKFree
 .text.SFXSamplerAutoAlloc
                0x0000000008017840      0x118 Src/sfx.o
                0x0000000008017840                SFXSamplerAutoAlloc
 .text.SFXSamplerAutoFrame
                0x0000000008017958       0x2c Src/sfx.o
                0x0000000008017958                SFXSamplerAutoFrame
 *fill*         0x0000000008017984        0x4 
 .text.SFXSamplerAutoTick
                0x0000000008017988      0x4f0 Src/sfx.o
                0x0000000008017988                SFXSamplerAutoTick
 .text.SFXSamplerAutoFree
                0x0000000008017e78       0x58 Src/sfx.o
                0x0000000008017e78                SFXSamplerAutoFree
 .text.SFXDistortionAlloc
                0x0000000008017ed0       0xe0 Src/sfx.o
                0x0000000008017ed0                SFXDistortionAlloc
 .text.SFXDistortionFrame
                0x0000000008017fb0       0xcc Src/sfx.o
                0x0000000008017fb0                SFXDistortionFrame
 .text.SFXDistortionTick
                0x000000000801807c       0xf0 Src/sfx.o
                0x000000000801807c                SFXDistortionTick
 .text.SFXDistortionFree
                0x000000000801816c       0x3c Src/sfx.o
                0x000000000801816c                SFXDistortionFree
 .text.SFXWaveFolderAlloc
                0x00000000080181a8       0x60 Src/sfx.o
                0x00000000080181a8                SFXWaveFolderAlloc
 .text.SFXWaveFolderFrame
                0x0000000008018208       0x2c Src/sfx.o
                0x0000000008018208                SFXWaveFolderFrame
 .text.SFXWaveFolderTick
                0x0000000008018234      0x118 Src/sfx.o
                0x0000000008018234                SFXWaveFolderTick
 .text.SFXWaveFolderFree
                0x000000000801834c       0x3c Src/sfx.o
                0x000000000801834c                SFXWaveFolderFree
 .text.SFXBitcrusherAlloc
                0x0000000008018388       0x34 Src/sfx.o
                0x0000000008018388                SFXBitcrusherAlloc
 .text.SFXBitcrusherFrame
                0x00000000080183bc       0x2c Src/sfx.o
                0x00000000080183bc                SFXBitcrusherFrame
 .text.SFXBitcrusherTick
                0x00000000080183e8      0x16c Src/sfx.o
                0x00000000080183e8                SFXBitcrusherTick
 .text.SFXBitcrusherFree
                0x0000000008018554       0x24 Src/sfx.o
                0x0000000008018554                SFXBitcrusherFree
 .text.SFXDelayAlloc
                0x0000000008018578       0xec Src/sfx.o
                0x0000000008018578                SFXDelayAlloc
 .text.SFXDelayFrame
                0x0000000008018664       0x68 Src/sfx.o
                0x0000000008018664                SFXDelayFrame
 .text.SFXDelayTick
                0x00000000080186cc      0x278 Src/sfx.o
                0x00000000080186cc                SFXDelayTick
 .text.SFXDelayFree
                0x0000000008018944       0x58 Src/sfx.o
                0x0000000008018944                SFXDelayFree
 .text.SFXReverbAlloc
                0x000000000801899c       0x4c Src/sfx.o
                0x000000000801899c                SFXReverbAlloc
 .text.SFXReverbFrame
                0x00000000080189e8       0x94 Src/sfx.o
                0x00000000080189e8                SFXReverbFrame
 .text.SFXReverbTick
                0x0000000008018a7c      0x100 Src/sfx.o
                0x0000000008018a7c                SFXReverbTick
 .text.SFXReverbFree
                0x0000000008018b7c       0x1c Src/sfx.o
                0x0000000008018b7c                SFXReverbFree
 .text.SFXReverb2Alloc
                0x0000000008018b98       0xd0 Src/sfx.o
                0x0000000008018b98                SFXReverb2Alloc
 .text.SFXReverb2Frame
                0x0000000008018c68        0x4 Src/sfx.o
                0x0000000008018c68                SFXReverb2Frame
 .text.SFXReverb2Tick
                0x0000000008018c6c      0x1bc Src/sfx.o
                0x0000000008018c6c                SFXReverb2Tick
 .text.SFXReverb2Free
                0x0000000008018e28       0x4c Src/sfx.o
                0x0000000008018e28                SFXReverb2Free
 .text.SFXLivingStringAlloc
                0x0000000008018e74       0xec Src/sfx.o
                0x0000000008018e74                SFXLivingStringAlloc
 .text.SFXLivingStringFrame
                0x0000000008018f60      0x45c Src/sfx.o
                0x0000000008018f60                SFXLivingStringFrame
 .text.SFXLivingStringTick
                0x00000000080193bc       0x58 Src/sfx.o
                0x00000000080193bc                SFXLivingStringTick
 .text.SFXLivingStringFree
                0x0000000008019414       0x2c Src/sfx.o
                0x0000000008019414                SFXLivingStringFree
 .text.SFXLivingStringSynthAlloc
                0x0000000008019440      0x170 Src/sfx.o
                0x0000000008019440                SFXLivingStringSynthAlloc
 .text.SFXLivingStringSynthFrame
                0x00000000080195b0      0x364 Src/sfx.o
                0x00000000080195b0                SFXLivingStringSynthFrame
 .text.SFXLivingStringSynthTick
                0x0000000008019914       0xc8 Src/sfx.o
                0x0000000008019914                SFXLivingStringSynthTick
 .text.SFXLivingStringSynthFree
                0x00000000080199dc       0x6c Src/sfx.o
                0x00000000080199dc                SFXLivingStringSynthFree
 .text.SFXClassicSynthAlloc
                0x0000000008019a48      0x308 Src/sfx.o
                0x0000000008019a48                SFXClassicSynthAlloc
 .text.SFXClassicSynthFrame
                0x0000000008019d50      0x6a0 Src/sfx.o
                0x0000000008019d50                SFXClassicSynthFrame
 .text.SFXClassicSynthTick
                0x000000000801a3f0      0x134 Src/sfx.o
                0x000000000801a3f0                SFXClassicSynthTick
 .text.SFXClassicSynthFree
                0x000000000801a524       0x94 Src/sfx.o
                0x000000000801a524                SFXClassicSynthFree
 .text.SFXRhodesAlloc
                0x000000000801a5b8      0x164 Src/sfx.o
                0x000000000801a5b8                SFXRhodesAlloc
 .text.SFXRhodesFrame
                0x000000000801a71c      0xa04 Src/sfx.o
                0x000000000801a71c                SFXRhodesFrame
 .text.SFXRhodesTick
                0x000000000801b120      0x334 Src/sfx.o
                0x000000000801b120                SFXRhodesTick
 .text.SFXRhodesFree
                0x000000000801b454       0x64 Src/sfx.o
                0x000000000801b454                SFXRhodesFree
 .text.calculateNoteArray
                0x000000000801b4b8       0x70 Src/sfx.o
                0x000000000801b4b8                calculateNoteArray
 .text.nearestNoteWithHysteresis
                0x000000000801b528      0x1fc Src/sfx.o
                0x000000000801b528                nearestNoteWithHysteresis
 *fill*         0x000000000801b724        0x4 
 .text.SFXNeartuneTick
                0x000000000801b728      0x208 Src/sfx.o
                0x000000000801b728                SFXNeartuneTick
 .text.noteOff  0x000000000801b930      0x170 Src/sfx.o
                0x000000000801b930                noteOff
 .text.noteOn   0x000000000801baa0      0x224 Src/sfx.o
                0x000000000801baa0                noteOn
 .text.pitchBend
                0x000000000801bcc4       0x18 Src/sfx.o
                0x000000000801bcc4                pitchBend
 .text.sustainOff
                0x000000000801bcdc        0x4 Src/sfx.o
                0x000000000801bcdc                sustainOff
 .text.sustainOn
                0x000000000801bce0        0x4 Src/sfx.o
                0x000000000801bce0                sustainOn
 .text.ssd1306_begin
                0x000000000801bce4      0x2bc Src/ssd1306.o
                0x000000000801bce4                ssd1306_begin
 .text.ssd1306_display_full_buffer
                0x000000000801bfa0       0xcc Src/ssd1306.o
                0x000000000801bfa0                ssd1306_display_full_buffer
 .text.HAL_MspInit
                0x000000000801c06c       0x24 Src/stm32h7xx_hal_msp.o
                0x000000000801c06c                HAL_MspInit
 .text.NMI_Handler
                0x000000000801c090       0x1c Src/stm32h7xx_it.o
                0x000000000801c090                NMI_Handler
 .text.MemManage_Handler
                0x000000000801c0ac       0x1c Src/stm32h7xx_it.o
                0x000000000801c0ac                MemManage_Handler
 .text.BusFault_Handler
                0x000000000801c0c8        0x8 Src/stm32h7xx_it.o
                0x000000000801c0c8                BusFault_Handler
 .text.UsageFault_Handler
                0x000000000801c0d0        0x8 Src/stm32h7xx_it.o
                0x000000000801c0d0                UsageFault_Handler
 .text.SVC_Handler
                0x000000000801c0d8       0x1c Src/stm32h7xx_it.o
                0x000000000801c0d8                SVC_Handler
 .text.DebugMon_Handler
                0x000000000801c0f4       0x1c Src/stm32h7xx_it.o
                0x000000000801c0f4                DebugMon_Handler
 .text.PendSV_Handler
                0x000000000801c110       0x1c Src/stm32h7xx_it.o
                0x000000000801c110                PendSV_Handler
 .text.SysTick_Handler
                0x000000000801c12c       0x20 Src/stm32h7xx_it.o
                0x000000000801c12c                SysTick_Handler
 .text.DMA1_Stream1_IRQHandler
                0x000000000801c14c       0x28 Src/stm32h7xx_it.o
                0x000000000801c14c                DMA1_Stream1_IRQHandler
 .text.DMA1_Stream2_IRQHandler
                0x000000000801c174       0x28 Src/stm32h7xx_it.o
                0x000000000801c174                DMA1_Stream2_IRQHandler
 .text.ADC_IRQHandler
                0x000000000801c19c       0x28 Src/stm32h7xx_it.o
                0x000000000801c19c                ADC_IRQHandler
 .text.DMA2_Stream0_IRQHandler
                0x000000000801c1c4       0x28 Src/stm32h7xx_it.o
                0x000000000801c1c4                DMA2_Stream0_IRQHandler
 .text.SAI1_IRQHandler
                0x000000000801c1ec       0x40 Src/stm32h7xx_it.o
                0x000000000801c1ec                SAI1_IRQHandler
 .text.I2C4_EV_IRQHandler
                0x000000000801c22c       0x28 Src/stm32h7xx_it.o
                0x000000000801c22c                I2C4_EV_IRQHandler
 .text.I2C4_ER_IRQHandler
                0x000000000801c254       0x28 Src/stm32h7xx_it.o
                0x000000000801c254                I2C4_ER_IRQHandler
 .text.OTG_FS_IRQHandler
                0x000000000801c27c       0x28 Src/stm32h7xx_it.o
                0x000000000801c27c                OTG_FS_IRQHandler
 .text.DMAMUX1_OVR_IRQHandler
                0x000000000801c2a4       0x28 Src/stm32h7xx_it.o
                0x000000000801c2a4                DMAMUX1_OVR_IRQHandler
 .text.BDMA_Channel0_IRQHandler
                0x000000000801c2cc       0x28 Src/stm32h7xx_it.o
                0x000000000801c2cc                BDMA_Channel0_IRQHandler
 .text.BDMA_Channel1_IRQHandler
                0x000000000801c2f4       0x28 Src/stm32h7xx_it.o
                0x000000000801c2f4                BDMA_Channel1_IRQHandler
 .text.SystemInit
                0x000000000801c31c       0x80 Src/system_stm32h7xx.o
                0x000000000801c31c                SystemInit
 .text.MX_TIM3_Init
                0x000000000801c39c       0xfc Src/tim.o
                0x000000000801c39c                MX_TIM3_Init
 .text.MX_TIM4_Init
                0x000000000801c498      0x150 Src/tim.o
                0x000000000801c498                MX_TIM4_Init
 .text.HAL_TIM_PWM_MspInit
                0x000000000801c5e8       0x34 Src/tim.o
                0x000000000801c5e8                HAL_TIM_PWM_MspInit
 .text.HAL_TIM_Base_MspInit
                0x000000000801c61c       0x34 Src/tim.o
                0x000000000801c61c                HAL_TIM_Base_MspInit
 .text.initModeNames
                0x000000000801c650      0x850 Src/ui.o
                0x000000000801c650                initModeNames
 .text.buttonCheck
                0x000000000801cea0      0x6fc Src/ui.o
                0x000000000801cea0                buttonCheck
 .text.adcCheck
                0x000000000801d59c      0x1f0 Src/ui.o
                0x000000000801d59c                adcCheck
 .text.resetKnobValues
                0x000000000801d78c       0xac Src/ui.o
                0x000000000801d78c                resetKnobValues
 .text.UIVocoderButtons
                0x000000000801d838       0x84 Src/ui.o
                0x000000000801d838                UIVocoderButtons
 .text.UIVocoderChButtons
                0x000000000801d8bc       0x84 Src/ui.o
                0x000000000801d8bc                UIVocoderChButtons
 .text.UIPitchShiftButtons
                0x000000000801d940        0x8 Src/ui.o
                0x000000000801d940                UIPitchShiftButtons
 .text.UINeartuneButtons
                0x000000000801d948       0x5c Src/ui.o
                0x000000000801d948                UINeartuneButtons
 .text.UIAutotuneButtons
                0x000000000801d9a4        0x8 Src/ui.o
                0x000000000801d9a4                UIAutotuneButtons
 .text.UISamplerBPButtons
                0x000000000801d9ac       0xf0 Src/ui.o
                0x000000000801d9ac                UISamplerBPButtons
 .text.UISamplerKButtons
                0x000000000801da9c       0x94 Src/ui.o
                0x000000000801da9c                UISamplerKButtons
 .text.UISamplerAutoButtons
                0x000000000801db30       0x84 Src/ui.o
                0x000000000801db30                UISamplerAutoButtons
 .text.UIDistortionButtons
                0x000000000801dbb4       0x38 Src/ui.o
                0x000000000801dbb4                UIDistortionButtons
 .text.UIWaveFolderButtons
                0x000000000801dbec       0x38 Src/ui.o
                0x000000000801dbec                UIWaveFolderButtons
 .text.UIBitcrusherButtons
                0x000000000801dc24       0x38 Src/ui.o
                0x000000000801dc24                UIBitcrusherButtons
 .text.UIDelayButtons
                0x000000000801dc5c       0x5c Src/ui.o
                0x000000000801dc5c                UIDelayButtons
 .text.UIReverbButtons
                0x000000000801dcb8       0x5c Src/ui.o
                0x000000000801dcb8                UIReverbButtons
 .text.UIReverb2Buttons
                0x000000000801dd14       0x38 Src/ui.o
                0x000000000801dd14                UIReverb2Buttons
 .text.UILivingStringButtons
                0x000000000801dd4c       0x84 Src/ui.o
                0x000000000801dd4c                UILivingStringButtons
 .text.UILivingStringSynthButtons
                0x000000000801ddd0       0x84 Src/ui.o
                0x000000000801ddd0                UILivingStringSynthButtons
 .text.UIClassicSynthButtons
                0x000000000801de54       0x4c Src/ui.o
                0x000000000801de54                UIClassicSynthButtons
 .text.UIRhodesButtons
                0x000000000801dea0       0xa4 Src/ui.o
                0x000000000801dea0                UIRhodesButtons
 .text.USBH_UserProcess
                0x000000000801df44       0x28 Src/usb_host.o
 .text.MX_USB_HOST_Init
                0x000000000801df6c       0x44 Src/usb_host.o
                0x000000000801df6c                MX_USB_HOST_Init
 .text.MX_USB_HOST_DeInit
                0x000000000801dfb0       0x28 Src/usb_host.o
                0x000000000801dfb0                MX_USB_HOST_DeInit
 .text.MX_USB_HOST_Process
                0x000000000801dfd8       0x14 Src/usb_host.o
                0x000000000801dfd8                MX_USB_HOST_Process
 .text.USBH_MIDI_ClassRequest
                0x000000000801dfec       0x10 Src/usbh_MIDI.o
 .text.USBH_MIDI_Process
                0x000000000801dffc       0x28 Src/usbh_MIDI.o
 .text.USBH_MIDI_SOFProcess
                0x000000000801e024      0x114 Src/usbh_MIDI.o
 .text.USBH_MIDI_InterfaceDeInit
                0x000000000801e138       0x4c Src/usbh_MIDI.o
 .text.USBH_MIDI_InterfaceInit
                0x000000000801e184       0xd8 Src/usbh_MIDI.o
 .text.USBH_MIDI_Stop
                0x000000000801e25c       0x2c Src/usbh_MIDI.o
                0x000000000801e25c                USBH_MIDI_Stop
 .text.USBH_MIDI_Receive
                0x000000000801e288       0x24 Src/usbh_MIDI.o
                0x000000000801e288                USBH_MIDI_Receive
 .text.HAL_HCD_MspInit
                0x000000000801e2ac       0x88 Src/usbh_conf.o
                0x000000000801e2ac                HAL_HCD_MspInit
 .text.HAL_HCD_SOF_Callback
                0x000000000801e334        0x8 Src/usbh_conf.o
                0x000000000801e334                HAL_HCD_SOF_Callback
 .text.HAL_HCD_Connect_Callback
                0x000000000801e33c        0x8 Src/usbh_conf.o
                0x000000000801e33c                HAL_HCD_Connect_Callback
 .text.HAL_HCD_Disconnect_Callback
                0x000000000801e344        0x8 Src/usbh_conf.o
                0x000000000801e344                HAL_HCD_Disconnect_Callback
 .text.HAL_HCD_HC_NotifyURBChange_Callback
                0x000000000801e34c        0x4 Src/usbh_conf.o
                0x000000000801e34c                HAL_HCD_HC_NotifyURBChange_Callback
 .text.HAL_HCD_PortEnabled_Callback
                0x000000000801e350        0x8 Src/usbh_conf.o
                0x000000000801e350                HAL_HCD_PortEnabled_Callback
 .text.HAL_HCD_PortDisabled_Callback
                0x000000000801e358        0x8 Src/usbh_conf.o
                0x000000000801e358                HAL_HCD_PortDisabled_Callback
 .text.USBH_LL_Init
                0x000000000801e360       0x58 Src/usbh_conf.o
                0x000000000801e360                USBH_LL_Init
 .text.USBH_LL_Start
                0x000000000801e3b8       0x1c Src/usbh_conf.o
                0x000000000801e3b8                USBH_LL_Start
 .text.USBH_LL_Stop
                0x000000000801e3d4       0x1c Src/usbh_conf.o
                0x000000000801e3d4                USBH_LL_Stop
 .text.USBH_LL_GetSpeed
                0x000000000801e3f0       0x20 Src/usbh_conf.o
                0x000000000801e3f0                USBH_LL_GetSpeed
 .text.USBH_LL_ResetPort
                0x000000000801e410       0x1c Src/usbh_conf.o
                0x000000000801e410                USBH_LL_ResetPort
 .text.USBH_LL_GetLastXferSize
                0x000000000801e42c        0x8 Src/usbh_conf.o
                0x000000000801e42c                USBH_LL_GetLastXferSize
 .text.USBH_LL_OpenPipe
                0x000000000801e434       0x34 Src/usbh_conf.o
                0x000000000801e434                USBH_LL_OpenPipe
 .text.USBH_LL_ClosePipe
                0x000000000801e468       0x1c Src/usbh_conf.o
                0x000000000801e468                USBH_LL_ClosePipe
 .text.USBH_LL_SubmitURB
                0x000000000801e484       0x38 Src/usbh_conf.o
                0x000000000801e484                USBH_LL_SubmitURB
 .text.USBH_LL_GetURBState
                0x000000000801e4bc        0x8 Src/usbh_conf.o
                0x000000000801e4bc                USBH_LL_GetURBState
 .text.USBH_LL_DriverVBUS
                0x000000000801e4c4       0x24 Src/usbh_conf.o
                0x000000000801e4c4                USBH_LL_DriverVBUS
 .text.USBH_LL_SetToggle
                0x000000000801e4e8       0x24 Src/usbh_conf.o
                0x000000000801e4e8                USBH_LL_SetToggle
 .text.USBH_Delay
                0x000000000801e50c        0x4 Src/usbh_conf.o
                0x000000000801e50c                USBH_Delay
 .text.MX_DriverVbusFS
                0x000000000801e510       0x14 Src/usbh_platform.o
                0x000000000801e510                MX_DriverVbusFS
 *fill*         0x000000000801e524        0x4 
 .text.mayer_fht
                0x000000000801e528      0x4c4 leaf/leaf/Externals/d_fft_mayer.o
                0x000000000801e528                mayer_fht
 .text.mayer_realfft
                0x000000000801e9ec       0x54 leaf/leaf/Externals/d_fft_mayer.o
                0x000000000801e9ec                mayer_realfft
 .text.mayer_realifft
                0x000000000801ea40       0x4c leaf/leaf/Externals/d_fft_mayer.o
                0x000000000801ea40                mayer_realifft
 .text.tEnvelopeFollower_init
                0x000000000801ea8c       0x34 leaf/leaf/Src/leaf-analysis.o
                0x000000000801ea8c                tEnvelopeFollower_init
 .text.tEnvelopeFollower_initToPool
                0x000000000801eac0       0x2c leaf/leaf/Src/leaf-analysis.o
                0x000000000801eac0                tEnvelopeFollower_initToPool
 .text.tEnvelopeFollower_freeFromPool
                0x000000000801eaec        0x8 leaf/leaf/Src/leaf-analysis.o
                0x000000000801eaec                tEnvelopeFollower_freeFromPool
 .text.tEnvelopeFollower_tick
                0x000000000801eaf4       0x30 leaf/leaf/Src/leaf-analysis.o
                0x000000000801eaf4                tEnvelopeFollower_tick
 .text.tZeroCrossing_initToPool
                0x000000000801eb24       0x4c leaf/leaf/Src/leaf-analysis.o
                0x000000000801eb24                tZeroCrossing_initToPool
 .text.tZeroCrossing_freeFromPool
                0x000000000801eb70       0x24 leaf/leaf/Src/leaf-analysis.o
                0x000000000801eb70                tZeroCrossing_freeFromPool
 .text.tZeroCrossing_tick
                0x000000000801eb94       0x90 leaf/leaf/Src/leaf-analysis.o
                0x000000000801eb94                tZeroCrossing_tick
 .text.tPowerFollower_initToPool
                0x000000000801ec24       0x30 leaf/leaf/Src/leaf-analysis.o
                0x000000000801ec24                tPowerFollower_initToPool
 .text.tPowerFollower_freeFromPool