../Src/oled.c:79:14:initUIFunctionPointers	0	static
../Src/oled.c:102:14:setLED_Edit	0	static
../Src/oled.c:115:14:setLED_USB	0	static
../Src/oled.c:128:14:setLED_1	0	static
../Src/oled.c:140:14:setLED_2	0	static
../Src/oled.c:153:14:setLED_A	0	static
../Src/oled.c:165:14:setLED_B	0	static
../Src/oled.c:177:14:setLED_C	0	static
../Src/oled.c:189:14:setLED_leftout_clip	0	static
../Src/oled.c:201:14:setLED_rightout_clip	0	static
../Src/oled.c:213:14:setLED_leftin_clip	0	static
../Src/oled.c:225:14:setLED_rightin_clip	0	static
../Src/oled.c:238:13:getCursorX	8	static
../Src/oled.c:334:14:OLED_draw	0	static
../Src/oled.c:342:14:OLEDdrawPoint	0	static
../Src/oled.c:348:14:OLEDdrawLine	8	static
../Src/oled.c:354:14:OLEDdrawCircle	4	static
../Src/oled.c:361:14:OLEDclear	16	static
../Src/oled.c:367:14:OLEDclearLine	16	static
../Src/oled.c:373:14:OLEDwriteString	40	static
../Src/oled.c:279:14:OLED_writeEditScreen	16	static
../Src/oled.c:310:14:OLED_writeButtonAction	24	static
../Src/oled.c:387:14:OLEDwriteLine	32	static
../Src/oled.c:410:14:OLEDwriteInt	24	static
../Src/oled.c:259:14:OLED_writePreset	64	static
../Src/oled.c:31:14:OLED_init	24	static
../Src/oled.c:324:14:OLED_writeTuning	24	static
../Src/oled.c:417:14:OLEDwriteIntLine	24	static
../Src/oled.c:424:14:OLEDwritePitch	32	static
../Src/oled.c:431:14:OLEDwritePitchClass	32	static
../Src/oled.c:438:14:OLEDwritePitchLine	24	static
../Src/oled.c:445:14:OLEDwriteFixedFloat	24	static
../Src/oled.c:452:14:OLEDwriteFixedFloatLine	24	static
../Src/oled.c:460:14:OLEDwriteFloat	32	static
../Src/oled.c:290:14:OLED_writeKnobParameter	56	static
../Src/oled.c:243:14:OLED_process	16	static
../Src/oled.c:515:14:OLEDdrawFloatArray	64	static
../Src/oled.c:532:13:OLEDgetCursor	8	static
