../Src/sfx.c:2529:14:SFXWaveFolderFrame	16	static
../Src/sfx.c:2638:14:SFXBitcrusherFrame	16	static
../Src/sfx.c:631:14:SFXVocoderAlloc	40	static
../Src/sfx.c:721:14:SFXVocoderTick	80	static
../Src/sfx.c:773:14:SFXVocoderFree	16	static
../Src/sfx.c:1272:14:SFXVocoderChFree	24	static
../Src/sfx.c:2930:14:SFXReverb2Frame	24	static
../Src/sfx.c:795:14:SFXVocoderChAlloc	64	static
../Src/sfx.c:1171:14:SFXVocoderChTick	80	static
../Src/sfx.c:2721:14:SFXDelayFrame	32	static
../Src/sfx.c:1298:14:SFXPitchShiftAlloc	40	static
../Src/sfx.c:1316:14:SFXPitchShiftFrame	24	static
../Src/sfx.c:1421:14:SFXNeartuneFrame	24	static
../Src/sfx.c:1328:14:SFXPitchShiftTick	72	static
../Src/sfx.c:1391:14:SFXPitchShiftFree	8	static
../Src/sfx.c:1535:14:SFXNeartuneFree	8	static
../Src/sfx.c:1567:14:SFXAutotuneTick	40	static
../Src/sfx.c:1543:14:SFXAutotuneAlloc	24	static
../Src/sfx.c:1605:14:SFXAutotuneFree	8	static
../Src/sfx.c:1613:14:SFXSamplerBPAlloc	24	static
../Src/sfx.c:1745:14:SFXSamplerKAlloc	40	static
../Src/sfx.c:1628:14:SFXSamplerBPFrame	40	static
../Src/sfx.c:2231:14:SFXSamplerAutoFrame	24	static
../Src/sfx.c:1693:14:SFXSamplerBPTick	56	static
../Src/sfx.c:1736:14:SFXSamplerBPFree	8	static
../Src/sfx.c:2194:14:SFXSamplerKFree	16	static
../Src/sfx.c:1778:14:SFXSamplerKFrame	88	static
../Src/sfx.c:1984:14:SFXSamplerKTick	104	static
../Src/sfx.c:2207:14:SFXSamplerAutoAlloc	32	static
../Src/sfx.c:2308:14:SFXSamplerAutoTick	72	static
../Src/sfx.c:2432:14:SFXSamplerAutoFree	8	static
../Src/sfx.c:2444:14:SFXDistortionAlloc	24	static
../Src/sfx.c:2461:14:SFXDistortionFrame	24	static
../Src/sfx.c:2482:14:SFXDistortionTick	56	static
../Src/sfx.c:2507:14:SFXDistortionFree	8	static
../Src/sfx.c:2516:14:SFXWaveFolderAlloc	8	static
../Src/sfx.c:2547:14:SFXWaveFolderTick	56	static
../Src/sfx.c:2619:14:SFXWaveFolderFree	8	static
../Src/sfx.c:2629:14:SFXBitcrusherAlloc	8	static
../Src/sfx.c:2655:14:SFXBitcrusherTick	48	static
../Src/sfx.c:2694:14:SFXBitcrusherFree	8	static
../Src/sfx.c:2702:14:SFXDelayAlloc	32	static
../Src/sfx.c:2762:14:SFXDelayTick	80	static
../Src/sfx.c:2826:14:SFXDelayFree	8	static
../Src/sfx.c:2842:14:SFXReverbAlloc	16	static
../Src/sfx.c:2854:14:SFXReverbFrame	32	static
../Src/sfx.c:2882:14:SFXReverbTick	40	static
../Src/sfx.c:2905:14:SFXReverbFree	8	static
../Src/sfx.c:2913:14:SFXReverb2Alloc	32	static
../Src/sfx.c:2946:14:SFXReverb2Tick	64	static
../Src/sfx.c:2987:14:SFXReverb2Free	8	static
../Src/sfx.c:3000:14:SFXLivingStringAlloc	40	static
../Src/sfx.c:3115:14:SFXLivingStringTick	24	static
../Src/sfx.c:3128:14:SFXLivingStringFree	16	static
../Src/sfx.c:3139:14:SFXLivingStringSynthAlloc	40	static
../Src/sfx.c:3269:14:SFXLivingStringSynthTick	56	static
../Src/sfx.c:3328:14:SFXLivingStringSynthFree	16	static
../Src/sfx.c:3988:14:SFXRhodesFree	24	static
../Src/sfx.c:3349:14:SFXClassicSynthAlloc	72	static
../Src/sfx.c:3676:14:SFXRhodesAlloc	48	static
../Src/sfx.c:3585:14:SFXClassicSynthTick	72	static
../Src/sfx.c:3655:14:SFXClassicSynthFree	24	static
../Src/sfx.c:3896:14:SFXRhodesTick	104	static
../Src/sfx.c:284:14:initPresetParams	32	static
../Src/sfx.c:502:14:initFunctionPointers	0	static
../Src/sfx.c:42:14:SFX_init	32	static
../Src/sfx.c:620:14:freeGlobalSFXObjects	16	static
../Src/sfx.c:4146:14:calculateFreq	16	static
../Src/sfx.c:662:14:SFXVocoderFrame	40	static
../Src/sfx.c:893:14:SFXVocoderChFrame	88	static
../Src/sfx.c:1554:14:SFXAutotuneFrame	32	static
../Src/sfx.c:3016:14:SFXLivingStringFrame	72	static
../Src/sfx.c:3165:14:SFXLivingStringSynthFrame	56	static
../Src/sfx.c:3426:14:SFXClassicSynthFrame	88	static
../Src/sfx.c:3705:14:SFXRhodesFrame	80	static
../Src/sfx.c:4154:15:calculateTunedMidiNote	0	static
../Src/sfx.c:4161:14:calculateNoteArray	16	static
../Src/sfx.c:601:14:initGlobalSFXObjects	32	static
../Src/sfx.c:1407:14:SFXNeartuneAlloc	24	static
../Src/sfx.c:4172:15:nearestNote	16	static
../Src/sfx.c:4206:15:nearestNoteWithHysteresis	20	static
../Src/sfx.c:1471:14:SFXNeartuneTick	56	static
../Src/sfx.c:4428:14:noteOff	32	static
../Src/sfx.c:4320:14:noteOn	40	static
../Src/sfx.c:4541:14:pitchBend	0	static
../Src/sfx.c:4547:14:sustainOff	0	static
../Src/sfx.c:4552:14:sustainOn	0	static
../Src/sfx.c:4557:14:toggleBypass	0	static
../Src/sfx.c:4562:14:toggleSustain	0	static
../Src/sfx.c:4567:14:ctrlInput	0	static
