../Src/ssd1306.c:161:6:ssd1306_command	24	static
../Src/ssd1306.c:72:6:ssd1306_begin	8	static
../Src/ssd1306.c:153:6:sdd1306_invertDisplay	0	static
../Src/ssd1306.c:174:6:ssd1306_dim	8	static
../Src/ssd1306.c:226:6:ssd1306_move_raw	16	static
../Src/ssd1306.c:221:6:ssd1306_home	0	static
../Src/ssd1306.c:194:6:ssd1306_display_full_buffer	8	static
../Src/ssd1306.c:239:6:ssd1306_move	0	static
../Src/ssd1306.c:247:6:ssd1306_write_internal	20	static
../Src/ssd1306.c:257:6:ssd1306_write	24	dynamic
../Src/ssd1306.c:272:6:ssd1306_write_2X	48	dynamic
