../Src/ui.c:28:14:initModeNames	32	static
../Src/ui.c:527:14:adcCheck	40	static
../Src/ui.c:581:14:clearButtonActions	8	static
../Src/ui.c:595:14:changeTuning	8	static
../Src/ui.c:617:14:writeCurrentPresetToFlash	8	static
../Src/ui.c:648:14:resetKnobValues	40	static
../Src/ui.c:665:14:setKnobValues	40	static
../Src/ui.c:627:14:incrementPage	12	static
../Src/ui.c:634:14:decrementPage	4	static
../Src/ui.c:641:14:checkPage	4	static
../Src/ui.c:330:14:buttonCheck	48	static
../Src/ui.c:683:14:setKnobValue	16	static
../Src/ui.c:696:14:deactivateKnob	0	static
../Src/ui.c:702:14:deactivateAllKnobs	8	static
../Src/ui.c:711:21:UIVocoderButtons	8	static
../Src/ui.c:732:21:UIVocoderChButtons	8	static
../Src/ui.c:753:21:UIPitchShiftButtons	0	static
../Src/ui.c:759:21:UINeartuneButtons	8	static
../Src/ui.c:778:21:UIAutotuneButtons	0	static
../Src/ui.c:784:21:UISamplerBPButtons	24	static
../Src/ui.c:818:21:UISamplerKButtons	24	static
../Src/ui.c:841:21:UISamplerAutoButtons	8	static
../Src/ui.c:869:21:UIDistortionButtons	0	static
../Src/ui.c:880:21:UIWaveFolderButtons	0	static
../Src/ui.c:891:21:UIBitcrusherButtons	0	static
../Src/ui.c:903:21:UIDelayButtons	8	static
../Src/ui.c:924:21:UIReverbButtons	8	static
../Src/ui.c:940:21:UIReverb2Buttons	0	static
../Src/ui.c:951:21:UILivingStringButtons	8	static
../Src/ui.c:973:21:UILivingStringSynthButtons	8	static
../Src/ui.c:994:21:UIClassicSynthButtons	0	static
../Src/ui.c:1010:21:UIRhodesButtons	32	static
