../Src/usbh_conf.c:62:6:HAL_HCD_MspInit	40	static
../Src/usbh_conf.c:95:6:HAL_HCD_MspDeInit	8	static
../Src/usbh_conf.c:125:6:HAL_HCD_SOF_Callback	0	static
../Src/usbh_conf.c:135:6:HAL_HCD_Connect_Callback	0	static
../Src/usbh_conf.c:145:6:HAL_HCD_Disconnect_Callback	0	static
../Src/usbh_conf.c:157:6:HAL_HCD_HC_NotifyURBChange_Callback	0	static
../Src/usbh_conf.c:169:6:HAL_HCD_PortEnabled_Callback	0	static
../Src/usbh_conf.c:179:6:HAL_HCD_PortDisabled_Callback	0	static
../Src/usbh_conf.c:193:20:USBH_LL_Init	8	static
../Src/usbh_conf.c:277:19:USBH_LL_GetSpeed	8	static
../Src/usbh_conf.c:325:10:USBH_LL_GetLastXferSize	0	static
../Src/usbh_conf.c:429:22:USBH_LL_GetURBState	0	static
../Src/usbh_conf.c:443:20:USBH_LL_DriverVBUS	8	static
../Src/usbh_conf.c:464:20:USBH_LL_SetToggle	0	static
../Src/usbh_conf.c:487:9:USBH_LL_GetToggle	0	static
../Src/usbh_conf.c:509:6:USBH_Delay	0	static
../Src/usbh_conf.c:519:20:USBH_Get_USB_Status	0	static
../Src/usbh_conf.c:226:20:USBH_LL_DeInit	8	static
../Src/usbh_conf.c:243:20:USBH_LL_Start	8	static
../Src/usbh_conf.c:260:20:USBH_LL_Stop	8	static
../Src/usbh_conf.c:307:20:USBH_LL_ResetPort	8	static
../Src/usbh_conf.c:341:20:USBH_LL_OpenPipe	32	static
../Src/usbh_conf.c:361:20:USBH_LL_ClosePipe	8	static
../Src/usbh_conf.c:400:20:USBH_LL_SubmitURB	32	static
