stm32h7xx_hal_adc_ex.c:136:19:HAL_ADCEx_Calibration_Start	32	static
stm32h7xx_hal_adc_ex.c:210:10:HAL_ADCEx_Calibration_GetValue	16	static
stm32h7xx_hal_adc_ex.c:226:19:HAL_ADCEx_LinearCalibration_GetValue	24	static
stm32h7xx_hal_adc_ex.c:271:19:HAL_ADCEx_Calibration_SetValue	24	static
stm32h7xx_hal_adc_ex.c:322:19:HAL_ADCEx_LinearCalibration_SetValue	32	static
stm32h7xx_hal_adc_ex.c:412:19:HAL_ADCEx_LinearCalibration_FactorLoad	48	static
stm32h7xx_hal_adc_ex.c:456:19:HAL_ADCEx_InjectedStart	24	static
stm32h7xx_hal_adc_ex.c:593:19:HAL_ADCEx_InjectedStop	8	static
stm32h7xx_hal_adc_ex.c:648:19:HAL_ADCEx_InjectedPollForConversion	24	static
stm32h7xx_hal_adc_ex.c:779:19:HAL_ADCEx_InjectedStart_IT	16	static
stm32h7xx_hal_adc_ex.c:940:19:HAL_ADCEx_InjectedStop_IT	8	static
stm32h7xx_hal_adc_ex.c:1006:19:HAL_ADCEx_MultiModeStart_DMA	128	static
stm32h7xx_hal_adc_ex.c:1120:19:HAL_ADCEx_MultiModeStop_DMA	120	static
stm32h7xx_hal_adc_ex.c:1233:10:HAL_ADCEx_MultiModeGetValue	16	static
stm32h7xx_hal_adc_ex.c:1279:10:HAL_ADCEx_InjectedGetValue	16	static
stm32h7xx_hal_adc_ex.c:1314:13:HAL_ADCEx_InjectedConvCpltCallback	0	static
stm32h7xx_hal_adc_ex.c:1333:13:HAL_ADCEx_InjectedQueueOverflowCallback	0	static
stm32h7xx_hal_adc_ex.c:1348:13:HAL_ADCEx_LevelOutOfWindow2Callback	0	static
stm32h7xx_hal_adc_ex.c:1363:13:HAL_ADCEx_LevelOutOfWindow3Callback	0	static
stm32h7xx_hal_adc_ex.c:1379:13:HAL_ADCEx_EndOfSamplingCallback	0	static
stm32h7xx_hal_adc_ex.c:1396:19:HAL_ADCEx_RegularStop	8	static
stm32h7xx_hal_adc_ex.c:1454:19:HAL_ADCEx_RegularStop_IT	8	static
stm32h7xx_hal_adc_ex.c:1514:19:HAL_ADCEx_RegularStop_DMA	16	static
stm32h7xx_hal_adc_ex.c:1600:19:HAL_ADCEx_RegularMultiModeStop_DMA	120	static
stm32h7xx_hal_adc_ex.c:1773:19:HAL_ADCEx_InjectedConfigChannel	32	static,ignoring_inline_asm
stm32h7xx_hal_adc_ex.c:2229:19:HAL_ADCEx_MultiModeConfigChannel	16	static
stm32h7xx_hal_adc_ex.c:2339:19:HAL_ADCEx_EnableInjectedQueue	8	static
stm32h7xx_hal_adc_ex.c:2380:19:HAL_ADCEx_DisableInjectedQueue	8	static
stm32h7xx_hal_adc_ex.c:2417:19:HAL_ADCEx_DisableVoltageRegulator	8	static
stm32h7xx_hal_adc_ex.c:2454:19:HAL_ADCEx_EnterADCDeepPowerDownMode	8	static
