stm32h7xx_hal_adc.c:944:13:HAL_ADC_MspInit	0	static
stm32h7xx_hal_adc.c:961:13:HAL_ADC_MspDeInit	0	static
stm32h7xx_hal_adc.c:1246:19:HAL_ADC_Start	24	static
stm32h7xx_hal_adc.c:1367:19:HAL_ADC_Stop	16	static
stm32h7xx_hal_adc.c:1421:19:HAL_ADC_PollForConversion	24	static
stm32h7xx_hal_adc.c:1580:19:HAL_ADC_PollForEvent	24	static
stm32h7xx_hal_adc.c:1725:19:HAL_ADC_Start_IT	24	static
stm32h7xx_hal_adc.c:1900:19:HAL_ADC_Stop_IT	16	static
stm32h7xx_hal_adc.c:1953:19:HAL_ADC_Start_DMA	32	static
stm32h7xx_hal_adc.c:2086:19:HAL_ADC_Stop_DMA	16	static
stm32h7xx_hal_adc.c:2171:10:HAL_ADC_GetValue	8	static
stm32h7xx_hal_adc.c:2546:13:HAL_ADC_ConvCpltCallback	0	static
stm32h7xx_hal_adc.c:2561:13:HAL_ADC_ConvHalfCpltCallback	0	static
stm32h7xx_hal_adc.c:3549:6:ADC_DMAHalfConvCplt	8	static
stm32h7xx_hal_adc.c:2576:13:HAL_ADC_LevelOutOfWindowCallback	0	static
stm32h7xx_hal_adc.c:2598:13:HAL_ADC_ErrorCallback	0	static
stm32h7xx_hal_adc.c:2188:6:HAL_ADC_IRQHandler	24	static
stm32h7xx_hal_adc.c:3471:6:ADC_DMAConvCplt	8	static
stm32h7xx_hal_adc.c:3567:6:ADC_DMAError	8	static
stm32h7xx_hal_adc.c:2644:19:HAL_ADC_ConfigChannel	32	static,ignoring_inline_asm
stm32h7xx_hal_adc.c:2893:19:HAL_ADC_AnalogWDGConfig	24	static,ignoring_inline_asm
stm32h7xx_hal_adc.c:3164:10:HAL_ADC_GetState	8	static
stm32h7xx_hal_adc.c:3178:10:HAL_ADC_GetError	8	static
stm32h7xx_hal_adc.c:3208:19:ADC_ConversionStop	16	static
stm32h7xx_hal_adc.c:734:19:HAL_ADC_DeInit	24	static
stm32h7xx_hal_adc.c:3338:19:ADC_Enable	16	static
stm32h7xx_hal_adc.c:3413:19:ADC_Disable	16	static
stm32h7xx_hal_adc.c:3593:6:ADC_ConfigureBoostMode	16	static
stm32h7xx_hal_adc.c:406:19:HAL_ADC_Init	32	static
