stm32h7xx_hal_dma.c:1852:17:DMA_CalcBaseAndBitshift	8	static
stm32h7xx_hal_dma.c:211:19:HAL_DMA_Init	32	static
stm32h7xx_hal_dma.c:463:19:HAL_DMA_DeInit	32	static
stm32h7xx_hal_dma.c:618:19:HAL_DMA_Start	24	static
stm32h7xx_hal_dma.c:674:19:HAL_DMA_Start_IT	24	static
stm32h7xx_hal_dma.c:774:19:HAL_DMA_Abort	16	static
stm32h7xx_hal_dma.c:890:19:HAL_DMA_Abort_IT	40	static
stm32h7xx_hal_dma.c:974:19:HAL_DMA_PollForTransfer	56	static
stm32h7xx_hal_dma.c:1201:6:HAL_DMA_IRQHandler	32	static
stm32h7xx_hal_dma.c:1571:19:HAL_DMA_RegisterCallback	4	static
stm32h7xx_hal_dma.c:1637:19:HAL_DMA_UnRegisterCallback	0	static
stm32h7xx_hal_dma.c:1728:22:HAL_DMA_GetState	0	static
stm32h7xx_hal_dma.c:1739:10:HAL_DMA_GetError	0	static
