stm32h7xx_hal_sd.c:3341:17:SD_FindSCR	64	static
stm32h7xx_hal_sd.c:3506:10:SD_HighSpeed	120	static
stm32h7xx_hal_sd.c:601:13:HAL_SD_MspInit	0	static
stm32h7xx_hal_sd.c:616:13:HAL_SD_MspDeInit	0	static
stm32h7xx_hal_sd.c:657:19:HAL_SD_ReadBlocks	56	static
stm32h7xx_hal_sd.c:839:19:HAL_SD_WriteBlocks	64	static
stm32h7xx_hal_sd.c:1022:19:HAL_SD_ReadBlocks_IT	48	static
stm32h7xx_hal_sd.c:1115:19:HAL_SD_WriteBlocks_IT	48	static
stm32h7xx_hal_sd.c:1210:19:HAL_SD_ReadBlocks_DMA	48	static
stm32h7xx_hal_sd.c:1308:19:HAL_SD_WriteBlocks_DMA	48	static
stm32h7xx_hal_sd.c:1403:19:HAL_SD_Erase	32	static
stm32h7xx_hal_sd.c:1739:21:HAL_SD_GetState	0	static
stm32h7xx_hal_sd.c:1750:10:HAL_SD_GetError	0	static
stm32h7xx_hal_sd.c:1760:13:HAL_SD_TxCpltCallback	0	static
stm32h7xx_hal_sd.c:1775:13:HAL_SD_RxCpltCallback	0	static
stm32h7xx_hal_sd.c:1790:13:HAL_SD_ErrorCallback	0	static
stm32h7xx_hal_sd.c:1805:13:HAL_SD_AbortCallback	0	static
stm32h7xx_hal_sd.c:1821:14:HAL_SD_DriveTransceiver_1_8V_Callback	0	static
stm32h7xx_hal_sd.c:544:19:HAL_SD_DeInit	8	static
stm32h7xx_hal_sd.c:3617:17:SD_UltraHighSpeed	120	static
stm32h7xx_hal_sd.c:2134:19:HAL_SD_GetCardCID	8	static
stm32h7xx_hal_sd.c:2167:19:HAL_SD_GetCardCSD	8	static
stm32h7xx_hal_sd.c:464:19:HAL_SD_InitCard	120	static
stm32h7xx_hal_sd.c:2281:19:HAL_SD_GetCardStatus	120	static
stm32h7xx_hal_sd.c:2345:19:HAL_SD_GetCardInfo	0	static
stm32h7xx_hal_sd.c:2370:19:HAL_SD_ConfigWideBusOperation	56	static
stm32h7xx_hal_sd.c:334:19:HAL_SD_Init	48	static
stm32h7xx_hal_sd.c:2478:19:HAL_SD_ConfigSpeedBusOperation	120	static
stm32h7xx_hal_sd.c:2729:25:HAL_SD_GetCardState	8	static
stm32h7xx_hal_sd.c:2752:19:HAL_SD_Abort	16	static
stm32h7xx_hal_sd.c:2789:19:HAL_SD_Abort_IT	16	static
stm32h7xx_hal_sd.c:3872:13:HAL_SDEx_Read_DMADoubleBuf0CpltCallback	0	static
stm32h7xx_hal_sd.c:3887:13:HAL_SDEx_Read_DMADoubleBuf1CpltCallback	0	static
stm32h7xx_hal_sd.c:3902:13:HAL_SDEx_Write_DMADoubleBuf0CpltCallback	0	static
stm32h7xx_hal_sd.c:3917:13:HAL_SDEx_Write_DMADoubleBuf1CpltCallback	0	static
stm32h7xx_hal_sd.c:1505:6:HAL_SD_IRQHandler	32	static
