stm32h7xx_hal_flash_ex.c:780:13:FLASH_MassErase	16	static
stm32h7xx_hal_flash_ex.c:166:19:HAL_FLASHEx_Erase	48	static
stm32h7xx_hal_flash_ex.c:386:19:HAL_FLASHEx_OBProgram	48	static
stm32h7xx_hal_flash_ex.c:511:6:HAL_FLASHEx_OBGetConfig	8	static
stm32h7xx_hal_flash_ex.c:561:19:HAL_FLASHEx_Unlock_Bank1	0	static
stm32h7xx_hal_flash_ex.c:583:19:HAL_FLASHEx_Lock_Bank1	0	static
stm32h7xx_hal_flash_ex.c:594:19:HAL_FLASHEx_Unlock_Bank2	0	static
stm32h7xx_hal_flash_ex.c:616:19:HAL_FLASHEx_Lock_Bank2	0	static
stm32h7xx_hal_flash_ex.c:634:19:HAL_FLASHEx_ComputeCRC	24	static
stm32h7xx_hal_flash_ex.c:852:6:FLASH_Erase_Sector	16	static
stm32h7xx_hal_flash_ex.c:276:19:HAL_FLASHEx_Erase_IT	16	static
