stm32h7xx_ll_sdmmc.c:1230:17:SDMMC_GetCmdResp1.part.2	0	static
stm32h7xx_ll_sdmmc.c:205:19:SDMMC_Init	32	static
stm32h7xx_ll_sdmmc.c:256:10:SDMMC_ReadFIFO	0	static
stm32h7xx_ll_sdmmc.c:268:19:SDMMC_WriteFIFO	0	static
stm32h7xx_ll_sdmmc.c:300:19:SDMMC_PowerState_ON	0	static
stm32h7xx_ll_sdmmc.c:313:19:SDMMC_PowerState_Cycle	0	static
stm32h7xx_ll_sdmmc.c:326:19:SDMMC_PowerState_OFF	0	static
stm32h7xx_ll_sdmmc.c:343:10:SDMMC_GetPowerState	0	static
stm32h7xx_ll_sdmmc.c:356:19:SDMMC_SendCommand	16	static
stm32h7xx_ll_sdmmc.c:386:9:SDMMC_GetCommandResponse	0	static
stm32h7xx_ll_sdmmc.c:403:10:SDMMC_GetResponse	16	static
stm32h7xx_ll_sdmmc.c:424:19:SDMMC_ConfigData	16	static
stm32h7xx_ll_sdmmc.c:459:10:SDMMC_GetDataCounter	0	static
stm32h7xx_ll_sdmmc.c:469:10:SDMMC_GetFIFOCount	0	static
stm32h7xx_ll_sdmmc.c:483:19:SDMMC_SetSDMMCReadWaitMode	16	static
stm32h7xx_ll_sdmmc.c:518:10:SDMMC_CmdBlockLength	8	static
stm32h7xx_ll_sdmmc.c:542:10:SDMMC_CmdReadSingleBlock	8	static
stm32h7xx_ll_sdmmc.c:566:10:SDMMC_CmdReadMultiBlock	8	static
stm32h7xx_ll_sdmmc.c:590:10:SDMMC_CmdWriteSingleBlock	8	static
stm32h7xx_ll_sdmmc.c:614:10:SDMMC_CmdWriteMultiBlock	8	static
stm32h7xx_ll_sdmmc.c:638:10:SDMMC_CmdSDEraseStartAdd	12	static
stm32h7xx_ll_sdmmc.c:662:10:SDMMC_CmdSDEraseEndAdd	8	static
stm32h7xx_ll_sdmmc.c:686:10:SDMMC_CmdEraseStartAdd	8	static
stm32h7xx_ll_sdmmc.c:710:10:SDMMC_CmdEraseEndAdd	8	static
stm32h7xx_ll_sdmmc.c:734:10:SDMMC_CmdErase	12	static
stm32h7xx_ll_sdmmc.c:758:10:SDMMC_CmdStopTransfer	16	static
stm32h7xx_ll_sdmmc.c:795:10:SDMMC_CmdSelDesel	8	static
stm32h7xx_ll_sdmmc.c:819:10:SDMMC_CmdGoIdleState	8	static
stm32h7xx_ll_sdmmc.c:842:10:SDMMC_CmdOperCond	8	static
stm32h7xx_ll_sdmmc.c:873:10:SDMMC_CmdAppCommand	8	static
stm32h7xx_ll_sdmmc.c:901:10:SDMMC_CmdAppOperCommand	8	static
stm32h7xx_ll_sdmmc.c:925:10:SDMMC_CmdBusWidth	8	static
stm32h7xx_ll_sdmmc.c:948:10:SDMMC_CmdSendSCR	8	static
stm32h7xx_ll_sdmmc.c:972:10:SDMMC_CmdSendCID	8	static
stm32h7xx_ll_sdmmc.c:997:10:SDMMC_CmdSendCSD	8	static
stm32h7xx_ll_sdmmc.c:1022:10:SDMMC_CmdSetRelAdd	12	static
stm32h7xx_ll_sdmmc.c:1047:10:SDMMC_CmdSendStatus	8	static
stm32h7xx_ll_sdmmc.c:1070:10:SDMMC_CmdStatusRegister	8	static
stm32h7xx_ll_sdmmc.c:1095:10:SDMMC_CmdOpCondition	8	static
stm32h7xx_ll_sdmmc.c:1119:10:SDMMC_CmdSwitch	8	static
stm32h7xx_ll_sdmmc.c:1145:10:SDMMC_CmdVoltageSwitch	8	static
stm32h7xx_ll_sdmmc.c:1169:10:SDMMC_CmdSendEXTCSD	8	static
