../Drivers/STM32H7xx_HAL_Driver/Src/stm32h7xx_ll_usb.c:1272:26:USB_CoreReset	0	static
../Drivers/STM32H7xx_HAL_Driver/Src/stm32h7xx_ll_usb.c:82:19:USB_CoreInit	16	static
../Drivers/STM32H7xx_HAL_Driver/Src/stm32h7xx_ll_usb.c:138:19:USB_SetTurnaroundTime	0	static
../Drivers/STM32H7xx_HAL_Driver/Src/stm32h7xx_ll_usb.c:221:19:USB_EnableGlobalInt	0	static
../Drivers/STM32H7xx_HAL_Driver/Src/stm32h7xx_ll_usb.c:233:19:USB_DisableGlobalInt	0	static
../Drivers/STM32H7xx_HAL_Driver/Src/stm32h7xx_ll_usb.c:249:19:USB_SetCurrentMode	8	static
../Drivers/STM32H7xx_HAL_Driver/Src/stm32h7xx_ll_usb.c:433:19:USB_FlushTxFifo	0	static
../Drivers/STM32H7xx_HAL_Driver/Src/stm32h7xx_ll_usb.c:456:19:USB_FlushRxFifo	0	static
../Drivers/STM32H7xx_HAL_Driver/Src/stm32h7xx_ll_usb.c:485:19:USB_SetDevSpeed	0	static
../Drivers/STM32H7xx_HAL_Driver/Src/stm32h7xx_ll_usb.c:278:19:USB_DevInit	32	static
../Drivers/STM32H7xx_HAL_Driver/Src/stm32h7xx_ll_usb.c:501:9:USB_GetDevSpeed	0	static
../Drivers/STM32H7xx_HAL_Driver/Src/stm32h7xx_ll_usb.c:530:19:USB_ActivateEndpoint	12	static
../Drivers/STM32H7xx_HAL_Driver/Src/stm32h7xx_ll_usb.c:568:19:USB_ActivateDedicatedEndpoint	20	static
../Drivers/STM32H7xx_HAL_Driver/Src/stm32h7xx_ll_usb.c:607:19:USB_DeactivateEndpoint	12	static
../Drivers/STM32H7xx_HAL_Driver/Src/stm32h7xx_ll_usb.c:642:19:USB_DeactivateDedicatedEndpoint	8	static
../Drivers/STM32H7xx_HAL_Driver/Src/stm32h7xx_ll_usb.c:814:19:USB_EP0StartXfer	20	static
../Drivers/STM32H7xx_HAL_Driver/Src/stm32h7xx_ll_usb.c:914:19:USB_WritePacket	8	static
../Drivers/STM32H7xx_HAL_Driver/Src/stm32h7xx_ll_usb.c:672:19:USB_EPStartXfer	32	static
../Drivers/STM32H7xx_HAL_Driver/Src/stm32h7xx_ll_usb.c:940:7:USB_ReadPacket	0	static
../Drivers/STM32H7xx_HAL_Driver/Src/stm32h7xx_ll_usb.c:962:19:USB_EPSetStall	0	static
../Drivers/STM32H7xx_HAL_Driver/Src/stm32h7xx_ll_usb.c:993:19:USB_EPClearStall	0	static
../Drivers/STM32H7xx_HAL_Driver/Src/stm32h7xx_ll_usb.c:1022:19:USB_StopDevice	8	static
../Drivers/STM32H7xx_HAL_Driver/Src/stm32h7xx_ll_usb.c:1063:20:USB_SetDevAddress	0	static
../Drivers/STM32H7xx_HAL_Driver/Src/stm32h7xx_ll_usb.c:1078:20:USB_DevConnect	8	static
../Drivers/STM32H7xx_HAL_Driver/Src/stm32h7xx_ll_usb.c:1093:20:USB_DevDisconnect	8	static
../Drivers/STM32H7xx_HAL_Driver/Src/stm32h7xx_ll_usb.c:1108:11:USB_ReadInterrupts	0	static
../Drivers/STM32H7xx_HAL_Driver/Src/stm32h7xx_ll_usb.c:1123:10:USB_ReadDevAllOutEpInterrupt	0	static
../Drivers/STM32H7xx_HAL_Driver/Src/stm32h7xx_ll_usb.c:1139:10:USB_ReadDevAllInEpInterrupt	0	static
../Drivers/STM32H7xx_HAL_Driver/Src/stm32h7xx_ll_usb.c:1157:10:USB_ReadDevOutEPInterrupt	0	static
../Drivers/STM32H7xx_HAL_Driver/Src/stm32h7xx_ll_usb.c:1175:10:USB_ReadDevInEPInterrupt	8	static
../Drivers/STM32H7xx_HAL_Driver/Src/stm32h7xx_ll_usb.c:1194:7:USB_ClearInterrupts	0	static
../Drivers/STM32H7xx_HAL_Driver/Src/stm32h7xx_ll_usb.c:1207:10:USB_GetMode	0	static
../Drivers/STM32H7xx_HAL_Driver/Src/stm32h7xx_ll_usb.c:1217:20:USB_ActivateSetup	0	static
../Drivers/STM32H7xx_HAL_Driver/Src/stm32h7xx_ll_usb.c:1239:19:USB_EP0_OutStart	12	static
../Drivers/STM32H7xx_HAL_Driver/Src/stm32h7xx_ll_usb.c:1405:19:USB_InitFSLSPClkSel	8	static
../Drivers/STM32H7xx_HAL_Driver/Src/stm32h7xx_ll_usb.c:1435:19:USB_ResetPort	24	static
../Drivers/STM32H7xx_HAL_Driver/Src/stm32h7xx_ll_usb.c:1462:19:USB_DriveVbus	8	static
../Drivers/STM32H7xx_HAL_Driver/Src/stm32h7xx_ll_usb.c:1310:19:USB_HostInit	16	static
../Drivers/STM32H7xx_HAL_Driver/Src/stm32h7xx_ll_usb.c:1492:10:USB_GetHostSpeed	8	static
../Drivers/STM32H7xx_HAL_Driver/Src/stm32h7xx_ll_usb.c:1506:10:USB_GetCurrentFrame	0	static
../Drivers/STM32H7xx_HAL_Driver/Src/stm32h7xx_ll_usb.c:1537:19:USB_HC_Init	24	static
../Drivers/STM32H7xx_HAL_Driver/Src/stm32h7xx_ll_usb.c:1786:10:USB_HC_ReadInterrupt	0	static
../Drivers/STM32H7xx_HAL_Driver/Src/stm32h7xx_ll_usb.c:1800:19:USB_HC_Halt	0	static
../Drivers/STM32H7xx_HAL_Driver/Src/stm32h7xx_ll_usb.c:1865:19:USB_DoPing	0	static
../Drivers/STM32H7xx_HAL_Driver/Src/stm32h7xx_ll_usb.c:1658:19:USB_HC_StartXfer	32	static
../Drivers/STM32H7xx_HAL_Driver/Src/stm32h7xx_ll_usb.c:1889:19:USB_StopHost	8	static
../Drivers/STM32H7xx_HAL_Driver/Src/stm32h7xx_ll_usb.c:1945:19:USB_ActivateRemoteWakeup	0	static
../Drivers/STM32H7xx_HAL_Driver/Src/stm32h7xx_ll_usb.c:1963:19:USB_DeActivateRemoteWakeup	0	static
