../Drivers/STM32H7xx_HAL_Driver/Src/stm32h7xx_hal_hcd.c:201:19:HAL_HCD_HC_Init	48	static
../Drivers/STM32H7xx_HAL_Driver/Src/stm32h7xx_hal_hcd.c:249:19:HAL_HCD_HC_Halt	8	static
../Drivers/STM32H7xx_HAL_Driver/Src/stm32h7xx_hal_hcd.c:300:14:HAL_HCD_MspInit	0	static
../Drivers/STM32H7xx_HAL_Driver/Src/stm32h7xx_hal_hcd.c:111:19:HAL_HCD_Init	64	static
../Drivers/STM32H7xx_HAL_Driver/Src/stm32h7xx_hal_hcd.c:315:14:HAL_HCD_MspDeInit	0	static
../Drivers/STM32H7xx_HAL_Driver/Src/stm32h7xx_hal_hcd.c:265:19:HAL_HCD_DeInit	8	static
../Drivers/STM32H7xx_HAL_Driver/Src/stm32h7xx_hal_hcd.c:367:19:HAL_HCD_HC_SubmitRequest	16	static
../Drivers/STM32H7xx_HAL_Driver/Src/stm32h7xx_hal_hcd.c:612:13:HAL_HCD_SOF_Callback	0	static
../Drivers/STM32H7xx_HAL_Driver/Src/stm32h7xx_hal_hcd.c:627:13:HAL_HCD_Connect_Callback	0	static
../Drivers/STM32H7xx_HAL_Driver/Src/stm32h7xx_hal_hcd.c:642:13:HAL_HCD_Disconnect_Callback	0	static
../Drivers/STM32H7xx_HAL_Driver/Src/stm32h7xx_hal_hcd.c:657:13:HAL_HCD_PortEnabled_Callback	0	static
../Drivers/STM32H7xx_HAL_Driver/Src/stm32h7xx_hal_hcd.c:672:13:HAL_HCD_PortDisabled_Callback	0	static
../Drivers/STM32H7xx_HAL_Driver/Src/stm32h7xx_hal_hcd.c:697:13:HAL_HCD_HC_NotifyURBChange_Callback	0	static
../Drivers/STM32H7xx_HAL_Driver/Src/stm32h7xx_hal_hcd.c:498:6:HAL_HCD_IRQHandler	64	static
../Drivers/STM32H7xx_HAL_Driver/Src/stm32h7xx_hal_hcd.c:1009:19:HAL_HCD_Start	16	static
../Drivers/STM32H7xx_HAL_Driver/Src/stm32h7xx_hal_hcd.c:1025:19:HAL_HCD_Stop	8	static
../Drivers/STM32H7xx_HAL_Driver/Src/stm32h7xx_hal_hcd.c:1039:19:HAL_HCD_ResetPort	0	static
../Drivers/STM32H7xx_HAL_Driver/Src/stm32h7xx_hal_hcd.c:1068:18:HAL_HCD_GetState	0	static
../Drivers/STM32H7xx_HAL_Driver/Src/stm32h7xx_hal_hcd.c:1087:21:HAL_HCD_HC_GetURBState	0	static
../Drivers/STM32H7xx_HAL_Driver/Src/stm32h7xx_hal_hcd.c:1100:10:HAL_HCD_HC_GetXferCount	0	static
../Drivers/STM32H7xx_HAL_Driver/Src/stm32h7xx_hal_hcd.c:1122:21:HAL_HCD_HC_GetState	0	static
../Drivers/STM32H7xx_HAL_Driver/Src/stm32h7xx_hal_hcd.c:1132:10:HAL_HCD_GetCurrentFrame	0	static
../Drivers/STM32H7xx_HAL_Driver/Src/stm32h7xx_hal_hcd.c:1142:10:HAL_HCD_GetCurrentSpeed	0	static
