../Middlewares/ST/STM32_USB_Host_Library/Core/Src/usbh_core.c:205:27:DeInitStateMachine.isra	8	static
../Middlewares/ST/STM32_USB_Host_Library/Core/Src/usbh_core.c:96:21:USBH_Init	16	static
../Middlewares/ST/STM32_USB_Host_Library/Core/Src/usbh_core.c:178:20:USBH_DeInit	8	static
../Middlewares/ST/STM32_USB_Host_Library/Core/Src/usbh_core.c:245:20:USBH_RegisterClass	0	static
../Middlewares/ST/STM32_USB_Host_Library/Core/Src/usbh_core.c:280:20:USBH_SelectInterface	0	static
../Middlewares/ST/STM32_USB_Host_Library/Core/Src/usbh_core.c:309:9:USBH_GetActiveClass	0	static
../Middlewares/ST/STM32_USB_Host_Library/Core/Src/usbh_core.c:325:10:USBH_FindInterface	16	static
../Middlewares/ST/STM32_USB_Host_Library/Core/Src/usbh_core.c:358:10:USBH_FindInterfaceIndex	12	static
../Middlewares/ST/STM32_USB_Host_Library/Core/Src/usbh_core.c:386:21:USBH_Start	8	static
../Middlewares/ST/STM32_USB_Host_Library/Core/Src/usbh_core.c:404:21:USBH_Stop	8	static
../Middlewares/ST/STM32_USB_Host_Library/Core/Src/usbh_core.c:426:20:USBH_ReEnumerate	16	static
../Middlewares/ST/STM32_USB_Host_Library/Core/Src/usbh_core.c:457:21:USBH_Process	40	static
../Middlewares/ST/STM32_USB_Host_Library/Core/Src/usbh_core.c:1158:7:USBH_LL_SetTimer	0	static
../Middlewares/ST/STM32_USB_Host_Library/Core/Src/usbh_core.c:1170:7:USBH_LL_IncTimer	0	static
../Middlewares/ST/STM32_USB_Host_Library/Core/Src/usbh_core.c:1198:6:USBH_LL_PortEnabled	0	static
../Middlewares/ST/STM32_USB_Host_Library/Core/Src/usbh_core.c:1221:6:USBH_LL_PortDisabled	0	static
../Middlewares/ST/STM32_USB_Host_Library/Core/Src/usbh_core.c:1235:9:USBH_IsPortEnabled	0	static
../Middlewares/ST/STM32_USB_Host_Library/Core/Src/usbh_core.c:1247:21:USBH_LL_Connect	0	static
../Middlewares/ST/STM32_USB_Host_Library/Core/Src/usbh_core.c:1273:21:USBH_LL_Disconnect	16	static
