gfx.c:141:6:GFXdrawPixel.part.0	8	static
gfx.c:75:6:GFXinit	8	static
gfx.c:96:6:GFXwriteLine	48	static
gfx.c:136:6:GFXstartWrite	0	static
gfx.c:141:6:GFXdrawPixel	8	static
gfx.c:171:6:GFXwritePixel	8	static
gfx.c:178:6:GFXwriteFastVLine	32	static
gfx.c:188:6:GFXwriteFastHLine	32	static
gfx.c:196:6:GFXwriteFillRect	72	static
gfx.c:202:6:GFXendWrite	0	static
gfx.c:208:6:GFXdrawFastVLine	32	static
gfx.c:216:6:GFXdrawFastHLine	32	static
gfx.c:222:6:GFXfillRect	72	static
gfx.c:230:6:GFXfillScreen	72	static
gfx.c:235:6:GFXdrawLine	32	static
gfx.c:250:6:GFXdrawCircle	88	static
gfx.c:285:6:GFXdrawCircleHelper	64	static
gfx.c:321:6:GFXfillCircle	88	static
gfx.c:330:6:GFXfillCircleHelper	72	static
gfx.c:361:6:GFXdrawRect	64	static
gfx.c:372:6:GFXdrawRoundRect	88	static
gfx.c:388:6:GFXfillRoundRect	112	static
gfx.c:399:6:GFXdrawTriangle	48	static
gfx.c:407:6:GFXfillTriangle	104	static
gfx.c:494:6:GFXdrawBitmap	72	static
gfx.c:516:6:GFXdrawChar	152	static
gfx.c:616:6:GFXcheckScrollWrap	4	static
gfx.c:645:6:GFXwrite	40	static
gfx.c:691:6:GFXsetCursor	0	static
gfx.c:696:9:GFXgetCursorX	0	static
gfx.c:701:9:GFXgetCursorY	0	static
gfx.c:706:6:GFXsetTextSize	0	static
gfx.c:710:6:GFXsetTextColor	0	static
gfx.c:715:6:GFXsetTextWrap	0	static
gfx.c:719:9:GFXgetRotation	0	static
gfx.c:723:6:GFXsetRotation	0	static
gfx.c:746:6:GFXcp437	0	static
gfx.c:750:6:GFXsetFont	0	static
gfx.c:812:6:GFXcharBounds	28	static
gfx.c:872:6:GFXgetTextBounds	56	static
gfx.c:898:9:GFXwidth	0	static
gfx.c:902:9:GFXheight	0	static
gfx.c:906:6:GFXinvertDisplay	0	static
gfx.c:926:5:OLEDparseInt	24	static
gfx.c:939:5:OLEDparsePitch	12	static
gfx.c:979:5:OLEDparsePitchClass	8	static
gfx.c:1003:5:OLEDparseFixedFloat	64	static
gfx.c:1069:6:GFXscrollUp	0	static
gfx.c:1074:6:GFXscrollDown	0	static
gfx.c:1079:6:GFXscrollLeft	0	static
gfx.c:1084:6:GFXscrollRight	0	static
