oled.c:65:6:initUIFunctionPointers	16	static
oled.c:87:6:setLED_Edit	0	static
oled.c:100:6:setLED_USB	0	static
oled.c:113:6:setLED_1	0	static
oled.c:125:6:setLED_2	0	static
oled.c:138:6:setLED_A	0	static
oled.c:150:6:setLED_B	0	static
oled.c:162:6:setLED_C	0	static
oled.c:174:6:setLED_leftout_clip	0	static
oled.c:186:6:setLED_rightout_clip	0	static
oled.c:198:6:setLED_leftin_clip	0	static
oled.c:210:6:setLED_rightin_clip	0	static
oled.c:222:5:getCursorX	8	static
oled.c:243:6:OLED_writePreset	56	static
oled.c:19:6:OLED_init	32	static
oled.c:261:6:OLED_writeEditScreen	24	static
oled.c:291:6:OLED_writeButtonAction	32	static
oled.c:305:6:OLED_writeTuning	40	static
oled.c:314:6:OLED_draw	0	static
oled.c:321:6:OLEDdrawPoint	0	static
oled.c:327:6:OLEDdrawLine	16	static
oled.c:333:6:OLEDdrawCircle	16	static
oled.c:340:6:OLEDclear	16	static
oled.c:346:6:OLEDclearLine	16	static
oled.c:352:6:OLEDwriteString	32	static
oled.c:366:6:OLEDwriteLine	24	static
oled.c:389:6:OLEDwriteInt	32	static
oled.c:396:6:OLEDwriteIntLine	24	static
oled.c:403:6:OLEDwritePitch	32	static
oled.c:410:6:OLEDwritePitchClass	32	static
oled.c:417:6:OLEDwritePitchLine	24	static
oled.c:424:6:OLEDwriteFixedFloat	32	static
oled.c:431:6:OLEDwriteFixedFloatLine	24	static
oled.c:439:6:OLEDwriteFloat	40	static
oled.c:271:6:OLED_writeKnobParameter.part.0	56	static
oled.c:271:6:OLED_writeKnobParameter	0	static
oled.c:227:6:OLED_process	40	static
oled.c:493:6:OLEDdrawFloatArray	56	static
oled.c:510:9:OLEDgetCursor	0	static
