sfx.c:121:14:initGlobalSFXObjects	48	static
sfx.c:354:14:SFXVocoderAlloc	40	static
sfx.c:385:14:SFXVocoderFrame	48	static
sfx.c:443:14:SFXVocoderTick	64	static
sfx.c:494:14:SFXVocoderFree	16	static
sfx.c:556:14:SFXVocoderChAlloc	64	static
sfx.c:663:14:SFXVocoderChFrame	104	static
sfx.c:838:14:SFXVocoderChTick	88	static
sfx.c:921:14:SFXVocoderChFree	24	static
sfx.c:950:14:SFXPitchShiftAlloc	16	static
sfx.c:965:14:SFXPitchShiftFrame	0	static
sfx.c:971:14:SFXPitchShiftTick	40	static
sfx.c:1043:14:SFXPitchShiftFree	8	static
sfx.c:1069:14:SFXNeartuneAlloc	24	static
sfx.c:1081:14:SFXNeartuneFrame	16	static
sfx.c:1199:14:SFXNeartuneFree	8	static
sfx.c:1209:14:SFXAutotuneAlloc	8	static
sfx.c:1217:14:SFXAutotuneFrame	40	static
sfx.c:1228:14:SFXAutotuneTick	32	static
sfx.c:1258:14:SFXAutotuneFree	0	static
sfx.c:1275:14:SFXSamplerBPAlloc	24	static
sfx.c:1285:14:SFXSamplerBPFrame	0	static
sfx.c:1292:14:SFXSamplerBPTick	40	static
sfx.c:1375:14:SFXSamplerBPFree	8	static
sfx.c:1402:14:SFXSamplerKAlloc	96	static
sfx.c:1438:14:SFXSamplerKFrame	64	static
sfx.c:1582:14:SFXSamplerKTick	88	static
sfx.c:1806:14:SFXSamplerKFree	24	static
sfx.c:1836:14:SFXSamplerAutoAlloc	32	static
sfx.c:1860:14:SFXSamplerAutoFrame	0	static
sfx.c:1875:14:SFXSamplerAutoTick	88	static
sfx.c:2026:14:SFXSamplerAutoFree	16	static
sfx.c:2041:14:SFXDistortionAlloc	32	static
sfx.c:2056:14:SFXDistortionFrame	8	static
sfx.c:2075:14:SFXDistortionTick	48	static
sfx.c:2101:14:SFXDistortionFree	8	static
sfx.c:2116:14:SFXWaveFolderAlloc	16	static
sfx.c:2127:14:SFXWaveFolderFrame	0	static
sfx.c:2139:14:SFXWaveFolderTick	32	static
sfx.c:2211:14:SFXWaveFolderFree	8	static
sfx.c:2221:14:SFXBitcrusherAlloc	8	static
sfx.c:2228:14:SFXBitcrusherFrame	0	static
sfx.c:2238:14:SFXBitcrusherTick	24	static
sfx.c:2277:14:SFXBitcrusherFree	8	static
sfx.c:2288:14:SFXDelayAlloc	24	static
sfx.c:2308:14:SFXDelayFrame	8	static
sfx.c:2335:14:SFXDelayTick	32	static
sfx.c:2389:14:SFXDelayFree	8	static
sfx.c:2410:14:SFXReverbAlloc	16	static
sfx.c:2421:14:SFXReverbFrame	24	static
sfx.c:2436:14:SFXReverbTick	32	static
sfx.c:2462:14:SFXReverbFree	8	static
sfx.c:2479:14:SFXReverb2Alloc	32	static
sfx.c:2494:14:SFXReverb2Frame	0	static
sfx.c:2501:14:SFXReverb2Tick	48	static
sfx.c:2557:14:SFXReverb2Free	8	static
sfx.c:2574:14:SFXLivingStringAlloc	56	static
sfx.c:2592:14:SFXLivingStringFrame	80	static
sfx.c:2691:14:SFXLivingStringTick	32	static
sfx.c:2707:14:SFXLivingStringFree	16	static
sfx.c:2727:14:SFXLivingStringSynthAlloc	64	static
sfx.c:2750:14:SFXLivingStringSynthFrame	64	static
sfx.c:2832:14:SFXLivingStringSynthTick	56	static
sfx.c:2855:14:SFXLivingStringSynthFree	24	static
sfx.c:2878:14:SFXClassicSynthAlloc	104	static
sfx.c:2949:14:SFXClassicSynthFrame	120	static
sfx.c:3109:14:SFXClassicSynthTick	80	static
sfx.c:3136:14:SFXClassicSynthFree	40	static
sfx.c:3180:14:SFXRhodesAlloc	64	static
sfx.c:3216:14:SFXRhodesFrame	72	static
sfx.c:3400:14:SFXRhodesTick	136	static
sfx.c:3461:14:SFXRhodesFree	24	static
sfx.c:3486:14:calculateFreq	16	static
sfx.c:3494:15:calculateTunedMidiNote	0	static
sfx.c:3501:14:calculateNoteArray	16	static
sfx.c:3513:15:nearestNote	12	static
sfx.c:3551:15:nearestNoteWithHysteresis	48	static
sfx.c:1127:14:SFXNeartuneTick	48	static
sfx.c:3773:14:noteOff	24	static
sfx.c:3667:14:noteOn	32	static
sfx.c:3867:14:pitchBend	0	static
sfx.c:3873:14:sustainOff	0	static
sfx.c:3878:14:sustainOn	0	static
sfx.c:3883:14:toggleBypass	0	static
sfx.c:3888:14:toggleSustain	0	static
sfx.c:3893:14:ctrlInput	0	static
