sfx.c:99:6:initGlobalSFXObjects	40	static
sfx.c:332:6:SFXVocoderAlloc	40	static
sfx.c:364:6:SFXVocoderFrame	48	static
sfx.c:422:6:SFXVocoderTick	64	static
sfx.c:474:6:SFXVocoderFree	16	static
sfx.c:536:6:SFXVocoderChAlloc	64	static
sfx.c:643:6:SFXVocoderChFrame	96	static
sfx.c:818:6:SFXVocoderChTick	72	static
sfx.c:901:6:SFXVocoderChFree	24	static
sfx.c:930:6:SFXPitchShiftAlloc	16	static
sfx.c:945:6:SFXPitchShiftFrame	0	static
sfx.c:951:6:SFXPitchShiftTick	40	static
sfx.c:1023:6:SFXPitchShiftFree	8	static
sfx.c:1049:6:SFXNeartuneAlloc	24	static
sfx.c:1061:6:SFXNeartuneFrame	16	static
sfx.c:1179:6:SFXNeartuneFree	8	static
sfx.c:1189:6:SFXAutotuneAlloc	8	static
sfx.c:1197:6:SFXAutotuneFrame	40	static
sfx.c:1208:6:SFXAutotuneTick	32	static
sfx.c:1238:6:SFXAutotuneFree	0	static
sfx.c:1255:6:SFXSamplerBPAlloc	24	static
sfx.c:1265:6:SFXSamplerBPFrame	0	static
sfx.c:1272:6:SFXSamplerBPTick	40	static
sfx.c:1355:6:SFXSamplerBPFree	8	static
sfx.c:1382:6:SFXSamplerKAlloc	72	static
sfx.c:1418:6:SFXSamplerKFrame	64	static
sfx.c:1562:6:SFXSamplerKTick	80	static
sfx.c:1785:6:SFXSamplerKFree	24	static
sfx.c:1815:6:SFXSamplerAutoAlloc	24	static
sfx.c:1839:6:SFXSamplerAutoFrame	0	static
sfx.c:1854:6:SFXSamplerAutoTick	96	static
sfx.c:2005:6:SFXSamplerAutoFree	16	static
sfx.c:2022:6:SFXDistortionAlloc	32	static
sfx.c:2037:6:SFXDistortionFrame	8	static
sfx.c:2056:6:SFXDistortionTick	48	static
sfx.c:2082:6:SFXDistortionFree	8	static
sfx.c:2097:6:SFXWaveFolderAlloc	16	static
sfx.c:2108:6:SFXWaveFolderFrame	0	static
sfx.c:2120:6:SFXWaveFolderTick	32	static
sfx.c:2192:6:SFXWaveFolderFree	8	static
sfx.c:2202:6:SFXBitcrusherAlloc	8	static
sfx.c:2209:6:SFXBitcrusherFrame	0	static
sfx.c:2219:6:SFXBitcrusherTick	24	static
sfx.c:2258:6:SFXBitcrusherFree	8	static
sfx.c:2269:6:SFXDelayAlloc	32	static
sfx.c:2289:6:SFXDelayFrame	8	static
sfx.c:2316:6:SFXDelayTick	32	static
sfx.c:2370:6:SFXDelayFree	8	static
sfx.c:2391:6:SFXReverbAlloc	16	static
sfx.c:2402:6:SFXReverbFrame	24	static
sfx.c:2417:6:SFXReverbTick	32	static
sfx.c:2443:6:SFXReverbFree	8	static
sfx.c:2460:6:SFXReverb2Alloc	32	static
sfx.c:2475:6:SFXReverb2Frame	0	static
sfx.c:2482:6:SFXReverb2Tick	48	static
sfx.c:2538:6:SFXReverb2Free	8	static
sfx.c:2555:6:SFXLivingStringAlloc	48	static
sfx.c:2573:6:SFXLivingStringFrame	64	static
sfx.c:2672:6:SFXLivingStringTick	32	static
sfx.c:2688:6:SFXLivingStringFree	16	static
sfx.c:2708:6:SFXLivingStringSynthAlloc	64	static
sfx.c:2731:6:SFXLivingStringSynthFrame	56	static
sfx.c:2813:6:SFXLivingStringSynthTick	56	static
sfx.c:2836:6:SFXLivingStringSynthFree	24	static
sfx.c:2859:6:SFXClassicSynthAlloc	72	static
sfx.c:2930:6:SFXClassicSynthFrame	88	static
sfx.c:3090:6:SFXClassicSynthTick	80	static
sfx.c:3117:6:SFXClassicSynthFree	40	static
sfx.c:3161:6:SFXRhodesAlloc	56	static
sfx.c:3197:6:SFXRhodesFrame	64	static
sfx.c:3381:6:SFXRhodesTick	120	static
sfx.c:3442:6:SFXRhodesFree	24	static
sfx.c:3467:6:calculateFreq	8	static
sfx.c:3475:7:calculateTunedMidiNote	0	static
sfx.c:3482:6:calculateNoteArray	16	static
sfx.c:3494:7:nearestNote	12	static
sfx.c:3532:7:nearestNoteWithHysteresis	48	static
sfx.c:1107:6:SFXNeartuneTick	40	static
sfx.c:3760:6:noteOff	16	static
sfx.c:3648:6:noteOn	40	static
sfx.c:3855:6:pitchBend	0	static
sfx.c:3861:6:sustainOff	0	static
sfx.c:3866:6:sustainOn	0	static
sfx.c:3871:6:toggleBypass	0	static
sfx.c:3876:6:toggleSustain	0	static
sfx.c:3881:6:ctrlInput	0	static
