stm32h7xx_it.c:79:6:NMI_Handler	0	static
stm32h7xx_it.c:113:6:MemManage_Handler	0	static
stm32h7xx_it.c:131:6:BusFault_Handler	8	static
stm32h7xx_it.c:149:6:UsageFault_Handler	8	static
stm32h7xx_it.c:167:6:SVC_Handler	0	static
stm32h7xx_it.c:183:6:DebugMon_Handler	0	static
stm32h7xx_it.c:199:6:PendSV_Handler	0	static
stm32h7xx_it.c:215:6:SysTick_Handler	0	static
stm32h7xx_it.c:239:6:DMA1_Stream1_IRQHandler	8	static
stm32h7xx_it.c:256:6:DMA1_Stream2_IRQHandler	8	static
stm32h7xx_it.c:273:6:ADC_IRQHandler	8	static
stm32h7xx_it.c:290:6:DMA2_Stream0_IRQHandler	8	static
stm32h7xx_it.c:308:6:SAI1_IRQHandler	16	static
stm32h7xx_it.c:327:6:I2C4_EV_IRQHandler	8	static
stm32h7xx_it.c:344:6:I2C4_ER_IRQHandler	8	static
stm32h7xx_it.c:361:6:OTG_FS_IRQHandler	8	static
stm32h7xx_it.c:378:6:DMAMUX1_OVR_IRQHandler	8	static
stm32h7xx_it.c:396:6:BDMA_Channel0_IRQHandler	8	static
stm32h7xx_it.c:413:6:BDMA_Channel1_IRQHandler	8	static
