ui.c:76:14:initModeNames	80	static
ui.c:369:14:buttonCheck	80	static
ui.c:568:18:adcCheck	48	static
ui.c:614:18:clearButtonActions	8	static
ui.c:628:18:changeTuning	16	static
ui.c:650:18:writeCurrentPresetToFlash	8	static
ui.c:660:18:incrementPage	64	static
ui.c:667:18:decrementPage	64	static
ui.c:674:18:resetKnobValues	56	static
ui.c:687:18:setKnobValues	48	static
ui.c:705:18:setKnobValue	24	static
ui.c:718:18:deactivateKnob	4	static
ui.c:724:18:deactivateAllKnobs	0	static
ui.c:733:25:UIVocoderButtons	4	static
ui.c:754:25:UIVocoderChButtons	4	static
ui.c:775:25:UIPitchShiftButtons	0	static
ui.c:781:25:UINeartuneButtons	4	static
ui.c:800:25:UIAutotuneButtons	0	static
ui.c:806:25:UISamplerBPButtons	16	static
ui.c:840:25:UISamplerKButtons	16	static
ui.c:863:25:UISamplerAutoButtons	4	static
ui.c:891:25:UIDistortionButtons	4	static
ui.c:902:25:UIWaveFolderButtons	4	static
ui.c:913:25:UIBitcrusherButtons	4	static
ui.c:927:25:UIDelayButtons	4	static
ui.c:943:25:UIReverbButtons	4	static
ui.c:959:25:UIReverb2Buttons	4	static
ui.c:970:25:UILivingStringButtons	4	static
ui.c:993:25:UILivingStringSynthButtons	4	static
ui.c:1014:25:UIClassicSynthButtons	4	static
ui.c:1030:25:UIRhodesButtons	24	static
