ui.c:60:6:initModeNames	36	static
ui.c:353:6:buttonCheck	64	static
ui.c:548:6:adcCheck	40	static
ui.c:594:6:clearButtonActions	8	static
ui.c:608:6:changeTuning	16	static
ui.c:629:6:writeCurrentPresetToFlash	8	static
ui.c:637:6:incrementPage	40	static
ui.c:644:6:decrementPage	40	static
ui.c:651:6:resetKnobValues	48	static
ui.c:664:6:setKnobValues	40	static
ui.c:682:6:setKnobValue	24	static
ui.c:695:6:deactivateKnob	4	static
ui.c:701:6:deactivateAllKnobs	0	static
ui.c:710:7:UIVocoderButtons	4	static
ui.c:731:7:UIVocoderChButtons	4	static
ui.c:752:7:UIPitchShiftButtons	0	static
ui.c:758:7:UINeartuneButtons	4	static
ui.c:777:7:UIAutotuneButtons	0	static
ui.c:783:7:UISamplerBPButtons	16	static
ui.c:817:7:UISamplerKButtons	16	static
ui.c:840:7:UISamplerAutoButtons	4	static
ui.c:868:7:UIDistortionButtons	4	static
ui.c:879:7:UIWaveFolderButtons	4	static
ui.c:890:7:UIBitcrusherButtons	4	static
ui.c:904:7:UIDelayButtons	4	static
ui.c:920:7:UIReverbButtons	4	static
ui.c:936:7:UIReverb2Buttons	4	static
ui.c:947:7:UILivingStringButtons	4	static
ui.c:970:7:UILivingStringSynthButtons	4	static
ui.c:991:7:UIClassicSynthButtons	4	static
ui.c:1007:7:UIRhodesButtons	24	static
