usbh_MIDI.c:206:27:USBH_MIDI_ClassRequest	8	static
usbh_MIDI.c:245:27:USBH_MIDI_Process	8	static
usbh_MIDI.c:289:27:USBH_MIDI_SOFProcess	40	static
usbh_MIDI.c:170:20:USBH_MIDI_InterfaceDeInit	16	static
usbh_MIDI.c:85:27:USBH_MIDI_InterfaceInit	40	static
usbh_MIDI.c:222:21:USBH_MIDI_Stop	16	static
usbh_MIDI.c:408:10:USBH_MIDI_GetLastReceivedDataSize	8	static
usbh_MIDI.c:429:21:USBH_MIDI_Transmit	4	static
usbh_MIDI.c:455:21:USBH_MIDI_Receive	8	static
usbh_MIDI.c:575:13:USBH_MIDI_TransmitCallback	0	static
usbh_MIDI.c:586:13:USBH_MIDI_ReceiveCallback	0	static
