leaf-midi.c:23:6:tStack_init	16	static
leaf-midi.c:28:9:tStack_initToPool	16	static
leaf-midi.c:42:9:tStack_free	0	static
leaf-midi.c:50:5:tStack_contains	4	static
leaf-midi.c:60:6:tStack_add	16	static
leaf-midi.c:94:5:tStack_addIfNotAlreadyThere	16	static
leaf-midi.c:138:5:tStack_remove	20	static
leaf-midi.c:174:6:tStack_setCapacity	8	static
leaf-midi.c:200:5:tStack_getSize	0	static
leaf-midi.c:207:6:tStack_clear	8	static
leaf-midi.c:220:5:tStack_next	0	static
leaf-midi.c:245:5:tStack_get	0	static
leaf-midi.c:251:5:tStack_first	0	static
leaf-midi.c:264:9:tPoly_initToPool	32	static
leaf-midi.c:259:6:tPoly_init	0	static
leaf-midi.c:311:9:tPoly_free	16	static
leaf-midi.c:332:6:tPoly_tickPitch	16	static
leaf-midi.c:338:6:tPoly_tickPitchGlide	16	static
leaf-midi.c:347:6:tPoly_tickPitchBend	0	static
leaf-midi.c:353:6:tPoly_setPitchBend	0	static
leaf-midi.c:360:5:tPoly_noteOn	32	static
leaf-midi.c:438:5:tPoly_noteOff	32	static
leaf-midi.c:498:6:tPoly_orderedAddToStack	16	static
leaf-midi.c:538:6:tPoly_setNumVoices	0	static
leaf-midi.c:544:6:tPoly_setPitchGlideActive	0	static
leaf-midi.c:550:6:tPoly_setPitchGlideTime	16	static
leaf-midi.c:560:6:tPoly_setBendGlideTime	0	static
leaf-midi.c:566:6:tPoly_setBendSamplesPerTick	0	static
leaf-midi.c:572:5:tPoly_getNumVoices	0	static
leaf-midi.c:578:5:tPoly_getNumActiveVoices	8	static
leaf-midi.c:584:7:tPoly_getPitch	16	static
leaf-midi.c:590:5:tPoly_getKey	0	static
leaf-midi.c:596:5:tPoly_getVelocity	0	static
leaf-midi.c:602:5:tPoly_isOn	0	static
leaf-midi.c:620:9:tSimplePoly_initToPool	32	static
leaf-midi.c:615:6:tSimplePoly_init	0	static
leaf-midi.c:647:9:tSimplePoly_free	16	static
leaf-midi.c:660:5:tSimplePoly_noteOn	36	static
leaf-midi.c:739:5:tSimplePoly_noteOff	28	static
leaf-midi.c:783:6:tSimplePoly_deactivateVoice	16	static
leaf-midi.c:810:5:tSimplePoly_findVoiceAssignedToNote	4	static
leaf-midi.c:828:5:tSimplePoly_markPendingNoteOff	28	static
leaf-midi.c:857:6:tSimplePoly_setNumVoices	0	static
leaf-midi.c:864:5:tSimplePoly_getNumVoices	0	static
leaf-midi.c:870:5:tSimplePoly_getNumActiveVoices	8	static
leaf-midi.c:877:5:tSimplePoly_getPitch	0	static
leaf-midi.c:884:5:tSimplePoly_getPitchAndCheckActive	0	static
leaf-midi.c:890:5:tSimplePoly_getVelocity	0	static
leaf-midi.c:896:5:tSimplePoly_isOn	0	static
