leaf-delay.c:22:9:tDelay_init	24	static
leaf-delay.c:27:9:tDelay_initToPool	24	static
leaf-delay.c:50:6:tDelay_free	8	static
leaf-delay.c:58:9:tDelay_clear	0	static
leaf-delay.c:67:9:tDelay_tick	4	static
leaf-delay.c:83:9:tDelay_setDelay	16	static
leaf-delay.c:96:7:tDelay_tapOut	0	static
leaf-delay.c:109:6:tDelay_tapIn	0	static
leaf-delay.c:121:7:tDelay_addTo	0	static
leaf-delay.c:133:12:tDelay_getDelay	0	static
leaf-delay.c:139:9:tDelay_getLastOut	0	static
leaf-delay.c:145:9:tDelay_getLastIn	0	static
leaf-delay.c:151:6:tDelay_setGain	0	static
leaf-delay.c:158:7:tDelay_getGain	0	static
leaf-delay.c:165:8:tLinearDelay_init	32	static
leaf-delay.c:170:6:tLinearDelay_initToPool	32	static
leaf-delay.c:195:6:tLinearDelay_free	8	static
leaf-delay.c:203:9:tLinearDelay_clear	0	static
leaf-delay.c:212:9:tLinearDelay_tick	4	static
leaf-delay.c:236:8:tLinearDelay_tickIn	0	static
leaf-delay.c:246:9:tLinearDelay_tickOut	4	static
leaf-delay.c:265:9:tLinearDelay_setDelay	8	static
leaf-delay.c:286:7:tLinearDelay_tapOut	0	static
leaf-delay.c:297:6:tLinearDelay_tapIn	0	static
leaf-delay.c:309:7:tLinearDelay_addTo	0	static
leaf-delay.c:321:9:tLinearDelay_getDelay	0	static
leaf-delay.c:327:9:tLinearDelay_getLastOut	0	static
leaf-delay.c:333:9:tLinearDelay_getLastIn	0	static
leaf-delay.c:339:6:tLinearDelay_setGain	0	static
leaf-delay.c:346:7:tLinearDelay_getGain	0	static
leaf-delay.c:358:6:tHermiteDelay_init	32	static
leaf-delay.c:363:6:tHermiteDelay_initToPool	32	static
leaf-delay.c:388:6:tHermiteDelay_free	8	static
leaf-delay.c:397:9:tHermiteDelay_clear	0	static
leaf-delay.c:406:9:tHermiteDelay_tick	24	static
leaf-delay.c:429:8:tHermiteDelay_tickIn	0	static
leaf-delay.c:439:9:tHermiteDelay_tickOut	24	static
leaf-delay.c:459:9:tHermiteDelay_setDelay	8	static
leaf-delay.c:480:7:tHermiteDelay_tapOut	0	static
leaf-delay.c:493:6:tHermiteDelay_tapIn	0	static
leaf-delay.c:505:7:tHermiteDelay_addTo	0	static
leaf-delay.c:517:9:tHermiteDelay_getDelay	0	static
leaf-delay.c:523:9:tHermiteDelay_getLastOut	0	static
leaf-delay.c:529:9:tHermiteDelay_getLastIn	0	static
leaf-delay.c:535:6:tHermiteDelay_setGain	0	static
leaf-delay.c:542:7:tHermiteDelay_getGain	0	static
leaf-delay.c:553:6:tAllpassDelay_init	32	static
leaf-delay.c:558:6:tAllpassDelay_initToPool	32	static
leaf-delay.c:585:6:tAllpassDelay_free	8	static
leaf-delay.c:593:6:tAllpassDelay_clear	0	static
leaf-delay.c:602:7:tAllpassDelay_tick	4	static
leaf-delay.c:625:9:tAllpassDelay_setDelay	8	static
leaf-delay.c:659:7:tAllpassDelay_tapOut	0	static
leaf-delay.c:672:6:tAllpassDelay_tapIn	0	static
leaf-delay.c:684:7:tAllpassDelay_addTo	0	static
leaf-delay.c:696:9:tAllpassDelay_getDelay	0	static
leaf-delay.c:702:9:tAllpassDelay_getLastOut	0	static
leaf-delay.c:708:9:tAllpassDelay_getLastIn	0	static
leaf-delay.c:714:6:tAllpassDelay_setGain	0	static
leaf-delay.c:721:7:tAllpassDelay_getGain	0	static
leaf-delay.c:728:6:tTapeDelay_init	32	static
leaf-delay.c:733:6:tTapeDelay_initToPool	32	static
leaf-delay.c:755:6:tTapeDelay_free	8	static
leaf-delay.c:763:6:tTapeDelay_clear	0	static
leaf-delay.c:774:9:tTapeDelay_tick	24	static
leaf-delay.c:806:7:tTapeDelay_incrementInPoint	0	static
leaf-delay.c:814:6:tTapeDelay_setRate	0	static
leaf-delay.c:820:10:tTapeDelay_setDelay	8	static
leaf-delay.c:826:7:tTapeDelay_tapOut	16	static
leaf-delay.c:849:6:tTapeDelay_tapIn	0	static
leaf-delay.c:861:7:tTapeDelay_addTo	0	static
leaf-delay.c:873:9:tTapeDelay_getDelay	0	static
leaf-delay.c:879:9:tTapeDelay_getLastOut	0	static
leaf-delay.c:885:9:tTapeDelay_getLastIn	0	static
leaf-delay.c:891:6:tTapeDelay_setGain	0	static
leaf-delay.c:898:7:tTapeDelay_getGain	0	static
leaf-delay.c:906:9:tRingBuffer_init	24	static
leaf-delay.c:911:9:tRingBuffer_initToPool	24	static
leaf-delay.c:926:9:tRingBuffer_free	8	static
leaf-delay.c:934:8:tRingBuffer_push	0	static
leaf-delay.c:943:9:tRingBuffer_getNewest	0	static
leaf-delay.c:950:9:tRingBuffer_getOldest	0	static
leaf-delay.c:957:9:tRingBuffer_get	0	static
leaf-delay.c:964:9:tRingBuffer_getSize	0	static
