leaf-distortion.c:26:6:tSampleReducer_init	16	static
leaf-distortion.c:31:6:tSampleReducer_initToPool	16	static
leaf-distortion.c:42:6:tSampleReducer_free	0	static
leaf-distortion.c:49:7:tSampleReducer_tick	0	static
leaf-distortion.c:63:6:tSampleReducer_setRatio	0	static
leaf-distortion.c:75:6:tOversampler_init	24	static
leaf-distortion.c:80:6:tOversampler_initToPool	24	static
leaf-distortion.c:101:6:tOversampler_free	8	static
leaf-distortion.c:110:7:tOversampler_tick	40	static
leaf-distortion.c:124:6:tOversampler_upsample	24	static
leaf-distortion.c:217:7:tOversampler_downsample	16	static
leaf-distortion.c:301:5:tOversampler_getLatency	0	static
leaf-distortion.c:315:6:tLockhartWavefolder_init	32	static
leaf-distortion.c:320:6:tLockhartWavefolder_initToPool	32	static
leaf-distortion.c:365:6:tLockhartWavefolder_free	0	static
leaf-distortion.c:374:8:tLockhartWavefolderLambert	56	static
leaf-distortion.c:461:7:tLockhartWavefolder_tick	80	static
leaf-distortion.c:557:6:tCrusher_init	24	static
leaf-distortion.c:562:6:tCrusher_initToPool	24	static
leaf-distortion.c:576:6:tCrusher_free	8	static
leaf-distortion.c:584:7:tCrusher_tick	8	static
leaf-distortion.c:608:9:tCrusher_setOperation	0	static
leaf-distortion.c:615:9:tCrusher_setQuality	8	static
leaf-distortion.c:627:9:tCrusher_setRound	0	static
leaf-distortion.c:633:9:tCrusher_setSamplingRatio	0	static
