leaf-physical.c:20:9:tPluck_init	32	static
leaf-physical.c:25:9:tPluck_initToPool	32	static
leaf-physical.c:45:9:tPluck_free	8	static
leaf-physical.c:57:9:tPluck_getLastOut	0	static
leaf-physical.c:63:9:tPluck_tick	16	static
leaf-physical.c:69:9:tPluck_pluck	32	static
leaf-physical.c:85:9:tPluck_noteOn	40	static
leaf-physical.c:94:9:tPluck_noteOff	0	static
leaf-physical.c:105:9:tPluck_setFrequency	32	static
leaf-physical.c:123:9:tPluck_controlChange	0	static
leaf-physical.c:128:6:tPluckSampleRateChanged	32	static
leaf-physical.c:135:9:tKarplusStrong_init	64	static
leaf-physical.c:140:9:tKarplusStrong_initToPool	64	static
leaf-physical.c:173:9:tKarplusStrong_free	8	static
leaf-physical.c:190:9:tKarplusStrong_getLastOut	0	static
leaf-physical.c:196:9:tKarplusStrong_tick	32	static
leaf-physical.c:215:9:tKarplusStrong_pluck	40	static
leaf-physical.c:233:9:tKarplusStrong_noteOn	56	static
leaf-physical.c:240:9:tKarplusStrong_noteOff	0	static
leaf-physical.c:251:9:tKarplusStrong_setFrequency	56	static
leaf-physical.c:273:9:tKarplusStrong_setStretch	48	static
leaf-physical.c:300:9:tKarplusStrong_setPickupPosition	0	static
leaf-physical.c:312:9:tKarplusStrong_setBaseLoopGain	0	static
leaf-physical.c:322:9:tKarplusStrong_controlChange	48	static
leaf-physical.c:337:9:tKarplusStrongSampleRateChanged	56	static
leaf-physical.c:347:9:tSimpleLivingString_init	56	static
leaf-physical.c:354:9:tSimpleLivingString_initToPool	56	static
leaf-physical.c:374:9:tSimpleLivingString_free	8	static
leaf-physical.c:387:10:tSimpleLivingString_setFreq	0	static
leaf-physical.c:397:10:tSimpleLivingString_setWaveLength	0	static
leaf-physical.c:407:10:tSimpleLivingString_setDampFreq	0	static
leaf-physical.c:413:10:tSimpleLivingString_setDecay	0	static
leaf-physical.c:419:10:tSimpleLivingString_setTargetLev	0	static
leaf-physical.c:425:10:tSimpleLivingString_setLevSmoothFactor	0	static
leaf-physical.c:431:10:tSimpleLivingString_setLevStrength	0	static
leaf-physical.c:437:10:tSimpleLivingString_setLevMode	16	static
leaf-physical.c:444:9:tSimpleLivingString_tick	24	static
leaf-physical.c:456:9:tSimpleLivingString_sample	0	static
leaf-physical.c:471:9:tLivingString_initToPool	80	static
leaf-physical.c:464:9:tLivingString_init	0	static
leaf-physical.c:508:9:tLivingString_free	8	static
leaf-physical.c:530:10:tLivingString_setFreq	0	static
leaf-physical.c:539:10:tLivingString_setWaveLength	0	static
leaf-physical.c:548:10:tLivingString_setPickPos	0	static
leaf-physical.c:557:10:tLivingString_setPrepIndex	0	static
leaf-physical.c:565:10:tLivingString_setDampFreq	16	static
leaf-physical.c:574:10:tLivingString_setDecay	0	static
leaf-physical.c:580:10:tLivingString_setTargetLev	16	static
leaf-physical.c:587:10:tLivingString_setLevSmoothFactor	16	static
leaf-physical.c:594:10:tLivingString_setLevStrength	16	static
leaf-physical.c:601:10:tLivingString_setLevMode	16	static
leaf-physical.c:609:9:tLivingString_tick	56	static
leaf-physical.c:645:9:tLivingString_sample	0	static
leaf-physical.c:663:9:tComplexLivingString_initToPool	96	static
leaf-physical.c:656:9:tComplexLivingString_init	0	static
leaf-physical.c:709:9:tComplexLivingString_free	8	static
leaf-physical.c:734:10:tComplexLivingString_setFreq	0	static
leaf-physical.c:743:10:tComplexLivingString_setWaveLength	0	static
leaf-physical.c:752:10:tComplexLivingString_setPickPos	0	static
leaf-physical.c:761:10:tComplexLivingString_setPrepPos	0	static
leaf-physical.c:770:10:tComplexLivingString_setPrepIndex	0	static
leaf-physical.c:778:10:tComplexLivingString_setDampFreq	16	static
leaf-physical.c:787:10:tComplexLivingString_setDecay	0	static
leaf-physical.c:793:10:tComplexLivingString_setTargetLev	16	static
leaf-physical.c:800:10:tComplexLivingString_setLevSmoothFactor	16	static
leaf-physical.c:807:10:tComplexLivingString_setLevStrength	16	static
leaf-physical.c:814:10:tComplexLivingString_setLevMode	16	static
leaf-physical.c:822:9:tComplexLivingString_tick	72	static
leaf-physical.c:884:9:tComplexLivingString_sample	0	static
leaf-physical.c:895:9:tReedTable_init	24	static
leaf-physical.c:900:9:tReedTable_initToPool	24	static
leaf-physical.c:910:9:tReedTable_free	0	static
leaf-physical.c:917:9:tReedTable_tick	0	static
leaf-physical.c:936:9:tReedTable_tanh_tick	0	static
leaf-physical.c:948:10:tReedTable_setOffset	0	static
leaf-physical.c:954:10:tReedTable_setSlope	0	static
