leaf-effects.c:71:6:tTalkbox_free	8	static
leaf-effects.c:87:6:tTalkbox_update	32	static
leaf-effects.c:40:6:tTalkbox_initToPool	32	static
leaf-effects.c:35:6:tTalkbox_init	0	static
leaf-effects.c:116:6:tTalkbox_suspend	4	static
leaf-effects.c:139:6:tTalkbox_warpedAutocorrelate	32	static
leaf-effects.c:177:6:tTalkbox_lpcDurbin	48	static
leaf-effects.c:259:6:tTalkbox_lpc	336	static
leaf-effects.c:210:7:tTalkbox_tick	72	static
leaf-effects.c:317:6:tTalkbox_setQuality	0	static
leaf-effects.c:328:6:tTalkbox_setWarpFactor	0	static
leaf-effects.c:335:6:tTalkbox_setWarpOn	0	static
leaf-effects.c:342:6:tTalkbox_setFreeze	0	static
leaf-effects.c:398:6:tTalkboxFloat_free	8	static
leaf-effects.c:416:6:tTalkboxFloat_update	32	static
leaf-effects.c:367:6:tTalkboxFloat_initToPool	32	static
leaf-effects.c:362:6:tTalkboxFloat_init	0	static
leaf-effects.c:445:6:tTalkboxFloat_suspend	4	static
leaf-effects.c:468:6:tTalkboxFloat_warpedAutocorrelate	28	static
leaf-effects.c:506:6:tTalkboxFloat_lpcDurbin	0	static
leaf-effects.c:589:6:tTalkboxFloat_lpc	336	static
leaf-effects.c:540:7:tTalkboxFloat_tick	72	static
leaf-effects.c:647:6:tTalkboxFloat_setQuality	0	static
leaf-effects.c:658:6:tTalkboxFloat_setWarpFactor	0	static
leaf-effects.c:665:6:tTalkboxFloat_setWarpOn	0	static
leaf-effects.c:672:6:tTalkboxFloat_setFreeze	0	static
leaf-effects.c:707:6:tVocoder_free	0	static
leaf-effects.c:714:13:tVocoder_update	88	static
leaf-effects.c:689:6:tVocoder_initToPool	24	static
leaf-effects.c:684:6:tVocoder_init	24	static
leaf-effects.c:798:13:tVocoder_tick	36	static
leaf-effects.c:865:13:tVocoder_suspend	4	static
leaf-effects.c:879:6:tRosenbergGlottalPulse_init	16	static
leaf-effects.c:884:6:tRosenbergGlottalPulse_initToPool	16	static
leaf-effects.c:898:6:tRosenbergGlottalPulse_free	0	static
leaf-effects.c:904:9:tRosenbergGlottalPulse_tick	8	static
leaf-effects.c:933:9:tRosenbergGlottalPulse_tickHQ	8	static
leaf-effects.c:961:8:tRosenbergGlottalPulse_setFreq	0	static
leaf-effects.c:968:8:tRosenbergGlottalPulse_setOpenLength	0	static
leaf-effects.c:975:8:tRosenbergGlottalPulse_setPulseLength	0	static
leaf-effects.c:982:8:tRosenbergGlottalPulse_setOpenLengthAndPulseLength	0	static
leaf-effects.c:1009:6:tSOLAD_init	16	static
leaf-effects.c:1014:6:tSOLAD_initToPool	16	static
leaf-effects.c:1026:6:tSOLAD_free	8	static
leaf-effects.c:1035:6:tSOLAD_ioSamples	24	static
leaf-effects.c:1053:6:tSOLAD_setPeriod	0	static
leaf-effects.c:1062:6:tSOLAD_setPitchFactor	0	static
leaf-effects.c:1071:6:tSOLAD_setReadLag	0	static
leaf-effects.c:1086:6:tSOLAD_resetState	8	static
leaf-effects.c:1364:6:tPitchShift_init	40	static
leaf-effects.c:1369:6:tPitchShift_initToPool	40	static
leaf-effects.c:1395:6:tPitchShift_free	16	static
leaf-effects.c:1404:6:tPitchShift_setPitchFactor	0	static
leaf-effects.c:1411:7:tPitchShift_shift	32	static
leaf-effects.c:1443:7:tPitchShift_shiftToFreq	40	static
leaf-effects.c:1478:7:tPitchShift_shiftToFunc	40	static
leaf-effects.c:1526:6:tRetune_initToPool	64	static
leaf-effects.c:1521:6:tRetune_init	16	static
leaf-effects.c:1562:6:tRetune_free	24	static
leaf-effects.c:1580:8:tRetune_tick	56	static
leaf-effects.c:1594:6:tRetune_setNumVoices	40	static
leaf-effects.c:1606:6:tRetune_setPitchFactors	4	static
leaf-effects.c:1617:6:tRetune_setPitchFactor	4	static
leaf-effects.c:1625:6:tRetune_setTimeConstant	8	static
leaf-effects.c:1633:6:tRetune_setHopSize	0	static
leaf-effects.c:1641:6:tRetune_setWindowSize	0	static
leaf-effects.c:1649:6:tRetune_setFidelityThreshold	0	static
leaf-effects.c:1656:7:tRetune_getInputPeriod	0	static
leaf-effects.c:1663:7:tRetune_getInputFreq	0	static
leaf-effects.c:1679:6:tAutotune_initToPool	64	static
leaf-effects.c:1674:6:tAutotune_init	16	static
leaf-effects.c:1716:6:tAutotune_free	24	static
leaf-effects.c:1734:8:tAutotune_tick	64	static
leaf-effects.c:1752:6:tAutotune_setNumVoices	40	static
leaf-effects.c:1764:6:tAutotune_setFreqs	0	static
leaf-effects.c:1774:6:tAutotune_setFreq	0	static
leaf-effects.c:1781:6:tAutotune_setTimeConstant	8	static
leaf-effects.c:1789:6:tAutotune_setHopSize	0	static
leaf-effects.c:1797:6:tAutotune_setWindowSize	0	static
leaf-effects.c:1805:6:tAutotune_setFidelityThreshold	0	static
leaf-effects.c:1812:10:tAutotune_setAlpha	0	static
leaf-effects.c:1818:10:tAutotune_setTolerance	0	static
leaf-effects.c:1824:7:tAutotune_getInputPeriod	0	static
leaf-effects.c:1831:7:tAutotune_getInputFreq	0	static
leaf-effects.c:1848:6:tFormantShifter_initToPool	48	static
leaf-effects.c:1843:6:tFormantShifter_init	0	static
leaf-effects.c:1883:6:tFormantShifter_free	8	static
leaf-effects.c:1908:7:tFormantShifter_remove	8	static
leaf-effects.c:1947:7:tFormantShifter_add	32	static
leaf-effects.c:1903:7:tFormantShifter_tick	8	static
leaf-effects.c:2045:6:tFormantShifter_setShiftFactor	0	static
leaf-effects.c:2051:6:tFormantShifter_setIntensity	8	static
