leaf-sampling.c:27:7:tBuffer_init	24	static
leaf-sampling.c:32:7:tBuffer_initToPool	24	static
leaf-sampling.c:47:7:tBuffer_free	8	static
leaf-sampling.c:55:6:tBuffer_tick	0	static
leaf-sampling.c:80:7:tBuffer_read	12	static
leaf-sampling.c:91:7:tBuffer_get	0	static
leaf-sampling.c:98:7:tBuffer_record	0	static
leaf-sampling.c:105:7:tBuffer_stop	0	static
leaf-sampling.c:111:7:tBuffer_getRecordPosition	0	static
leaf-sampling.c:117:8:tBuffer_setRecordPosition	0	static
leaf-sampling.c:123:7:tBuffer_setRecordMode	0	static
leaf-sampling.c:129:7:tBuffer_clear	0	static
leaf-sampling.c:139:10:tBuffer_getBufferLength	0	static
leaf-sampling.c:145:10:tBuffer_getRecordedLength	0	static
leaf-sampling.c:151:6:tBuffer_setRecordedLength	0	static
leaf-sampling.c:157:5:tBuffer_isActive	0	static
leaf-sampling.c:169:6:tSampler_init	40	static
leaf-sampling.c:174:6:tSampler_initToPool	40	static
leaf-sampling.c:214:6:tSampler_free	8	static
leaf-sampling.c:222:6:tSampler_setSample	0	static
leaf-sampling.c:502:6:tSampler_setMode	0	static
leaf-sampling.c:508:6:tSampler_setCrossfadeLength	8	static
leaf-sampling.c:517:6:tSampler_play	8	static
leaf-sampling.c:549:6:tSampler_stop	0	static
leaf-sampling.c:591:6:tSampler_setStart	24	static
leaf-sampling.c:661:6:tSampler_setEnd	24	static
leaf-sampling.c:239:7:tSampler_tick	80	static
leaf-sampling.c:731:9:tSampler_setLength	24	static
leaf-sampling.c:738:6:tSampler_setRate	0	static
leaf-sampling.c:758:9:tAutoSampler_init	40	static
leaf-sampling.c:763:9:tAutoSampler_initToPool	40	static
leaf-sampling.c:775:9:tAutoSampler_free	16	static
leaf-sampling.c:785:9:tAutoSampler_tick	80	static
leaf-sampling.c:828:9:tAutoSampler_setBuffer	4	static
leaf-sampling.c:837:9:tAutoSampler_setMode	0	static
leaf-sampling.c:843:9:tAutoSampler_play	8	static
leaf-sampling.c:848:9:tAutoSampler_stop	0	static
leaf-sampling.c:854:9:tAutoSampler_setThreshold	0	static
leaf-sampling.c:860:9:tAutoSampler_setWindowSize	0	static
leaf-sampling.c:868:9:tAutoSampler_setCrossfadeLength	8	static
leaf-sampling.c:874:9:tAutoSampler_setRate	0	static
