leaf-reverb.c:27:9:tPRCReverb_initToPool	72	static
leaf-reverb.c:22:9:tPRCReverb_init	0	static
leaf-reverb.c:65:9:tPRCReverb_free	8	static
leaf-reverb.c:75:9:tPRCRevert_clear	8	static
leaf-reverb.c:84:9:tPRCReverb_setT60	16	static
leaf-reverb.c:96:9:tPRCReverb_setMix	0	static
leaf-reverb.c:102:9:tPRCReverb_tick	48	static
leaf-reverb.c:136:10:tPRCReverbSampleRateChanged	8	static
leaf-reverb.c:148:9:tNReverb_initToPool	144	static
leaf-reverb.c:143:9:tNReverb_init	0	static
leaf-reverb.c:192:9:tNReverb_free	24	static
leaf-reverb.c:209:9:tNReverb_setT60	32	static
leaf-reverb.c:221:9:tNReverb_setMix	0	static
leaf-reverb.c:227:9:tNReverb_clear	24	static
leaf-reverb.c:242:9:tNReverb_tick	48	static
leaf-reverb.c:299:8:tNReverb_tickStereo	48	static
leaf-reverb.c:351:10:tNReverbSampleRateChanged	32	static
leaf-reverb.c:370:9:tDattorroReverb_initToPool	48	static
leaf-reverb.c:365:9:tDattorroReverb_init	0	static
leaf-reverb.c:433:9:tDattorroReverb_free	8	static
leaf-reverb.c:475:9:tDattorroReverb_clear	8	static
leaf-reverb.c:488:9:tDattorroReverb_tick	80	static
leaf-reverb.c:598:8:tDattorroReverb_tickStereo	64	static
leaf-reverb.c:718:9:tDattorroReverb_setMix	8	static
leaf-reverb.c:724:9:tDattorroReverb_setFreeze	16	static
leaf-reverb.c:754:9:tDattorroReverb_setHP	16	static
leaf-reverb.c:763:9:tDattorroReverb_setSize	8	static
leaf-reverb.c:795:9:tDattorroReverb_setInputDelay	8	static
leaf-reverb.c:804:9:tDattorroReverb_setInputFilter	8	static
leaf-reverb.c:813:9:tDattorroReverb_setFeedbackFilter	8	static
leaf-reverb.c:823:9:tDattorroReverb_setFeedbackGain	0	static
