leaf-mempool.c:61:6:mpool_create	8	static
leaf-mempool.c:80:6:leaf_pool_init	16	static
leaf-mempool.c:90:7:mpool_alloc	24	static
leaf-mempool.c:164:7:mpool_calloc	24	static
leaf-mempool.c:230:7:leaf_alloc	24	static
leaf-mempool.c:240:7:leaf_calloc	24	static
leaf-mempool.c:251:6:mpool_free	28	static
leaf-mempool.c:319:6:leaf_free	24	static
leaf-mempool.c:324:8:mpool_get_size	0	static
leaf-mempool.c:329:8:mpool_get_used	0	static
leaf-mempool.c:334:8:leaf_pool_get_size	0	static
leaf-mempool.c:339:8:leaf_pool_get_used	0	static
leaf-mempool.c:344:7:leaf_pool_get_pool	0	static
leaf-mempool.c:388:6:leaf_mempool_overrun	0	static
leaf-mempool.c:394:6:tMempool_init	40	static
leaf-mempool.c:399:6:tMempool_free	28	static
leaf-mempool.c:404:9:tMempool_initToPool	40	static
leaf-mempool.c:412:9:tMempool_freeFromPool	28	static
