leaf-analysis.c:25:9:tEnvelopeFollower_init	24	static
leaf-analysis.c:30:9:tEnvelopeFollower_initToPool	24	static
leaf-analysis.c:41:9:tEnvelopeFollower_free	0	static
leaf-analysis.c:48:9:tEnvelopeFollower_tick	0	static
leaf-analysis.c:67:9:tEnvelopeFollower_decayCoeff	0	static
leaf-analysis.c:73:9:tEnvelopeFollower_attackThresh	0	static
leaf-analysis.c:85:9:tZeroCrossing_init	24	static
leaf-analysis.c:90:9:tZeroCrossing_initToPool	24	static
leaf-analysis.c:106:9:tZeroCrossing_free	8	static
leaf-analysis.c:116:9:tZeroCrossing_tick	8	static
leaf-analysis.c:155:9:tZeroCrossing_setWindow	0	static
leaf-analysis.c:176:9:tPowerFollower_init	24	static
leaf-analysis.c:181:9:tPowerFollower_initToPool	24	static
leaf-analysis.c:192:9:tPowerFollower_free	0	static
leaf-analysis.c:199:9:tPowerFollower_setFactor	0	static
leaf-analysis.c:210:9:tPowerFollower_tick	0	static
leaf-analysis.c:217:9:tPowerFollower_sample	0	static
leaf-analysis.c:235:9:tEnvPD_initToPool	64	static
leaf-analysis.c:230:6:tEnvPD_init	16	static
leaf-analysis.c:279:6:tEnvPD_free	0	static
leaf-analysis.c:286:7:tEnvPD_tick	0	static
leaf-analysis.c:292:6:tEnvPD_processBlock	24	static
leaf-analysis.c:338:6:tAttackDetection_init	48	static
leaf-analysis.c:343:6:tAttackDetection_initToPool	40	static
leaf-analysis.c:352:6:tAttackDetection_free	0	static
leaf-analysis.c:362:6:tAttackDetection_setBlocksize	0	static
leaf-analysis.c:374:6:tAttackDetection_setSamplerate	32	static
leaf-analysis.c:385:6:tAttackDetection_setThreshold	0	static
leaf-analysis.c:391:6:tAttackDetection_setAttack	8	static
leaf-analysis.c:398:6:tAttackDetection_setRelease	8	static
leaf-analysis.c:406:5:tAttackDetection_detect	16	static
leaf-analysis.c:488:9:tSNAC_initToPool	40	static
leaf-analysis.c:483:6:tSNAC_init	0	static
leaf-analysis.c:511:6:tSNAC_free	8	static
leaf-analysis.c:527:6:tSNAC_ioSamples	88	static
leaf-analysis.c:549:6:tSNAC_setOverlap	0	static
leaf-analysis.c:557:6:tSNAC_setBias	32	static
leaf-analysis.c:568:6:tSNAC_setMinRMS	0	static
leaf-analysis.c:578:7:tSNAC_getPeriod	0	static
leaf-analysis.c:585:7:tSNAC_getFidelity	0	static
leaf-analysis.c:834:6:tPeriodDetection_init	56	static
leaf-analysis.c:839:6:tPeriodDetection_initToPool	56	static
leaf-analysis.c:870:6:tPeriodDetection_free	16	static
leaf-analysis.c:879:7:tPeriodDetection_tick	32	static
leaf-analysis.c:917:7:tPeriodDetection_getPeriod	0	static
leaf-analysis.c:923:6:tPeriodDetection_setHopSize	0	static
leaf-analysis.c:929:6:tPeriodDetection_setWindowSize	0	static
leaf-analysis.c:935:6:tPeriodDetection_setFidelityThreshold	0	static
leaf-analysis.c:941:6:tPeriodDetection_setAlpha	8	static
leaf-analysis.c:947:6:tPeriodDetection_setTolerance	0	static
leaf-analysis.c:955:9:tZeroCrossing2_init	16	static
leaf-analysis.c:960:9:tZeroCrossing2_initToPool	16	static
leaf-analysis.c:971:9:tZeroCrossing2_free	0	static
leaf-analysis.c:978:9:tZeroCrossing2_updatePeak	0	static
leaf-analysis.c:987:9:tZeroCrossing2_period	0	static
leaf-analysis.c:995:9:tZeroCrossing2_fractionalPeriod	0	static
leaf-analysis.c:1017:9:tZeroCrossing2_getWidth	0	static
leaf-analysis.c:1024:9:tZeroCrossing2_isSimilar	0	static
leaf-analysis.c:1046:9:tZeroCrossings_initToPool	40	static
leaf-analysis.c:1041:9:tZeroCrossings_init	0	static
leaf-analysis.c:1076:9:tZeroCrossings_free	0	static
leaf-analysis.c:1083:9:tZeroCrossings_tick	16	static
leaf-analysis.c:1114:9:tZeroCrossings_getState	0	static
leaf-analysis.c:1121:22:tZeroCrossings_getCrossing	4	static
leaf-analysis.c:1129:9:tZeroCrossings_getNumEdges	0	static
leaf-analysis.c:1136:9:tZeroCrossings_getCapacity	0	static
leaf-analysis.c:1143:9:tZeroCrossings_getFrame	0	static
leaf-analysis.c:1150:9:tZeroCrossings_getWindowSize	0	static
leaf-analysis.c:1157:9:tZeroCrossings_isReady	0	static
leaf-analysis.c:1164:9:tZeroCrossings_getPeak	0	static
leaf-analysis.c:1171:9:tZeroCrossings_isReset	0	static
leaf-analysis.c:1261:9:tBitset_init	24	static
leaf-analysis.c:1266:9:tBitset_initToPool	24	static
leaf-analysis.c:1284:9:tBitset_free	8	static
leaf-analysis.c:1292:9:tBitset_get	4	static
leaf-analysis.c:1304:17:tBitset_getData	0	static
leaf-analysis.c:1311:10:tBitset_set	8	static
leaf-analysis.c:1323:10:tBitset_setMultiple	16	static
leaf-analysis.c:1394:9:tBitset_getSize	0	static
leaf-analysis.c:1401:9:tBitset_clear	0	static
leaf-analysis.c:1411:9:tBACF_init	16	static
leaf-analysis.c:1416:9:tBACF_initToPool	16	static
leaf-analysis.c:1426:9:tBACF_free	0	static
leaf-analysis.c:1433:8:tBACF_getCorrelation	32	static
leaf-analysis.c:1467:9:tBACF_set	0	static
leaf-analysis.c:1486:9:tPeriodDetector_init	40	static
leaf-analysis.c:1491:9:tPeriodDetector_initToPool	40	static
leaf-analysis.c:1514:9:tPeriodDetector_free	16	static
leaf-analysis.c:1525:7:tPeriodDetector_tick	24	static
leaf-analysis.c:1554:9:tPeriodDetector_getPeriod	0	static
leaf-analysis.c:1561:9:tPeriodDetector_getPeriodicity	0	static
leaf-analysis.c:1568:9:tPeriodDetector_harmonic	40	static
leaf-analysis.c:1588:9:tPeriodDetector_predictPeriod	32	static
leaf-analysis.c:1620:9:tPeriodDetector_isReady	0	static
leaf-analysis.c:1822:9:tPitchDetector_init	48	static
leaf-analysis.c:1827:9:tPitchDetector_initToPool	48	static
leaf-analysis.c:1838:9:tPitchDetector_free	16	static
leaf-analysis.c:1846:9:tPitchDetector_tick	56	static
leaf-analysis.c:1883:9:tPitchDetector_getFrequency	0	static
leaf-analysis.c:1890:9:tPitchDetector_getPeriodicity	0	static
leaf-analysis.c:1897:9:tPitchDetector_predictFrequency	40	static
leaf-analysis.c:1922:9:tPitchDetector_reset	0	static
