leaf-instruments.c:21:6:t808Cowbell_init	40	static
leaf-instruments.c:26:13:t808Cowbell_initToPool	40	static
leaf-instruments.c:57:13:t808Cowbell_free	8	static
leaf-instruments.c:73:6:t808Cowbell_on	16	static
leaf-instruments.c:83:7:t808Cowbell_tick	32	static
leaf-instruments.c:107:6:t808Cowbell_setDecay	0	static
leaf-instruments.c:113:6:t808Cowbell_setHighpassFreq	0	static
leaf-instruments.c:119:6:t808Cowbell_setBandpassFreq	0	static
leaf-instruments.c:125:6:t808Cowbell_setFreq	16	static
leaf-instruments.c:132:6:t808Cowbell_setOscMix	0	static
leaf-instruments.c:138:6:t808Cowbell_setStick	0	static
leaf-instruments.c:151:9:t808Hihat_initToPool	32	static
leaf-instruments.c:146:6:t808Hihat_init	0	static
leaf-instruments.c:186:9:t808Hihat_free	16	static
leaf-instruments.c:209:6:t808Hihat_on	16	static
leaf-instruments.c:216:6:t808Hihat_setOscNoiseMix	0	static
leaf-instruments.c:222:7:t808Hihat_tick	32	static
leaf-instruments.c:258:6:t808Hihat_setDecay	0	static
leaf-instruments.c:264:6:t808Hihat_setHighpassFreq	0	static
leaf-instruments.c:270:6:t808Hihat_setStretch	0	static
leaf-instruments.c:276:6:t808Hihat_setFM	0	static
leaf-instruments.c:282:6:t808Hihat_setOscBandpassFreq	0	static
leaf-instruments.c:288:6:t808Hihat_setOscBandpassQ	0	static
leaf-instruments.c:294:6:t808Hihat_setStickBandPassFreq	0	static
leaf-instruments.c:300:6:t808Hihat_setStickBandPassQ	0	static
leaf-instruments.c:306:6:t808Hihat_setOscFreq	0	static
leaf-instruments.c:319:9:t808Snare_initToPool	56	static
leaf-instruments.c:314:6:t808Snare_init	0	static
leaf-instruments.c:349:9:t808Snare_free	8	static
leaf-instruments.c:370:6:t808Snare_on	16	static
leaf-instruments.c:385:6:t808Snare_setTone1Freq	0	static
leaf-instruments.c:392:6:t808Snare_setTone2Freq	0	static
leaf-instruments.c:399:6:t808Snare_setTone1Decay	0	static
leaf-instruments.c:405:6:t808Snare_setTone2Decay	0	static
leaf-instruments.c:411:6:t808Snare_setNoiseDecay	0	static
leaf-instruments.c:417:6:t808Snare_setToneNoiseMix	0	static
leaf-instruments.c:423:6:t808Snare_setNoiseFilterFreq	0	static
leaf-instruments.c:429:6:t808Snare_setNoiseFilterQ	0	static
leaf-instruments.c:437:7:t808Snare_tick	40	static
leaf-instruments.c:461:6:t808Kick_init	32	static
leaf-instruments.c:466:6:t808Kick_initToPool	32	static
leaf-instruments.c:486:9:t808Kick_free	8	static
leaf-instruments.c:501:13:t808Kick_tick	32	static
leaf-instruments.c:513:13:t808Kick_on	16	static
leaf-instruments.c:522:13:t808Kick_setToneFreq	0	static
leaf-instruments.c:529:13:t808Kick_setToneDecay	16	static
