leaf-electrical.c:273:14:get_port_resistance_for_resistor	0	static
leaf-electrical.c:283:14:get_port_resistance_for_capacitor	0	static
leaf-electrical.c:293:14:get_port_resistance_for_inductor	0	static
leaf-electrical.c:313:14:get_port_resistance_for_inverter	8	static
leaf-electrical.c:323:14:get_port_resistance_for_series	8	static
leaf-electrical.c:338:14:get_port_resistance_for_parallel	8	static
leaf-electrical.c:353:14:get_port_resistance_for_root	8	static
leaf-electrical.c:370:13:set_incident_wave_for_leaf	0	static
leaf-electrical.c:376:13:set_incident_wave_for_leaf_inverted	0	static
leaf-electrical.c:382:13:set_incident_wave_for_inverter	0	static
leaf-electrical.c:389:13:set_incident_wave_for_series	32	static
leaf-electrical.c:408:13:set_incident_wave_for_parallel	40	static
leaf-electrical.c:426:14:get_reflected_wave_for_resistor	0	static
leaf-electrical.c:433:14:get_reflected_wave_for_capacitor	0	static
leaf-electrical.c:440:14:get_reflected_wave_for_resistive	0	static
leaf-electrical.c:447:14:get_reflected_wave_for_inverter	8	static
leaf-electrical.c:454:14:get_reflected_wave_for_series	16	static
leaf-electrical.c:462:14:get_reflected_wave_for_parallel	32	static
leaf-electrical.c:473:14:get_reflected_wave_for_ideal	0	static
leaf-electrical.c:531:14:get_reflected_wave_for_diode_pair	32	static
leaf-electrical.c:303:14:get_port_resistance_for_resistive	0	static
leaf-electrical.c:522:14:get_reflected_wave_for_diode	24	static
leaf-electrical.c:167:6:tWDF_init	40	static
leaf-electrical.c:172:9:tWDF_initToPool	32	static
leaf-electrical.c:180:9:tWDF_free	0	static
leaf-electrical.c:187:7:tWDF_tick	32	static
leaf-electrical.c:214:6:tWDF_setValue	0	static
leaf-electrical.c:220:6:tWDF_setSampleRate	0	static
leaf-electrical.c:226:9:tWDF_isLeaf	0	static
leaf-electrical.c:233:7:tWDF_getPortResistance	0	static
leaf-electrical.c:239:6:tWDF_setIncidentWave	0	static
leaf-electrical.c:245:7:tWDF_getReflectedWaveUp	0	static
leaf-electrical.c:251:7:tWDF_getReflectedWaveDown	0	static
leaf-electrical.c:257:7:tWDF_getVoltage	0	static
leaf-electrical.c:263:7:tWDF_getCurrent	0	static
