leaf-math.c:28:7:log2f_approx	16	static
leaf-math.c:43:7:interpolate3max	0	static
leaf-math.c:55:7:interpolate3phase	0	static
leaf-math.c:69:7:fastcosf	0	static
leaf-math.c:86:7:fastercosf	0	static
leaf-math.c:101:5:fastabs_int	0	static
leaf-math.c:112:14:fastabsf	0	static
leaf-math.c:125:8:fastexp	0	static
leaf-math.c:133:14:fastexpf	0	static
leaf-math.c:141:8:fasterexp	0	static
leaf-math.c:148:14:fasterexpf	0	static
leaf-math.c:157:7:fastexp2f	0	static
leaf-math.c:187:7:fastPowf	0	static
leaf-math.c:199:8:fastPow	0	static
leaf-math.c:222:6:LEAF_crossfade	0	static
leaf-math.c:228:7:LEAF_chebyshevT	160	static
leaf-math.c:235:7:LEAF_CompoundChebyshevT	24	dynamic
leaf-math.c:251:7:LEAF_frequencyToMidi	8	static
leaf-math.c:257:7:LEAF_shaper	0	static
leaf-math.c:273:7:LEAF_round	0	static
leaf-math.c:286:7:LEAF_bitwise_xor	0	static
leaf-math.c:295:7:LEAF_reedTable	0	static
leaf-math.c:303:9:LEAF_softClip	0	static
leaf-math.c:323:9:LEAF_clip	0	static
leaf-math.c:346:7:LEAF_clipInt	0	static
leaf-math.c:364:9:LEAF_isPrime	24	static
leaf-math.c:376:7:LEAF_tanh	0	static
leaf-math.c:388:6:LEAF_generate_sine	24	static
leaf-math.c:398:6:LEAF_generate_sawtooth	72	static
leaf-math.c:420:6:LEAF_generate_triangle	72	static
leaf-math.c:449:6:LEAF_generate_square	72	static
leaf-math.c:473:6:LEAF_generate_exp	32	static
leaf-math.c:484:6:LEAF_generate_atodb	32	static
leaf-math.c:496:6:LEAF_generate_atodbPositiveClipped	48	static
leaf-math.c:514:7:LEAF_poly_blep	0	static
leaf-math.c:567:7:LEAF_midiToFrequency	8	static
leaf-math.c:576:7:LEAF_interpolate_hermite	0	static
leaf-math.c:592:7:LEAF_interpolate_hermite_x	0	static
leaf-math.c:605:7:LEAF_interpolation_linear	0	static
leaf-math.c:621:7:mtof	8	static
leaf-math.c:628:7:fast_mtof	0	static
leaf-math.c:633:7:faster_mtof	0	static
leaf-math.c:638:7:ftom	8	static
leaf-math.c:643:7:powtodb	16	static
leaf-math.c:653:7:rmstodb	16	static
leaf-math.c:663:7:dbtopow	0	static
leaf-math.c:675:7:dbtorms	0	static
leaf-math.c:688:7:atodb	8	static
leaf-math.c:693:7:dbtoa	0	static
leaf-math.c:700:7:fastdbtoa	0	static
leaf-math.c:706:7:fasterdbtoa	0	static
leaf-math.c:713:7:maximum	0	static
leaf-math.c:718:7:minimum	0	static
leaf-math.c:727:5:popcount	0	static
leaf-math.c:735:7:median3f	0	static
