leaf-effects.c:70:6:tTalkbox_free	8	static
leaf-effects.c:86:6:tTalkbox_update	32	static
leaf-effects.c:40:6:tTalkbox_initToPool	32	static
leaf-effects.c:35:6:tTalkbox_init	0	static
leaf-effects.c:115:6:tTalkbox_suspend	4	static
leaf-effects.c:138:6:tTalkbox_warpedAutocorrelate	28	static
leaf-effects.c:176:6:tTalkbox_lpcDurbin	336	static
leaf-effects.c:258:6:tTalkbox_lpc	336	static
leaf-effects.c:209:7:tTalkbox_tick	64	static
leaf-effects.c:316:6:tTalkbox_setQuality	0	static
leaf-effects.c:327:6:tTalkbox_setWarpFactor	0	static
leaf-effects.c:334:6:tTalkbox_setWarpOn	0	static
leaf-effects.c:341:6:tTalkbox_setFreeze	0	static
leaf-effects.c:396:6:tTalkboxFloat_free	8	static
leaf-effects.c:412:6:tTalkboxFloat_update	32	static
leaf-effects.c:366:6:tTalkboxFloat_initToPool	32	static
leaf-effects.c:361:6:tTalkboxFloat_init	0	static
leaf-effects.c:441:6:tTalkboxFloat_suspend	4	static
leaf-effects.c:464:6:tTalkboxFloat_warpedAutocorrelate	28	static
leaf-effects.c:502:6:tTalkboxFloat_lpcDurbin	0	static
leaf-effects.c:585:6:tTalkboxFloat_lpc	336	static
leaf-effects.c:536:7:tTalkboxFloat_tick	64	static
leaf-effects.c:643:6:tTalkboxFloat_setQuality	0	static
leaf-effects.c:654:6:tTalkboxFloat_setWarpFactor	0	static
leaf-effects.c:661:6:tTalkboxFloat_setWarpOn	0	static
leaf-effects.c:668:6:tTalkboxFloat_setFreeze	0	static
leaf-effects.c:703:6:tVocoder_free	0	static
leaf-effects.c:710:13:tVocoder_update	64	static
leaf-effects.c:685:6:tVocoder_initToPool	16	static
leaf-effects.c:680:6:tVocoder_init	16	static
leaf-effects.c:794:13:tVocoder_tick	16	static
leaf-effects.c:861:13:tVocoder_suspend	4	static
leaf-effects.c:875:6:tRosenbergGlottalPulse_init	16	static
leaf-effects.c:880:6:tRosenbergGlottalPulse_initToPool	16	static
leaf-effects.c:894:6:tRosenbergGlottalPulse_free	0	static
leaf-effects.c:900:9:tRosenbergGlottalPulse_tick	8	static
leaf-effects.c:929:9:tRosenbergGlottalPulse_tickHQ	8	static
leaf-effects.c:957:8:tRosenbergGlottalPulse_setFreq	0	static
leaf-effects.c:964:8:tRosenbergGlottalPulse_setOpenLength	0	static
leaf-effects.c:971:8:tRosenbergGlottalPulse_setPulseLength	0	static
leaf-effects.c:978:8:tRosenbergGlottalPulse_setOpenLengthAndPulseLength	0	static
leaf-effects.c:1005:6:tSOLAD_init	16	static
leaf-effects.c:1010:6:tSOLAD_initToPool	16	static
leaf-effects.c:1022:6:tSOLAD_free	8	static
leaf-effects.c:1031:6:tSOLAD_ioSamples	24	static
leaf-effects.c:1049:6:tSOLAD_setPeriod	0	static
leaf-effects.c:1058:6:tSOLAD_setPitchFactor	0	static
leaf-effects.c:1067:6:tSOLAD_setReadLag	0	static
leaf-effects.c:1082:6:tSOLAD_resetState	8	static
leaf-effects.c:1360:6:tPitchShift_init	40	static
leaf-effects.c:1365:6:tPitchShift_initToPool	40	static
leaf-effects.c:1391:6:tPitchShift_free	16	static
leaf-effects.c:1400:6:tPitchShift_setPitchFactor	0	static
leaf-effects.c:1407:7:tPitchShift_shift	32	static
leaf-effects.c:1439:7:tPitchShift_shiftToFreq	40	static
leaf-effects.c:1474:7:tPitchShift_shiftToFunc	40	static
leaf-effects.c:1522:6:tRetune_initToPool	64	static
leaf-effects.c:1517:6:tRetune_init	16	static
leaf-effects.c:1558:6:tRetune_free	24	static
leaf-effects.c:1576:8:tRetune_tick	56	static
leaf-effects.c:1590:6:tRetune_setNumVoices	40	static
leaf-effects.c:1602:6:tRetune_setPitchFactors	4	static
leaf-effects.c:1613:6:tRetune_setPitchFactor	4	static
leaf-effects.c:1621:6:tRetune_setTimeConstant	8	static
leaf-effects.c:1629:6:tRetune_setHopSize	0	static
leaf-effects.c:1637:6:tRetune_setWindowSize	0	static
leaf-effects.c:1645:6:tRetune_setFidelityThreshold	0	static
leaf-effects.c:1652:7:tRetune_getInputPeriod	0	static
leaf-effects.c:1659:7:tRetune_getInputFreq	0	static
leaf-effects.c:1675:6:tAutotune_initToPool	64	static
leaf-effects.c:1670:6:tAutotune_init	16	static
leaf-effects.c:1712:6:tAutotune_free	24	static
leaf-effects.c:1730:8:tAutotune_tick	64	static
leaf-effects.c:1748:6:tAutotune_setNumVoices	40	static
leaf-effects.c:1760:6:tAutotune_setFreqs	0	static
leaf-effects.c:1770:6:tAutotune_setFreq	0	static
leaf-effects.c:1777:6:tAutotune_setTimeConstant	8	static
leaf-effects.c:1785:6:tAutotune_setHopSize	0	static
leaf-effects.c:1793:6:tAutotune_setWindowSize	0	static
leaf-effects.c:1801:6:tAutotune_setFidelityThreshold	0	static
leaf-effects.c:1808:10:tAutotune_setAlpha	0	static
leaf-effects.c:1814:10:tAutotune_setTolerance	0	static
leaf-effects.c:1820:7:tAutotune_getInputPeriod	0	static
leaf-effects.c:1827:7:tAutotune_getInputFreq	0	static
leaf-effects.c:1844:6:tFormantShifter_initToPool	56	static
leaf-effects.c:1839:6:tFormantShifter_init	0	static
leaf-effects.c:1879:6:tFormantShifter_free	8	static
leaf-effects.c:1904:7:tFormantShifter_remove	8	static
leaf-effects.c:1943:7:tFormantShifter_add	32	static
leaf-effects.c:1899:7:tFormantShifter_tick	8	static
leaf-effects.c:2041:6:tFormantShifter_setShiftFactor	0	static
leaf-effects.c:2047:6:tFormantShifter_setIntensity	8	static
