leaf-filters.c:24:9:tAllpass_init	32	static
leaf-filters.c:29:9:tAllpass_initToPool	32	static
leaf-filters.c:42:9:tAllpass_free	8	static
leaf-filters.c:50:9:tAllpass_setDelay	0	static
leaf-filters.c:57:9:tAllpass_setGain	0	static
leaf-filters.c:64:9:tAllpass_tick	16	static
leaf-filters.c:78:9:tOnePole_init	40	static
leaf-filters.c:83:9:tOnePole_initToPool	24	static
leaf-filters.c:98:9:tOnePole_free	0	static
leaf-filters.c:105:9:tOnePole_setB0	0	static
leaf-filters.c:111:9:tOnePole_setA1	0	static
leaf-filters.c:118:9:tOnePole_setPole	0	static
leaf-filters.c:131:13:tOnePole_setFreq	8	static
leaf-filters.c:139:9:tOnePole_setCoefficients	0	static
leaf-filters.c:147:9:tOnePole_setGain	0	static
leaf-filters.c:153:9:tOnePole_tick	0	static
leaf-filters.c:167:9:tTwoPole_init	16	static
leaf-filters.c:172:9:tTwoPole_initToPool	16	static
leaf-filters.c:186:9:tTwoPole_free	0	static
leaf-filters.c:193:9:tTwoPole_tick	0	static
leaf-filters.c:206:9:tTwoPole_setB0	0	static
leaf-filters.c:212:9:tTwoPole_setA1	0	static
leaf-filters.c:218:9:tTwoPole_setA2	0	static
leaf-filters.c:225:9:tTwoPole_setResonance	32	static
leaf-filters.c:250:9:tTwoPole_setCoefficients	0	static
leaf-filters.c:258:9:tTwoPole_setGain	0	static
leaf-filters.c:264:10:tTwoPoleSampleRateChanged	32	static
leaf-filters.c:281:9:tOneZero_init	24	static
leaf-filters.c:286:9:tOneZero_initToPool	24	static
leaf-filters.c:298:9:tOneZero_free	0	static
leaf-filters.c:305:9:tOneZero_tick	0	static
leaf-filters.c:317:9:tOneZero_setZero	0	static
leaf-filters.c:328:9:tOneZero_setB0	0	static
leaf-filters.c:335:9:tOneZero_setB1	0	static
leaf-filters.c:341:9:tOneZero_setCoefficients	0	static
leaf-filters.c:348:9:tOneZero_setGain	0	static
leaf-filters.c:354:9:tOneZero_getPhaseDelay	24	static
leaf-filters.c:385:9:tTwoZero_init	16	static
leaf-filters.c:390:9:tTwoZero_initToPool	16	static
leaf-filters.c:401:9:tTwoZero_free	0	static
leaf-filters.c:408:9:tTwoZero_tick	0	static
leaf-filters.c:421:9:tTwoZero_setNotch	16	static
leaf-filters.c:445:9:tTwoZero_setB0	0	static
leaf-filters.c:451:9:tTwoZero_setB1	0	static
leaf-filters.c:457:9:tTwoZero_setCoefficients	0	static
leaf-filters.c:465:9:tTwoZero_setGain	0	static
leaf-filters.c:471:6:tTwoZeroSampleRateChanged	16	static
leaf-filters.c:479:8:tPoleZero_init	16	static
leaf-filters.c:484:9:tPoleZero_initToPool	16	static
leaf-filters.c:498:9:tPoleZero_free	0	static
leaf-filters.c:505:9:tPoleZero_setB0	0	static
leaf-filters.c:511:9:tPoleZero_setB1	0	static
leaf-filters.c:517:9:tPoleZero_setA1	0	static
leaf-filters.c:529:9:tPoleZero_setCoefficients	0	static
leaf-filters.c:543:9:tPoleZero_setAllpass	0	static
leaf-filters.c:558:9:tPoleZero_setBlockZero	0	static
leaf-filters.c:573:9:tPoleZero_setGain	0	static
leaf-filters.c:579:9:tPoleZero_tick	0	static
leaf-filters.c:593:9:tBiQuad_init	16	static
leaf-filters.c:598:9:tBiQuad_initToPool	16	static
leaf-filters.c:615:9:tBiQuad_free	0	static
leaf-filters.c:622:9:tBiQuad_tick	0	static
leaf-filters.c:639:9:tBiQuad_setResonance	32	static
leaf-filters.c:663:9:tBiQuad_setNotch	16	static
leaf-filters.c:677:6:tBiQuad_setEqualGainZeros	4	static
leaf-filters.c:685:9:tBiQuad_setB0	0	static
leaf-filters.c:691:9:tBiQuad_setB1	0	static
leaf-filters.c:697:9:tBiQuad_setB2	0	static
leaf-filters.c:703:9:tBiQuad_setA1	0	static
leaf-filters.c:709:9:tBiQuad_setA2	0	static
leaf-filters.c:715:9:tBiQuad_setCoefficients	0	static
leaf-filters.c:725:9:tBiQuad_setGain	0	static
leaf-filters.c:731:9:tBiQuadSampleRateChanged	16	static
leaf-filters.c:747:6:tSVF_init	40	static
leaf-filters.c:758:9:tSVF_initToPool	32	static
leaf-filters.c:820:9:tSVF_free	0	static
leaf-filters.c:827:9:tSVF_tick	0	static
leaf-filters.c:841:10:tSVF_setFreq	8	static
leaf-filters.c:851:10:tSVF_setQ	0	static
leaf-filters.c:862:9:tSVF_setFreqAndQ	16	static
leaf-filters.c:873:8:tEfficientSVF_init	32	static
leaf-filters.c:878:9:tEfficientSVF_initToPool	32	static
leaf-filters.c:896:9:tEfficientSVF_free	0	static
leaf-filters.c:903:9:tEfficientSVF_tick	0	static
leaf-filters.c:923:10:tEfficientSVF_setFreq	0	static
leaf-filters.c:933:10:tEfficientSVF_setQ	0	static
leaf-filters.c:944:9:tHighpass_init	24	static
leaf-filters.c:949:9:tHighpass_initToPool	24	static
leaf-filters.c:962:9:tHighpass_free	0	static
leaf-filters.c:969:10:tHighpass_setFreq	0	static
leaf-filters.c:977:11:tHighpass_getFreq	0	static
leaf-filters.c:984:9:tHighpass_tick	0	static
leaf-filters.c:992:6:tHighpassSampleRateChanged	0	static
leaf-filters.c:1003:9:tButterworth_initToPool	80	static
leaf-filters.c:998:6:tButterworth_init	0	static
leaf-filters.c:1024:9:tButterworth_free	24	static
leaf-filters.c:1037:7:tButterworth_tick	4	static
leaf-filters.c:1049:6:tButterworth_setF1	16	static
leaf-filters.c:1057:6:tButterworth_setF2	16	static
leaf-filters.c:1065:6:tButterworth_setFreqs	24	static
leaf-filters.c:1078:6:tFIR_init	24	static
leaf-filters.c:1083:9:tFIR_initToPool	24	static
leaf-filters.c:1095:9:tFIR_free	8	static
leaf-filters.c:1103:7:tFIR_tick	4	static
leaf-filters.c:1120:9:tMedianFilter_init	24	static
leaf-filters.c:1125:9:tMedianFilter_initToPool	24	static
leaf-filters.c:1144:9:tMedianFilter_free	8	static
leaf-filters.c:1153:9:tMedianFilter_tick	12	static
leaf-filters.c:1194:9:tVZFilter_init	40	static
leaf-filters.c:1199:9:tVZFilter_initToPool	32	static
leaf-filters.c:1218:9:tVZFilter_free	0	static
leaf-filters.c:1224:7:tVZFilter_setSampleRate	0	static
leaf-filters.c:1231:9:tVZFilter_tick	32	static
leaf-filters.c:1262:9:tVZFilter_tickEfficient	0	static
leaf-filters.c:1293:9:tVZFilter_tickEfficientBP	0	static
leaf-filters.c:1325:8:tVZFilter_calcCoeffs	32	static
leaf-filters.c:1431:8:tVZFilter_setBandwidth	32	static
leaf-filters.c:1437:8:tVZFilter_setFreq	32	static
leaf-filters.c:1443:8:tVZFilter_setFreqAndBandwidth	32	static
leaf-filters.c:1451:8:tVZFilter_setGain	32	static
leaf-filters.c:1459:8:tVZFilter_setMorph	32	static
leaf-filters.c:1466:6:tVZFilter_setType	32	static
leaf-filters.c:1473:7:tVZFilter_BandwidthToR	8	static
leaf-filters.c:1486:9:tDiodeFilter_init	32	static
leaf-filters.c:1491:9:tDiodeFilter_initToPool	24	static
leaf-filters.c:1513:9:tDiodeFilter_free	0	static
leaf-filters.c:1519:7:tanhXdX	0	static
leaf-filters.c:1526:9:tDiodeFilter_tick	48	static
leaf-filters.c:1603:9:tDiodeFilter_setFreq	8	static
leaf-filters.c:1610:9:tDiodeFilter_setQ	8	static
