leaf-dynamics.c:44:6:tCompressor_init	16	static
leaf-dynamics.c:49:6:tCompressor_initToPool	16	static
leaf-dynamics.c:66:6:tCompressor_free	0	static
leaf-dynamics.c:73:7:tCompressor_tick	32	static
leaf-dynamics.c:124:6:tFeedbackLeveler_init	40	static
leaf-dynamics.c:129:6:tFeedbackLeveler_initToPool	40	static
leaf-dynamics.c:142:6:tFeedbackLeveler_free	8	static
leaf-dynamics.c:150:10:tFeedbackLeveler_setStrength	0	static
leaf-dynamics.c:157:10:tFeedbackLeveler_setFactor	0	static
leaf-dynamics.c:163:10:tFeedbackLeveler_setMode	0	static
leaf-dynamics.c:169:9:tFeedbackLeveler_tick	16	static
leaf-dynamics.c:178:9:tFeedbackLeveler_sample	0	static
leaf-dynamics.c:185:10:tFeedbackLeveler_setTargetLevel	0	static
leaf-dynamics.c:193:6:tThreshold_init	24	static
leaf-dynamics.c:198:6:tThreshold_initToPool	24	static
leaf-dynamics.c:210:6:tThreshold_free	0	static
leaf-dynamics.c:217:5:tThreshold_tick	0	static
leaf-dynamics.c:233:6:tThreshold_setLow	0	static
leaf-dynamics.c:240:6:tThreshold_setHigh	0	static
