leaf-envelopes.c:27:9:tEnvelope_init	24	static
leaf-envelopes.c:32:9:tEnvelope_initToPool	24	static
leaf-envelopes.c:74:9:tEnvelope_free	0	static
leaf-envelopes.c:80:10:tEnvelope_setAttack	0	static
leaf-envelopes.c:97:10:tEnvelope_setDecay	0	static
leaf-envelopes.c:114:10:tEnvelope_loop	0	static
leaf-envelopes.c:121:10:tEnvelope_on	0	static
leaf-envelopes.c:143:9:tEnvelope_tick	4	static
leaf-envelopes.c:218:9:tADSR_init	40	static
leaf-envelopes.c:223:9:tADSR_initToPool	32	static
leaf-envelopes.c:285:9:tADSR_free	0	static
leaf-envelopes.c:291:10:tADSR_setAttack	0	static
leaf-envelopes.c:308:10:tADSR_setDecay	0	static
leaf-envelopes.c:325:10:tADSR_setSustain	0	static
leaf-envelopes.c:334:10:tADSR_setRelease	0	static
leaf-envelopes.c:352:10:tADSR_setLeakFactor	0	static
leaf-envelopes.c:360:6:tADSR_on	0	static
leaf-envelopes.c:384:6:tADSR_off	0	static
leaf-envelopes.c:398:9:tADSR_tick	4	static
leaf-envelopes.c:501:9:tADSR2_init	48	static
leaf-envelopes.c:506:9:tADSR2_initToPool	40	static
leaf-envelopes.c:537:9:tADSR2_free	0	static
leaf-envelopes.c:543:10:tADSR2_setAttack	24	static
leaf-envelopes.c:551:10:tADSR2_setDecay	24	static
leaf-envelopes.c:559:10:tADSR2_setSustain	0	static
leaf-envelopes.c:573:10:tADSR2_setRelease	24	static
leaf-envelopes.c:581:10:tADSR2_setLeakFactor	0	static
leaf-envelopes.c:588:6:tADSR2_on	4	static
leaf-envelopes.c:598:6:tADSR2_off	0	static
leaf-envelopes.c:605:9:tADSR2_tick	0	static
leaf-envelopes.c:647:7:calcADSR3Coef	16	static
leaf-envelopes.c:653:9:tADSR3_init	72	static
leaf-envelopes.c:658:9:tADSR3_initToPool	72	static
leaf-envelopes.c:691:9:tADSR3_free	0	static
leaf-envelopes.c:697:10:tADSR3_setAttack	16	static
leaf-envelopes.c:706:10:tADSR3_setDecay	16	static
leaf-envelopes.c:715:10:tADSR3_setSustain	0	static
leaf-envelopes.c:723:10:tADSR3_setRelease	16	static
leaf-envelopes.c:733:10:tADSR3_setLeakFactor	0	static
leaf-envelopes.c:740:6:tADSR3_on	0	static
leaf-envelopes.c:747:6:tADSR3_off	0	static
leaf-envelopes.c:757:9:tADSR3_tick	0	static
leaf-envelopes.c:797:9:tADSR4_init	40	static
leaf-envelopes.c:804:9:tADSR4_initToPool	40	static
leaf-envelopes.c:844:9:tADSR4_free	0	static
leaf-envelopes.c:850:10:tADSR4_setAttack	0	static
leaf-envelopes.c:862:10:tADSR4_setDecay	0	static
leaf-envelopes.c:873:10:tADSR4_setSustain	0	static
leaf-envelopes.c:882:10:tADSR4_setRelease	0	static
leaf-envelopes.c:894:10:tADSR4_setLeakFactor	0	static
leaf-envelopes.c:902:6:tADSR4_on	0	static
leaf-envelopes.c:923:6:tADSR4_off	0	static
leaf-envelopes.c:938:9:tADSR4_tick	16	static
leaf-envelopes.c:1063:9:tADSR4_tickNoInterp	0	static
leaf-envelopes.c:1145:9:tRamp_init	32	static
leaf-envelopes.c:1150:9:tRamp_initToPool	24	static
leaf-envelopes.c:1174:9:tRamp_free	0	static
leaf-envelopes.c:1181:10:tRamp_setTime	0	static
leaf-envelopes.c:1198:10:tRamp_setDest	0	static
leaf-envelopes.c:1205:10:tRamp_setVal	0	static
leaf-envelopes.c:1212:9:tRamp_tick	0	static
leaf-envelopes.c:1227:9:tRamp_sample	0	static
leaf-envelopes.c:1233:9:tRampSampleRateChanged	0	static
leaf-envelopes.c:1244:9:tRampUpDown_init	32	static
leaf-envelopes.c:1249:9:tRampUpDown_initToPool	24	static
leaf-envelopes.c:1283:9:tRampUpDown_free	0	static
leaf-envelopes.c:1290:10:tRampUpDown_setUpTime	0	static
leaf-envelopes.c:1306:10:tRampUpDown_setDownTime	0	static
leaf-envelopes.c:1321:10:tRampUpDown_setDest	0	static
leaf-envelopes.c:1329:10:tRampUpDown_setVal	0	static
leaf-envelopes.c:1337:9:tRampUpDown_tick	0	static
leaf-envelopes.c:1371:9:tRampUpDown_sample	0	static
leaf-envelopes.c:1383:9:tExpSmooth_init	24	static
leaf-envelopes.c:1388:9:tExpSmooth_initToPool	24	static
leaf-envelopes.c:1402:9:tExpSmooth_free	0	static
leaf-envelopes.c:1409:10:tExpSmooth_setFactor	0	static
leaf-envelopes.c:1421:10:tExpSmooth_setDest	0	static
leaf-envelopes.c:1427:10:tExpSmooth_setVal	0	static
leaf-envelopes.c:1433:10:tExpSmooth_setValAndDest	0	static
leaf-envelopes.c:1440:9:tExpSmooth_tick	0	static
leaf-envelopes.c:1447:9:tExpSmooth_sample	0	static
leaf-envelopes.c:1456:9:tSlide_init	24	static
leaf-envelopes.c:1461:9:tSlide_initToPool	24	static
leaf-envelopes.c:1484:9:tSlide_free	0	static
leaf-envelopes.c:1491:6:tSlide_setUpSlide	0	static
leaf-envelopes.c:1497:6:tSlide_setDownSlide	0	static
leaf-envelopes.c:1503:6:tSlide_setDest	0	static
leaf-envelopes.c:1509:7:tSlide_tickNoInput	0	static
leaf-envelopes.c:1531:7:tSlide_tick	0	static
