leaf-oscillators.c:20:9:tTable_init	24	static
leaf-oscillators.c:25:9:tTable_initToPool	24	static
leaf-oscillators.c:37:9:tTable_free	0	static
leaf-oscillators.c:44:10:tTable_setFreq	0	static
leaf-oscillators.c:52:9:tTable_tick	4	static
leaf-oscillators.c:79:10:tTableSampleRateChanged	0	static
leaf-oscillators.c:87:9:tCycle_init	16	static
leaf-oscillators.c:92:9:tCycle_initToPool	16	static
leaf-oscillators.c:102:9:tCycle_free	0	static
leaf-oscillators.c:109:10:tCycle_setFreq	0	static
leaf-oscillators.c:119:9:tCycle_tick	0	static
leaf-oscillators.c:145:10:tCycleSampleRateChanged	0	static
leaf-oscillators.c:154:8:tTriangle_init	16	static
leaf-oscillators.c:159:9:tTriangle_initToPool	16	static
leaf-oscillators.c:170:9:tTriangle_free	0	static
leaf-oscillators.c:177:6:tTriangle_setFreq	0	static
leaf-oscillators.c:194:9:tTriangle_tick	4	static
leaf-oscillators.c:214:10:tTriangleSampleRateChanged	0	static
leaf-oscillators.c:223:8:tSquare_init	16	static
leaf-oscillators.c:228:9:tSquare_initToPool	16	static
leaf-oscillators.c:239:9:tSquare_free	0	static
leaf-oscillators.c:246:9:tSquare_setFreq	0	static
leaf-oscillators.c:262:9:tSquare_tick	4	static
leaf-oscillators.c:282:10:tSquareSampleRateChanged	0	static
leaf-oscillators.c:291:9:tSawtooth_init	16	static
leaf-oscillators.c:296:9:tSawtooth_initToPool	16	static
leaf-oscillators.c:307:9:tSawtooth_free	0	static
leaf-oscillators.c:314:9:tSawtooth_setFreq	0	static
leaf-oscillators.c:330:9:tSawtooth_tick	4	static
leaf-oscillators.c:350:10:tSawtoothSampleRateChanged	0	static
leaf-oscillators.c:360:9:tTri_init	16	static
leaf-oscillators.c:365:9:tTri_initToPool	16	static
leaf-oscillators.c:377:9:tTri_free	0	static
leaf-oscillators.c:384:9:tTri_tick	24	static
leaf-oscillators.c:417:9:tTri_setFreq	0	static
leaf-oscillators.c:425:9:tTri_setSkew	0	static
leaf-oscillators.c:435:9:tPulse_init	16	static
leaf-oscillators.c:440:9:tPulse_initToPool	16	static
leaf-oscillators.c:451:9:tPulse_free	0	static
leaf-oscillators.c:458:9:tPulse_tick	16	static
leaf-oscillators.c:477:9:tPulse_setFreq	0	static
leaf-oscillators.c:485:9:tPulse_setWidth	0	static
leaf-oscillators.c:495:9:tSaw_init	16	static
leaf-oscillators.c:500:9:tSaw_initToPool	16	static
leaf-oscillators.c:510:9:tSaw_free	0	static
leaf-oscillators.c:517:9:tSaw_tick	16	static
leaf-oscillators.c:533:9:tSaw_setFreq	0	static
leaf-oscillators.c:544:10:tPhasorSampleRateChanged	0	static
leaf-oscillators.c:551:9:tPhasor_init	16	static
leaf-oscillators.c:556:9:tPhasor_initToPool	16	static
leaf-oscillators.c:567:9:tPhasor_free	0	static
leaf-oscillators.c:574:9:tPhasor_setFreq	0	static
leaf-oscillators.c:583:9:tPhasor_tick	0	static
leaf-oscillators.c:601:9:tNoise_init	24	static
leaf-oscillators.c:606:9:tNoise_initToPool	16	static
leaf-oscillators.c:616:9:tNoise_free	0	static
leaf-oscillators.c:623:9:tNoise_tick	8	static
leaf-oscillators.c:647:10:tNeuronSampleRateChanged	0	static
leaf-oscillators.c:652:9:tNeuron_init	24	static
leaf-oscillators.c:657:9:tNeuron_initToPool	24	static
leaf-oscillators.c:690:9:tNeuron_free	8	static
leaf-oscillators.c:698:8:tNeuron_reset	16	static
leaf-oscillators.c:727:13:tNeuron_setV1	0	static
leaf-oscillators.c:734:13:tNeuron_setV2	0	static
leaf-oscillators.c:740:13:tNeuron_setV3	0	static
leaf-oscillators.c:746:13:tNeuron_setTimeStep	0	static
leaf-oscillators.c:752:13:tNeuron_setK	0	static
leaf-oscillators.c:758:13:tNeuron_setL	0	static
leaf-oscillators.c:765:13:tNeuron_setN	0	static
leaf-oscillators.c:771:13:tNeuron_setC	0	static
leaf-oscillators.c:778:9:tNeuron_tick	32	static
leaf-oscillators.c:854:13:tNeuron_setMode	0	static
leaf-oscillators.c:860:13:tNeuron_setCurrent	0	static
leaf-oscillators.c:916:6:tMBPulse_init	24	static
leaf-oscillators.c:921:6:tMBPulse_initToPool	24	static
leaf-oscillators.c:937:6:tMBPulse_free	0	static
leaf-oscillators.c:943:7:tMBPulse_tick	48	static
leaf-oscillators.c:1102:6:tMBPulse_setFreq	0	static
leaf-oscillators.c:1108:6:tMBPulse_setWidth	0	static
leaf-oscillators.c:1114:6:tMBPulse_syncIn	0	static
leaf-oscillators.c:1120:7:tMBPulse_syncOut	0	static
leaf-oscillators.c:1128:6:tMBTriangle_init	16	static
leaf-oscillators.c:1133:6:tMBTriangle_initToPool	16	static
leaf-oscillators.c:1149:6:tMBTriangle_free	0	static
leaf-oscillators.c:1155:7:tMBTriangle_tick	56	static
leaf-oscillators.c:1312:6:tMBTriangle_setFreq	0	static
leaf-oscillators.c:1318:6:tMBTriangle_setWidth	0	static
leaf-oscillators.c:1324:6:tMBTriangle_syncIn	0	static
leaf-oscillators.c:1330:7:tMBTriangle_syncOut	0	static
leaf-oscillators.c:1339:6:tMBSaw_init	24	static
leaf-oscillators.c:1344:6:tMBSaw_initToPool	24	static
leaf-oscillators.c:1359:6:tMBSaw_free	0	static
leaf-oscillators.c:1365:7:tMBSaw_tick	40	static
leaf-oscillators.c:1448:6:tMBSaw_setFreq	0	static
leaf-oscillators.c:1454:6:tMBSaw_syncIn	0	static
leaf-oscillators.c:1460:7:tMBSaw_syncOut	0	static
